******************************************************************************
                  TI ARM Linker PC v18.12.4                    
******************************************************************************
>> Linked Thu Oct 15 20:43:06 2020

OUTPUT FILE NAME:   <Lab6Part1.out>
ENTRY POINT SYMBOL: "_c_int00_noargs"  address: 00003015


MEMORY CONFIGURATION

         name            origin    length      used     unused   attr    fill
----------------------  --------  ---------  --------  --------  ----  --------
  MAIN                  00000000   00040000  00003419  0003cbe7  R  X
  INFO                  00200000   00004000  00000000  00004000  R  X
  SRAM_CODE             01000000   00010000  000009c0  0000f640  RW X
  SRAM_DATA             20000000   00010000  000009c0  0000f640  RW  


SEGMENT ALLOCATION MAP

run origin  load origin   length   init length attrs members
----------  ----------- ---------- ----------- ----- -------
00000000    00000000    00003420   00003420    r-x
  00000000    00000000    000000e4   000000e4    r-- .intvecs
  000000e4    000000e4    0000319c   0000319c    r-x .text
  00003280    00003280    00000101   00000101    r-- .const
  00003388    00003388    00000098   00000098    r-- .cinit
20000000    20000000    000007c0   00000000    rw-
  20000000    20000000    00000400   00000000    rw- .sysmem
  20000400    20000400    000001f0   00000000    rw- .data
  200005f0    200005f0    000001d0   00000000    rw- .bss
2000fe00    2000fe00    00000200   00000000    rw-
  2000fe00    2000fe00    00000200   00000000    rw- .stack


SECTION ALLOCATION MAP

 output                                  attributes/
section   page    origin      length       input sections
--------  ----  ----------  ----------   ----------------
.intvecs   0    00000000    000000e4     
                  00000000    000000e4     startup_msp432p401r_ccs.obj (.intvecs:retain)

.text      0    000000e4    0000319c     
                  000000e4    00000a4e     rtsv7M4_T_le_v4SPD16_eabi.lib : _printfi.c.obj (.text:__TI_printfi)
                  00000b32    00000002                                   : _lock.c.obj (.text:_nop)
                  00000b34    00000450     main.obj (.text)
                  00000f84    00000334     system_msp432p401r.obj (.text)
                  000012b8    00000270     rtsv7M4_T_le_v4SPD16_eabi.lib : _printfi.c.obj (.text:_pconv_a)
                  00001528    000001d0                                   : _printfi.c.obj (.text:_pconv_g)
                  000016f8    000001b6                                   : fd_add_t2.asm.obj (.text)
                  000018ae    00000002                                   : div0.asm.obj (.text)
                  000018b0    0000013c                                   : _printfi.c.obj (.text:_pconv_e)
                  000019ec    00000136                                   : fd_div_t2.asm.obj (.text)
                  00001b22    00000002     --HOLE-- [fill = 0]
                  00001b24    00000124                                   : _printfi.c.obj (.text:fcvt)
                  00001c48    00000118                                   : memory.c.obj (.text:aligned_alloc)
                  00001d60    00000114                                   : fputs.c.obj (.text:fputs)
                  00001e74    00000110                                   : s_scalbn.c.obj (.text:scalbn)
                  00001f84    000000fc                                   : fd_mul_t2.asm.obj (.text)
                  00002080    000000e4                                   : memory.c.obj (.text:free)
                  00002164    000000dc                                   : setvbuf.c.obj (.text:setvbuf)
                  00002240    000000b1                                   : _printfi.c.obj (.text:_ltostr)
                  000022f1    00000001     --HOLE-- [fill = 0]
                  000022f2    0000009c                                   : memcpy_t2.asm.obj (.text)
                  0000238e    00000096                                   : ull_div_t2.asm.obj (.text)
                  00002424    0000008c                                   : fputc.c.obj (.text:fputc)
                  000024b0    00000086                                   : fd_cmp_t2.asm.obj (.text:__aeabi_cdcmple)
                  00002536    00000086                                   : fd_cmp_t2.asm.obj (.text:__aeabi_cdrcmple)
                  000025bc    0000007a                                   : memset_t2.asm.obj (.text)
                  00002636    00000002     --HOLE-- [fill = 0]
                  00002638    00000074                                   : fclose.c.obj (.text:__TI_closefile)
                  000026ac    00000070                                   : memory.c.obj (.text:split)
                  0000271c    0000006e                                   : _printfi.c.obj (.text:_mcpy)
                  0000278a    00000002     --HOLE-- [fill = 0]
                  0000278c    0000006c                                   : hostrename.c.obj (.text:HOSTrename)
                  000027f8    00000068                                   : hostlseek.c.obj (.text:HOSTlseek)
                  00002860    00000068                                   : copy_decompress_lzss.c.obj (.text:decompress:lzss:__TI_decompress_lzss)
                  000028c8    00000068                                   : printf.c.obj (.text:printf)
                  00002930    00000064                                   : s_frexp.c.obj (.text:frexp)
                  00002994    00000064                                   : fseek.c.obj (.text:fseek)
                  000029f8    00000062                                   : _io_perm.c.obj (.text:__TI_wrt_ok)
                  00002a5a    00000002     --HOLE-- [fill = 0]
                  00002a5c    00000060                                   : hostopen.c.obj (.text:HOSTopen)
                  00002abc    0000005c                                   : close.c.obj (.text:close)
                  00002b18    00000058                                   : hostread.c.obj (.text:HOSTread)
                  00002b70    00000058                                   : hostwrite.c.obj (.text:HOSTwrite)
                  00002bc8    00000056                                   : _printfi.c.obj (.text:_pconv_f)
                  00002c1e    00000054                                   : ltoa.c.obj (.text:ltoa)
                  00002c72    00000052                                   : _printfi.c.obj (.text:_ecpy)
                  00002cc4    0000004c                                   : fflush.c.obj (.text:__TI_doflush)
                  00002d10    0000004c                                   : atoi.c.obj (.text:atoi)
                  00002d5c    00000048                                   : exit.c.obj (.text:exit)
                  00002da4    00000048                                   : fd_toi_t2.asm.obj (.text)
                  00002dec    00000044                                   : hostclose.c.obj (.text:HOSTclose)
                  00002e30    00000044                                   : hostunlink.c.obj (.text:HOSTunlink)
                  00002e74    00000044                                   : autoinit.c.obj (.text:__TI_auto_init_nobinit_nopinit:__TI_auto_init_nobinit_nopinit)
                  00002eb8    00000044                                   : getdevice.c.obj (.text:getdevice)
                  00002efc    0000003e                                   : _printfi.c.obj (.text:_fcpy)
                  00002f3a    00000002     --HOLE-- [fill = 0]
                  00002f3c    00000038                                   : trgmsg.c.obj (.text:__TI_writemsg)
                  00002f74    00000036                                   : strncpy.c.obj (.text:strncpy)
                  00002faa    00000002     --HOLE-- [fill = 0]
                  00002fac    00000034                                   : fopen.c.obj (.text:__TI_cleanup)
                  00002fe0    00000034                                   : trgmsg.c.obj (.text:__TI_readmsg)
                  00003014    00000034                                   : boot_cortex_m.c.obj (.text:_c_int00_noargs:_c_int00_noargs)
                  00003048    00000030                                   : getdevice.c.obj (.text:finddevice)
                  00003078    0000002e                                   : i_tofd_t2.asm.obj (.text)
                  000030a6    00000002     --HOLE-- [fill = 0]
                  000030a8    0000002c                                   : unlink.c.obj (.text:unlink)
                  000030d4    00000028                                   : memory.c.obj (.text:free_list_insert)
                  000030fc    00000028                                   : lseek.c.obj (.text:lseek)
                  00003124    00000028                                   : write.c.obj (.text:write)
                  0000314c    00000020                                   : memchr.c.obj (.text:memchr)
                  0000316c    0000001c                                   : copy_zero_init.c.obj (.text:decompress:ZI:__TI_zero_init_nomemset:__TI_zero_init_nomemset)
                  00003188    0000001c                                   : memory.c.obj (.text:free_list_remove)
                  000031a4    0000001c                                   : memccpy.c.obj (.text:memccpy)
                  000031c0    0000001a                                   : s_copysign.c.obj (.text:copysign)
                  000031da    00000018                                   : strcmp.c.obj (.text:strcmp)
                  000031f2    00000016                                   : strchr.c.obj (.text:strchr)
                  00003208    00000014                                   : strcpy.c.obj (.text:strcpy)
                  0000321c    00000014                                   : strlen.c.obj (.text:strlen)
                  00003230    00000012                                   : wcslen.c.obj (.text:wcslen)
                  00003242    0000000e                                   : copy_decompress_none.c.obj (.text:decompress:none:__TI_decompress_none)
                  00003250    0000000e     startup_msp432p401r_ccs.obj (.text)
                  0000325e    00000002     --HOLE-- [fill = 0]
                  00003260    00000008     rtsv7M4_T_le_v4SPD16_eabi.lib : errno.c.obj (.text:__aeabi_errno_addr)
                  00003268    00000008                                   : memory.c.obj (.text:malloc)
                  00003270    00000004                                   : printf.c.obj (.text:_outc)
                  00003274    00000004                                   : printf.c.obj (.text:_outs)
                  00003278    00000004                                   : pre_init.c.obj (.text:_system_pre_init)
                  0000327c    00000004                                   : exit.c.obj (.text:abort:abort)

.const     0    00003280    00000101     
                  00003280    00000101     rtsv7M4_T_le_v4SPD16_eabi.lib : ctype.c.obj (.const:.string:_ctypes_)

.cinit     0    00003388    00000098     
                  00003388    00000073     (.cinit..data.load) [load image, compression = lzss]
                  000033fb    00000001     --HOLE-- [fill = 0]
                  000033fc    0000000c     (__TI_handler_table)
                  00003408    00000008     (.cinit..bss.load) [load image, compression = zero_init]
                  00003410    00000010     (__TI_cinit_table)

.init_array 
*          0    00000000    00000000     UNINITIALIZED

.binit     0    00000000    00000000     

.sysmem    0    20000000    00000400     UNINITIALIZED
                  20000000    00000010     rtsv7M4_T_le_v4SPD16_eabi.lib : memory.c.obj (.sysmem)
                  20000010    000003f0     --HOLE--

.data      0    20000400    000001f0     UNINITIALIZED
                  20000400    000000f0     rtsv7M4_T_le_v4SPD16_eabi.lib : defs.c.obj (.data:_ftable)
                  200004f0    00000078                                   : host_device.c.obj (.data:_device)
                  20000568    00000050                                   : host_device.c.obj (.data:_stream)
                  200005b8    00000010                                   : defs.c.obj (.data)
                  200005c8    0000000c                                   : exit.c.obj (.data:$O1$$)
                  200005d4    00000008                                   : _lock.c.obj (.data:$O1$$)
                  200005dc    00000008                                   : memory.c.obj (.data:$O1$$)
                  200005e4    00000004     main.obj (.data)
                  200005e8    00000004     rtsv7M4_T_le_v4SPD16_eabi.lib : errno.c.obj (.data)
                  200005ec    00000004     system_msp432p401r.obj (.data)

.bss       0    200005f0    000001d0     UNINITIALIZED
                  200005f0    00000120     rtsv7M4_T_le_v4SPD16_eabi.lib : trgmsg.c.obj (.bss:_CIOBUF_)
                  20000710    000000a0     (.common:__TI_tmpnams)
                  200007b0    00000008     (.common:parmbuf)
                  200007b8    00000004     (.common:num)
                  200007bc    00000004     (.common:pin)

.stack     0    2000fe00    00000200     UNINITIALIZED
                  2000fe00    00000004     rtsv7M4_T_le_v4SPD16_eabi.lib : boot_cortex_m.c.obj (.stack)
                  2000fe04    000001fc     --HOLE--

MODULE SUMMARY

       Module                        code    ro data   rw data
       ------                        ----    -------   -------
    .\
       main.obj                      1104    0         24     
       system_msp432p401r.obj        820     0         8      
       startup_msp432p401r_ccs.obj   14      228       0      
    +--+-----------------------------+-------+---------+---------+
       Total:                        1938    228       32     
                                                              
    C:\Users\Patri\OneDrive\Desktop\ccs\tools\compiler\ti-cgt-arm_18.12.4.LTS\lib\rtsv7M4_T_le_v4SPD16_eabi.lib
       _printfi.c.obj                4851    0         0      
       defs.c.obj                    0       0         832    
       memory.c.obj                  696     0         16     
       trgmsg.c.obj                  108     0         576    
       fd_add_t2.asm.obj             438     0         0      
       host_device.c.obj             0       0         400    
       fd_div_t2.asm.obj             310     0         0      
       fputs.c.obj                   276     0         0      
       s_scalbn.c.obj                272     0         0      
       fd_cmp_t2.asm.obj             268     0         0      
       ctype.c.obj                   0       257       0      
       fd_mul_t2.asm.obj             252     0         0      
       setvbuf.c.obj                 220     0         0      
       memcpy_t2.asm.obj             156     0         0      
       ull_div_t2.asm.obj            150     0         0      
       fputc.c.obj                   140     0         0      
       memset_t2.asm.obj             122     0         0      
       fclose.c.obj                  116     0         0      
       getdevice.c.obj               116     0         0      
       hostopen.c.obj                96      0         16     
       printf.c.obj                  112     0         0      
       hostrename.c.obj              108     0         0      
       copy_decompress_lzss.c.obj    104     0         0      
       hostlseek.c.obj               104     0         0      
       exit.c.obj                    76      0         24     
       fseek.c.obj                   100     0         0      
       s_frexp.c.obj                 100     0         0      
       _io_perm.c.obj                98      0         0      
       close.c.obj                   92      0         0      
       hostread.c.obj                88      0         0      
       hostwrite.c.obj               88      0         0      
       ltoa.c.obj                    84      0         0      
       atoi.c.obj                    76      0         0      
       fflush.c.obj                  76      0         0      
       fd_toi_t2.asm.obj             72      0         0      
       autoinit.c.obj                68      0         0      
       hostclose.c.obj               68      0         0      
       hostunlink.c.obj              68      0         0      
       strncpy.c.obj                 54      0         0      
       boot_cortex_m.c.obj           52      0         0      
       fopen.c.obj                   52      0         0      
       i_tofd_t2.asm.obj             46      0         0      
       unlink.c.obj                  44      0         0      
       lseek.c.obj                   40      0         0      
       write.c.obj                   40      0         0      
       memchr.c.obj                  32      0         0      
       copy_zero_init.c.obj          28      0         0      
       memccpy.c.obj                 28      0         0      
       s_copysign.c.obj              26      0         0      
       strcmp.c.obj                  24      0         0      
       strchr.c.obj                  22      0         0      
       strcpy.c.obj                  20      0         0      
       strlen.c.obj                  20      0         0      
       _lock.c.obj                   2       0         16     
       wcslen.c.obj                  18      0         0      
       errno.c.obj                   8       0         8      
       copy_decompress_none.c.obj    14      0         0      
       pre_init.c.obj                4       0         0      
       div0.asm.obj                  2       0         0      
    +--+-----------------------------+-------+---------+---------+
       Total:                        10745   257       1888   
                                                              
       Heap:                         0       0         2048   
       Stack:                        0       0         1024   
       Linker Generated:             0       151       0      
    +--+-----------------------------+-------+---------+---------+
       Grand Total:                  12683   636       4992   


LINKER GENERATED COPY TABLES

__TI_cinit_table @ 00003410 records: 2, size/record: 8, table size: 16
	.data: load addr=00003388, load size=00000073 bytes, run addr=20000400, run size=000001f0 bytes, compression=lzss
	.bss: load addr=00003408, load size=00000008 bytes, run addr=200005f0, run size=000001d0 bytes, compression=zero_init


LINKER GENERATED HANDLER TABLE

__TI_handler_table @ 000033fc records: 3, size/record: 4, table size: 12
	index: 0, handler: __TI_decompress_lzss
	index: 1, handler: __TI_decompress_none
	index: 2, handler: __TI_zero_init


GLOBAL SYMBOLS: SORTED ALPHABETICALLY BY Name 

address   name                           
-------   ----                           
0000325d  ADC14_IRQHandler               
0000325d  AES256_IRQHandler              
0000325d  BusFault_Handler               
0000327d  C$$EXIT                        
00002f6b  C$$IO$$                        
0000325d  COMP_E0_IRQHandler             
0000325d  COMP_E1_IRQHandler             
0000325d  CS_IRQHandler                  
0000325d  DMA_ERR_IRQHandler             
0000325d  DMA_INT0_IRQHandler            
0000325d  DMA_INT1_IRQHandler            
0000325d  DMA_INT2_IRQHandler            
0000325d  DMA_INT3_IRQHandler            
0000325d  DebugMon_Handler               
0000325d  Default_Handler                
0000325d  EUSCIA0_IRQHandler             
0000325d  EUSCIA1_IRQHandler             
0000325d  EUSCIA2_IRQHandler             
0000325d  EUSCIA3_IRQHandler             
0000325d  EUSCIB0_IRQHandler             
0000325d  EUSCIB1_IRQHandler             
0000325d  EUSCIB2_IRQHandler             
0000325d  EUSCIB3_IRQHandler             
0000325d  FLCTL_IRQHandler               
0000325d  FPU_IRQHandler                 
00002ded  HOSTclose                      
000027f9  HOSTlseek                      
00002a5d  HOSTopen                       
00002b19  HOSTread                       
0000278d  HOSTrename                     
00002e31  HOSTunlink                     
00002b71  HOSTwrite                      
0000325d  HardFault_Handler              
0000325d  MemManage_Handler              
0000325d  NMI_Handler                    
0000325d  PCM_IRQHandler                 
0000325d  PORT1_IRQHandler               
0000325d  PORT2_IRQHandler               
0000325d  PORT3_IRQHandler               
0000325d  PORT4_IRQHandler               
0000325d  PORT5_IRQHandler               
0000325d  PORT6_IRQHandler               
0000325d  PSS_IRQHandler                 
0000325d  PendSV_Handler                 
0000325d  RTC_C_IRQHandler               
00003251  Reset_Handler                  
0000325d  SVC_Handler                    
0000325d  SysTick_Handler                
200005ec  SystemCoreClock                
00000f85  SystemCoreClockUpdate          
000011fd  SystemInit                     
0000325d  T32_INT1_IRQHandler            
0000325d  T32_INT2_IRQHandler            
0000325d  T32_INTC_IRQHandler            
0000325d  TA0_0_IRQHandler               
0000325d  TA0_N_IRQHandler               
0000325d  TA1_0_IRQHandler               
0000325d  TA1_N_IRQHandler               
0000325d  TA2_0_IRQHandler               
0000325d  TA2_N_IRQHandler               
0000325d  TA3_0_IRQHandler               
0000325d  TA3_N_IRQHandler               
0000325d  UsageFault_Handler             
4000480c  WDTCTL_SYM                     
0000325d  WDT_A_IRQHandler               
200005f0  __CIOBUF_                      
20010000  __STACK_END                    
00000200  __STACK_SIZE                   
00000400  __SYSMEM_SIZE                  
00003410  __TI_CINIT_Base                
00003420  __TI_CINIT_Limit               
000033fc  __TI_Handler_Table_Base        
00003408  __TI_Handler_Table_Limit       
00002e75  __TI_auto_init_nobinit_nopinit 
00002fad  __TI_cleanup                   
200005c8  __TI_cleanup_ptr               
00002639  __TI_closefile                 
00002861  __TI_decompress_lzss           
00003243  __TI_decompress_none           
00002cc5  __TI_doflush                   
200005cc  __TI_dtors_ptr                 
200005d0  __TI_enable_exit_profile_output
200005b8  __TI_ft_end                    
ffffffff  __TI_pprof_out_hndl            
000000e5  __TI_printfi                   
ffffffff  __TI_prof_data_size            
ffffffff  __TI_prof_data_start           
00002fe1  __TI_readmsg                   
00000000  __TI_static_base__             
20000710  __TI_tmpnams                   
00002f3d  __TI_writemsg                  
000029f9  __TI_wrt_ok                    
0000316d  __TI_zero_init_nomemset        
000024b1  __aeabi_cdcmpeq                
000024b1  __aeabi_cdcmple                
00002537  __aeabi_cdrcmple               
00002da5  __aeabi_d2iz                   
00001703  __aeabi_dadd                   
000019ed  __aeabi_ddiv                   
00001f85  __aeabi_dmul                   
000016f9  __aeabi_dsub                   
00003261  __aeabi_errno_addr             
00003079  __aeabi_i2d                    
000018af  __aeabi_idiv0                  
000018af  __aeabi_ldiv0                  
000025bd  __aeabi_memclr                 
000025bd  __aeabi_memclr4                
000025bd  __aeabi_memclr8                
000022f3  __aeabi_memcpy                 
000022f3  __aeabi_memcpy4                
000022f3  __aeabi_memcpy8                
000025bf  __aeabi_memset                 
000025bf  __aeabi_memset4                
000025bf  __aeabi_memset8                
200005c4  __aeabi_stderr                 
200005bc  __aeabi_stdin                  
200005c0  __aeabi_stdout                 
0000238f  __aeabi_uldivmod               
ffffffff  __binit__                      
ffffffff  __c_args__                     
UNDEFED   __mpu_init                     
2000fe00  __stack                        
00003015  _c_int00_noargs                
00003280  _ctypes_                       
200004f0  _device                        
20000400  _ftable                        
200005d4  _lock                          
00000b33  _nop                           
20000568  _stream                        
20000000  _sys_memory                    
UNDEFED   _system_post_cinit             
00003279  _system_pre_init               
200005d8  _unlock                        
0000327d  abort                          
00001c49  aligned_alloc                  
00002d11  atoi                           
ffffffff  binit                          
00002abd  close                          
000031c1  copysign                       
000031c1  copysignl                      
00000e51  enter                          
200005e8  errno                          
00002d5d  exit                           
00003049  finddevice                     
00002425  fputc                          
00001d61  fputs                          
00002081  free                           
00002931  frexp                          
00002931  frexpl                         
00002995  fseek                          
00002eb9  getdevice                      
00000000  interruptVectors               
200005e4  j                              
00001e75  ldexp                          
00001e75  ldexpl                         
000030fd  lseek                          
00002c1f  ltoa                           
00000e91  main                           
00003269  malloc                         
00001c49  memalign                       
000031a5  memccpy                        
0000314d  memchr                         
000022f3  memcpy                         
000025c5  memset                         
200007b8  num                            
200007b0  parmbuf                        
200007bc  pin                            
00000cbd  print_keys                     
000028c9  printf                         
00002425  putc                           
00000b83  read_keypad                    
000030a9  remove                         
00001e75  scalbn                         
00001e75  scalbnl                        
00002165  setvbuf                        
00000c79  shift                          
000031f3  strchr                         
000031db  strcmp                         
00003209  strcpy                         
0000321d  strlen                         
00002f75  strncpy                        
00000b59  systick_delay                  
00000b35  systick_init                   
000030a9  unlink                         
00003231  wcslen                         
00003125  write                          


GLOBAL SYMBOLS: SORTED BY Symbol Address 

address   name                           
-------   ----                           
00000000  __TI_static_base__             
00000000  interruptVectors               
000000e5  __TI_printfi                   
00000200  __STACK_SIZE                   
00000400  __SYSMEM_SIZE                  
00000b33  _nop                           
00000b35  systick_init                   
00000b59  systick_delay                  
00000b83  read_keypad                    
00000c79  shift                          
00000cbd  print_keys                     
00000e51  enter                          
00000e91  main                           
00000f85  SystemCoreClockUpdate          
000011fd  SystemInit                     
000016f9  __aeabi_dsub                   
00001703  __aeabi_dadd                   
000018af  __aeabi_idiv0                  
000018af  __aeabi_ldiv0                  
000019ed  __aeabi_ddiv                   
00001c49  aligned_alloc                  
00001c49  memalign                       
00001d61  fputs                          
00001e75  ldexp                          
00001e75  ldexpl                         
00001e75  scalbn                         
00001e75  scalbnl                        
00001f85  __aeabi_dmul                   
00002081  free                           
00002165  setvbuf                        
000022f3  __aeabi_memcpy                 
000022f3  __aeabi_memcpy4                
000022f3  __aeabi_memcpy8                
000022f3  memcpy                         
0000238f  __aeabi_uldivmod               
00002425  fputc                          
00002425  putc                           
000024b1  __aeabi_cdcmpeq                
000024b1  __aeabi_cdcmple                
00002537  __aeabi_cdrcmple               
000025bd  __aeabi_memclr                 
000025bd  __aeabi_memclr4                
000025bd  __aeabi_memclr8                
000025bf  __aeabi_memset                 
000025bf  __aeabi_memset4                
000025bf  __aeabi_memset8                
000025c5  memset                         
00002639  __TI_closefile                 
0000278d  HOSTrename                     
000027f9  HOSTlseek                      
00002861  __TI_decompress_lzss           
000028c9  printf                         
00002931  frexp                          
00002931  frexpl                         
00002995  fseek                          
000029f9  __TI_wrt_ok                    
00002a5d  HOSTopen                       
00002abd  close                          
00002b19  HOSTread                       
00002b71  HOSTwrite                      
00002c1f  ltoa                           
00002cc5  __TI_doflush                   
00002d11  atoi                           
00002d5d  exit                           
00002da5  __aeabi_d2iz                   
00002ded  HOSTclose                      
00002e31  HOSTunlink                     
00002e75  __TI_auto_init_nobinit_nopinit 
00002eb9  getdevice                      
00002f3d  __TI_writemsg                  
00002f6b  C$$IO$$                        
00002f75  strncpy                        
00002fad  __TI_cleanup                   
00002fe1  __TI_readmsg                   
00003015  _c_int00_noargs                
00003049  finddevice                     
00003079  __aeabi_i2d                    
000030a9  remove                         
000030a9  unlink                         
000030fd  lseek                          
00003125  write                          
0000314d  memchr                         
0000316d  __TI_zero_init_nomemset        
000031a5  memccpy                        
000031c1  copysign                       
000031c1  copysignl                      
000031db  strcmp                         
000031f3  strchr                         
00003209  strcpy                         
0000321d  strlen                         
00003231  wcslen                         
00003243  __TI_decompress_none           
00003251  Reset_Handler                  
0000325d  ADC14_IRQHandler               
0000325d  AES256_IRQHandler              
0000325d  BusFault_Handler               
0000325d  COMP_E0_IRQHandler             
0000325d  COMP_E1_IRQHandler             
0000325d  CS_IRQHandler                  
0000325d  DMA_ERR_IRQHandler             
0000325d  DMA_INT0_IRQHandler            
0000325d  DMA_INT1_IRQHandler            
0000325d  DMA_INT2_IRQHandler            
0000325d  DMA_INT3_IRQHandler            
0000325d  DebugMon_Handler               
0000325d  Default_Handler                
0000325d  EUSCIA0_IRQHandler             
0000325d  EUSCIA1_IRQHandler             
0000325d  EUSCIA2_IRQHandler             
0000325d  EUSCIA3_IRQHandler             
0000325d  EUSCIB0_IRQHandler             
0000325d  EUSCIB1_IRQHandler             
0000325d  EUSCIB2_IRQHandler             
0000325d  EUSCIB3_IRQHandler             
0000325d  FLCTL_IRQHandler               
0000325d  FPU_IRQHandler                 
0000325d  HardFault_Handler              
0000325d  MemManage_Handler              
0000325d  NMI_Handler                    
0000325d  PCM_IRQHandler                 
0000325d  PORT1_IRQHandler               
0000325d  PORT2_IRQHandler               
0000325d  PORT3_IRQHandler               
0000325d  PORT4_IRQHandler               
0000325d  PORT5_IRQHandler               
0000325d  PORT6_IRQHandler               
0000325d  PSS_IRQHandler                 
0000325d  PendSV_Handler                 
0000325d  RTC_C_IRQHandler               
0000325d  SVC_Handler                    
0000325d  SysTick_Handler                
0000325d  T32_INT1_IRQHandler            
0000325d  T32_INT2_IRQHandler            
0000325d  T32_INTC_IRQHandler            
0000325d  TA0_0_IRQHandler               
0000325d  TA0_N_IRQHandler               
0000325d  TA1_0_IRQHandler               
0000325d  TA1_N_IRQHandler               
0000325d  TA2_0_IRQHandler               
0000325d  TA2_N_IRQHandler               
0000325d  TA3_0_IRQHandler               
0000325d  TA3_N_IRQHandler               
0000325d  UsageFault_Handler             
0000325d  WDT_A_IRQHandler               
00003261  __aeabi_errno_addr             
00003269  malloc                         
00003279  _system_pre_init               
0000327d  C$$EXIT                        
0000327d  abort                          
00003280  _ctypes_                       
000033fc  __TI_Handler_Table_Base        
00003408  __TI_Handler_Table_Limit       
00003410  __TI_CINIT_Base                
00003420  __TI_CINIT_Limit               
20000000  _sys_memory                    
20000400  _ftable                        
200004f0  _device                        
20000568  _stream                        
200005b8  __TI_ft_end                    
200005bc  __aeabi_stdin                  
200005c0  __aeabi_stdout                 
200005c4  __aeabi_stderr                 
200005c8  __TI_cleanup_ptr               
200005cc  __TI_dtors_ptr                 
200005d0  __TI_enable_exit_profile_output
200005d4  _lock                          
200005d8  _unlock                        
200005e4  j                              
200005e8  errno                          
200005ec  SystemCoreClock                
200005f0  __CIOBUF_                      
20000710  __TI_tmpnams                   
200007b0  parmbuf                        
200007b8  num                            
200007bc  pin                            
2000fe00  __stack                        
20010000  __STACK_END                    
4000480c  WDTCTL_SYM                     
ffffffff  __TI_pprof_out_hndl            
ffffffff  __TI_prof_data_size            
ffffffff  __TI_prof_data_start           
ffffffff  __binit__                      
ffffffff  __c_args__                     
ffffffff  binit                          
UNDEFED   __mpu_init                     
UNDEFED   _system_post_cinit             

[186 symbols]
