******************************************************************************
                  TI ARM Linker PC v18.12.4                    
******************************************************************************
>> Linked Thu Nov 19 20:05:01 2020

OUTPUT FILE NAME:   <Lab11Part2.out>
ENTRY POINT SYMBOL: "_c_int00_noargs"  address: 000006a5


MEMORY CONFIGURATION

         name            origin    length      used     unused   attr    fill
----------------------  --------  ---------  --------  --------  ----  --------
  MAIN                  00000000   00040000  00000748  0003f8b8  R  X
  INFO                  00200000   00004000  00000000  00004000  R  X
  SRAM_CODE             01000000   00010000  0000020a  0000fdf6  RW X
  SRAM_DATA             20000000   00010000  0000020a  0000fdf6  RW  


SEGMENT ALLOCATION MAP

run origin  load origin   length   init length attrs members
----------  ----------- ---------- ----------- ----- -------
00000000    00000000    00000748   00000748    r-x
  00000000    00000000    000000e4   000000e4    r-- .intvecs
  000000e4    000000e4    00000634   00000634    r-x .text
  00000718    00000718    00000030   00000030    r-- .cinit
20000000    20000000    0000000a   00000000    rw-
  20000000    20000000    00000006   00000000    rw- .data
  20000006    20000006    00000004   00000000    rw- .bss
2000fe00    2000fe00    00000200   00000000    rw-
  2000fe00    2000fe00    00000200   00000000    rw- .stack


SECTION ALLOCATION MAP

 output                                  attributes/
section   page    origin      length       input sections
--------  ----  ----------  ----------   ----------------
.intvecs   0    00000000    000000e4     
                  00000000    000000e4     startup_msp432p401r_ccs.obj (.intvecs:retain)

.text      0    000000e4    00000634     
                  000000e4    00000334     system_msp432p401r.obj (.text)
                  00000418    00000144     main.obj (.text)
                  0000055c    0000009c     rtsv7M4_T_le_v4SPD16_eabi.lib : memcpy_t2.asm.obj (.text)
                  000005f8    00000068                                   : copy_decompress_lzss.c.obj (.text:decompress:lzss:__TI_decompress_lzss)
                  00000660    00000044                                   : autoinit.c.obj (.text:__TI_auto_init_nobinit_nopinit:__TI_auto_init_nobinit_nopinit)
                  000006a4    00000034                                   : boot_cortex_m.c.obj (.text:_c_int00_noargs:_c_int00_noargs)
                  000006d8    0000001c                                   : copy_zero_init.c.obj (.text:decompress:ZI:__TI_zero_init_nomemset:__TI_zero_init_nomemset)
                  000006f4    0000000e                                   : copy_decompress_none.c.obj (.text:decompress:none:__TI_decompress_none)
                  00000702    0000000e     startup_msp432p401r_ccs.obj (.text)
                  00000710    00000004     rtsv7M4_T_le_v4SPD16_eabi.lib : pre_init.c.obj (.text:_system_pre_init)
                  00000714    00000004                                   : exit.c.obj (.text:abort:abort)

.cinit     0    00000718    00000030     
                  00000718    0000000c     (__TI_handler_table)
                  00000724    0000000a     (.cinit..data.load) [load image, compression = lzss]
                  0000072e    00000002     --HOLE-- [fill = 0]
                  00000730    00000008     (.cinit..bss.load) [load image, compression = zero_init]
                  00000738    00000010     (__TI_cinit_table)

.init_array 
*          0    00000000    00000000     UNINITIALIZED

.binit     0    00000000    00000000     

.data      0    20000000    00000006     UNINITIALIZED
                  20000000    00000004     system_msp432p401r.obj (.data)
                  20000004    00000002     main.obj (.data)

.bss       0    20000006    00000004     UNINITIALIZED
                  20000006    00000002     (.common:currentedge)
                  20000008    00000002     (.common:period)

.stack     0    2000fe00    00000200     UNINITIALIZED
                  2000fe00    00000004     rtsv7M4_T_le_v4SPD16_eabi.lib : boot_cortex_m.c.obj (.stack)
                  2000fe04    000001fc     --HOLE--

MODULE SUMMARY

       Module                        code   ro data   rw data
       ------                        ----   -------   -------
    .\
       system_msp432p401r.obj        820    0         8      
       main.obj                      324    0         12     
       startup_msp432p401r_ccs.obj   14     228       0      
    +--+-----------------------------+------+---------+---------+
       Total:                        1158   228       20     
                                                             
    C:\Users\Patri\OneDrive\Desktop\ccs\tools\compiler\ti-cgt-arm_18.12.4.LTS\lib\rtsv7M4_T_le_v4SPD16_eabi.lib
       memcpy_t2.asm.obj             156    0         0      
       copy_decompress_lzss.c.obj    104    0         0      
       autoinit.c.obj                68     0         0      
       boot_cortex_m.c.obj           52     0         0      
       copy_zero_init.c.obj          28     0         0      
       copy_decompress_none.c.obj    14     0         0      
       exit.c.obj                    4      0         0      
       pre_init.c.obj                4      0         0      
    +--+-----------------------------+------+---------+---------+
       Total:                        430    0         0      
                                                             
       Stack:                        0      0         1024   
       Linker Generated:             0      46        0      
    +--+-----------------------------+------+---------+---------+
       Grand Total:                  1588   274       1044   


LINKER GENERATED COPY TABLES

__TI_cinit_table @ 00000738 records: 2, size/record: 8, table size: 16
	.data: load addr=00000724, load size=0000000a bytes, run addr=20000000, run size=00000006 bytes, compression=lzss
	.bss: load addr=00000730, load size=00000008 bytes, run addr=20000006, run size=00000004 bytes, compression=zero_init


LINKER GENERATED HANDLER TABLE

__TI_handler_table @ 00000718 records: 3, size/record: 4, table size: 12
	index: 0, handler: __TI_decompress_lzss
	index: 1, handler: __TI_decompress_none
	index: 2, handler: __TI_zero_init


GLOBAL SYMBOLS: SORTED ALPHABETICALLY BY Name 

address   name                          
-------   ----                          
0000070f  ADC14_IRQHandler              
0000070f  AES256_IRQHandler             
0000070f  BusFault_Handler              
00000715  C$$EXIT                       
0000070f  COMP_E0_IRQHandler            
0000070f  COMP_E1_IRQHandler            
0000070f  CS_IRQHandler                 
0000070f  DMA_ERR_IRQHandler            
0000070f  DMA_INT0_IRQHandler           
0000070f  DMA_INT1_IRQHandler           
0000070f  DMA_INT2_IRQHandler           
0000070f  DMA_INT3_IRQHandler           
0000070f  DebugMon_Handler              
0000070f  Default_Handler               
0000070f  EUSCIA0_IRQHandler            
0000070f  EUSCIA1_IRQHandler            
0000070f  EUSCIA2_IRQHandler            
0000070f  EUSCIA3_IRQHandler            
0000070f  EUSCIB0_IRQHandler            
0000070f  EUSCIB1_IRQHandler            
0000070f  EUSCIB2_IRQHandler            
0000070f  EUSCIB3_IRQHandler            
0000070f  FLCTL_IRQHandler              
0000070f  FPU_IRQHandler                
0000070f  HardFault_Handler             
00000419  LEDinit                       
0000070f  MemManage_Handler             
0000070f  NMI_Handler                   
0000070f  PCM_IRQHandler                
0000070f  PORT1_IRQHandler              
0000070f  PORT2_IRQHandler              
0000070f  PORT3_IRQHandler              
0000070f  PORT4_IRQHandler              
0000070f  PORT5_IRQHandler              
0000070f  PORT6_IRQHandler              
0000070f  PSS_IRQHandler                
0000070f  PendSV_Handler                
0000070f  RTC_C_IRQHandler              
00000703  Reset_Handler                 
0000070f  SVC_Handler                   
0000070f  SysTick_Handler               
20000000  SystemCoreClock               
000000e5  SystemCoreClockUpdate         
0000035d  SystemInit                    
0000070f  T32_INT1_IRQHandler           
0000070f  T32_INT2_IRQHandler           
0000070f  T32_INTC_IRQHandler           
0000070f  TA0_0_IRQHandler              
000004a9  TA0_N_IRQHandler              
000004a9  TA0_N_IRQHandler              
0000070f  TA1_0_IRQHandler              
0000070f  TA1_N_IRQHandler              
0000070f  TA2_0_IRQHandler              
0000070f  TA2_N_IRQHandler              
0000070f  TA3_0_IRQHandler              
0000070f  TA3_N_IRQHandler              
00000443  TimerA0init                   
0000070f  UsageFault_Handler            
4000480c  WDTCTL_SYM                    
0000070f  WDT_A_IRQHandler              
20010000  __STACK_END                   
00000200  __STACK_SIZE                  
00000738  __TI_CINIT_Base               
00000748  __TI_CINIT_Limit              
00000718  __TI_Handler_Table_Base       
00000724  __TI_Handler_Table_Limit      
00000661  __TI_auto_init_nobinit_nopinit
000005f9  __TI_decompress_lzss          
000006f5  __TI_decompress_none          
ffffffff  __TI_pprof_out_hndl           
ffffffff  __TI_prof_data_size           
ffffffff  __TI_prof_data_start          
00000000  __TI_static_base__            
000006d9  __TI_zero_init_nomemset       
0000055d  __aeabi_memcpy                
0000055d  __aeabi_memcpy4               
0000055d  __aeabi_memcpy8               
ffffffff  __binit__                     
ffffffff  __c_args__                    
UNDEFED   __mpu_init                    
2000fe00  __stack                       
000006a5  _c_int00_noargs               
UNDEFED   _system_post_cinit            
00000711  _system_pre_init              
00000715  abort                         
ffffffff  binit                         
20000006  currentedge                   
00000000  interruptVectors              
20000004  lastedge                      
00000501  main                          
0000055d  memcpy                        
20000008  period                        


GLOBAL SYMBOLS: SORTED BY Symbol Address 

address   name                          
-------   ----                          
00000000  __TI_static_base__            
00000000  interruptVectors              
000000e5  SystemCoreClockUpdate         
00000200  __STACK_SIZE                  
0000035d  SystemInit                    
00000419  LEDinit                       
00000443  TimerA0init                   
000004a9  TA0_N_IRQHandler              
000004a9  TA0_N_IRQHandler              
00000501  main                          
0000055d  __aeabi_memcpy                
0000055d  __aeabi_memcpy4               
0000055d  __aeabi_memcpy8               
0000055d  memcpy                        
000005f9  __TI_decompress_lzss          
00000661  __TI_auto_init_nobinit_nopinit
000006a5  _c_int00_noargs               
000006d9  __TI_zero_init_nomemset       
000006f5  __TI_decompress_none          
00000703  Reset_Handler                 
0000070f  ADC14_IRQHandler              
0000070f  AES256_IRQHandler             
0000070f  BusFault_Handler              
0000070f  COMP_E0_IRQHandler            
0000070f  COMP_E1_IRQHandler            
0000070f  CS_IRQHandler                 
0000070f  DMA_ERR_IRQHandler            
0000070f  DMA_INT0_IRQHandler           
0000070f  DMA_INT1_IRQHandler           
0000070f  DMA_INT2_IRQHandler           
0000070f  DMA_INT3_IRQHandler           
0000070f  DebugMon_Handler              
0000070f  Default_Handler               
0000070f  EUSCIA0_IRQHandler            
0000070f  EUSCIA1_IRQHandler            
0000070f  EUSCIA2_IRQHandler            
0000070f  EUSCIA3_IRQHandler            
0000070f  EUSCIB0_IRQHandler            
0000070f  EUSCIB1_IRQHandler            
0000070f  EUSCIB2_IRQHandler            
0000070f  EUSCIB3_IRQHandler            
0000070f  FLCTL_IRQHandler              
0000070f  FPU_IRQHandler                
0000070f  HardFault_Handler             
0000070f  MemManage_Handler             
0000070f  NMI_Handler                   
0000070f  PCM_IRQHandler                
0000070f  PORT1_IRQHandler              
0000070f  PORT2_IRQHandler              
0000070f  PORT3_IRQHandler              
0000070f  PORT4_IRQHandler              
0000070f  PORT5_IRQHandler              
0000070f  PORT6_IRQHandler              
0000070f  PSS_IRQHandler                
0000070f  PendSV_Handler                
0000070f  RTC_C_IRQHandler              
0000070f  SVC_Handler                   
0000070f  SysTick_Handler               
0000070f  T32_INT1_IRQHandler           
0000070f  T32_INT2_IRQHandler           
0000070f  T32_INTC_IRQHandler           
0000070f  TA0_0_IRQHandler              
0000070f  TA1_0_IRQHandler              
0000070f  TA1_N_IRQHandler              
0000070f  TA2_0_IRQHandler              
0000070f  TA2_N_IRQHandler              
0000070f  TA3_0_IRQHandler              
0000070f  TA3_N_IRQHandler              
0000070f  UsageFault_Handler            
0000070f  WDT_A_IRQHandler              
00000711  _system_pre_init              
00000715  C$$EXIT                       
00000715  abort                         
00000718  __TI_Handler_Table_Base       
00000724  __TI_Handler_Table_Limit      
00000738  __TI_CINIT_Base               
00000748  __TI_CINIT_Limit              
20000000  SystemCoreClock               
20000004  lastedge                      
20000006  currentedge                   
20000008  period                        
2000fe00  __stack                       
20010000  __STACK_END                   
4000480c  WDTCTL_SYM                    
ffffffff  __TI_pprof_out_hndl           
ffffffff  __TI_prof_data_size           
ffffffff  __TI_prof_data_start          
ffffffff  __binit__                     
ffffffff  __c_args__                    
ffffffff  binit                         
UNDEFED   __mpu_init                    
UNDEFED   _system_post_cinit            

[92 symbols]
