******************************************************************************
                  TI ARM Linker PC v18.12.4                    
******************************************************************************
>> Linked Thu Nov 12 22:58:13 2020

OUTPUT FILE NAME:   <Lab10Part3.out>
ENTRY POINT SYMBOL: "_c_int00_noargs"  address: 00002551


MEMORY CONFIGURATION

         name            origin    length      used     unused   attr    fill
----------------------  --------  ---------  --------  --------  ----  --------
  MAIN                  00000000   00040000  000027c1  0003d83f  R  X
  INFO                  00200000   00004000  00000000  00004000  R  X
  SRAM_CODE             01000000   00010000  0000020a  0000fdf6  RW X
  SRAM_DATA             20000000   00010000  0000020a  0000fdf6  RW  


SEGMENT ALLOCATION MAP

run origin  load origin   length   init length attrs members
----------  ----------- ---------- ----------- ----- -------
00000000    00000000    000027c8   000027c8    r-x
  00000000    00000000    000000e4   000000e4    r-- .intvecs
  000000e4    000000e4    000025ac   000025ac    r-x .text
  00002690    00002690    00000101   00000101    r-- .const
  00002798    00002798    00000030   00000030    r-- .cinit
20000000    20000000    0000000a   00000000    rw-
  20000000    20000000    00000008   00000000    rw- .data
  20000008    20000008    00000002   00000000    rw- .bss
2000fe00    2000fe00    00000200   00000000    rw-
  2000fe00    2000fe00    00000200   00000000    rw- .stack


SECTION ALLOCATION MAP

 output                                  attributes/
section   page    origin      length       input sections
--------  ----  ----------  ----------   ----------------
.intvecs   0    00000000    000000e4     
                  00000000    000000e4     startup_msp432p401r_ccs.obj (.intvecs:retain)

.text      0    000000e4    000025ac     
                  000000e4    00000a4e     rtsv7M4_T_le_v4SPD16_eabi.lib : _printfi.c.obj (.text:__TI_printfi)
                  00000b32    00000002                                   : div0.asm.obj (.text)
                  00000b34    000003ac     main.obj (.text)
                  00000ee0    00000334     system_msp432p401r.obj (.text)
                  00001214    00000270     rtsv7M4_T_le_v4SPD16_eabi.lib : _printfi.c.obj (.text:_pconv_a)
                  00001484    000001d0                                   : _printfi.c.obj (.text:_pconv_g)
                  00001654    000001b6                                   : fd_add_t2.asm.obj (.text)
                  0000180a    00000002     --HOLE-- [fill = 0]
                  0000180c    0000013c                                   : _printfi.c.obj (.text:_pconv_e)
                  00001948    00000136                                   : fd_div_t2.asm.obj (.text)
                  00001a7e    00000002     --HOLE-- [fill = 0]
                  00001a80    00000124                                   : _printfi.c.obj (.text:fcvt)
                  00001ba4    00000110                                   : s_scalbn.c.obj (.text:scalbn)
                  00001cb4    000000fc                                   : fd_mul_t2.asm.obj (.text)
                  00001db0    000000b1                                   : _printfi.c.obj (.text:_ltostr)
                  00001e61    00000001     --HOLE-- [fill = 0]
                  00001e62    0000009c                                   : memcpy_t2.asm.obj (.text)
                  00001efe    00000096                                   : ull_div_t2.asm.obj (.text)
                  00001f94    00000086                                   : fd_cmp_t2.asm.obj (.text:__aeabi_cdcmple)
                  0000201a    00000086                                   : fd_cmp_t2.asm.obj (.text:__aeabi_cdrcmple)
                  000020a0    0000007a                                   : memset_t2.asm.obj (.text)
                  0000211a    0000006e                                   : _printfi.c.obj (.text:_mcpy)
                  00002188    0000006e                                   : fd_tos_t2.asm.obj (.text)
                  000021f6    00000068                                   : copy_decompress_lzss.c.obj (.text:decompress:lzss:__TI_decompress_lzss)
                  0000225e    00000002     --HOLE-- [fill = 0]
                  00002260    00000064                                   : s_frexp.c.obj (.text:frexp)
                  000022c4    00000056                                   : _printfi.c.obj (.text:_pconv_f)
                  0000231a    00000054                                   : ltoa.c.obj (.text:ltoa)
                  0000236e    00000052                                   : _printfi.c.obj (.text:_ecpy)
                  000023c0    0000004c                                   : atoi.c.obj (.text:atoi)
                  0000240c    00000048                                   : fd_toi_t2.asm.obj (.text)
                  00002454    00000044                                   : autoinit.c.obj (.text:__TI_auto_init_nobinit_nopinit:__TI_auto_init_nobinit_nopinit)
                  00002498    00000040                                   : sprintf.c.obj (.text:sprintf)
                  000024d8    0000003e                                   : _printfi.c.obj (.text:_fcpy)
                  00002516    00000038                                   : fs_tod_t2.asm.obj (.text)
                  0000254e    00000002     --HOLE-- [fill = 0]
                  00002550    00000034                                   : boot_cortex_m.c.obj (.text:_c_int00_noargs:_c_int00_noargs)
                  00002584    0000002e                                   : i_tofd_t2.asm.obj (.text)
                  000025b2    0000001c                                   : copy_zero_init.c.obj (.text:decompress:ZI:__TI_zero_init_nomemset:__TI_zero_init_nomemset)
                  000025ce    0000001c                                   : memccpy.c.obj (.text:memccpy)
                  000025ea    0000001a                                   : s_copysign.c.obj (.text:copysign)
                  00002604    00000018                                   : sprintf.c.obj (.text:_outs)
                  0000261c    00000016                                   : strchr.c.obj (.text:strchr)
                  00002632    00000014                                   : strlen.c.obj (.text:strlen)
                  00002646    00000012                                   : wcslen.c.obj (.text:wcslen)
                  00002658    0000000e                                   : copy_decompress_none.c.obj (.text:decompress:none:__TI_decompress_none)
                  00002666    0000000e     startup_msp432p401r_ccs.obj (.text)
                  00002674    0000000a     rtsv7M4_T_le_v4SPD16_eabi.lib : sprintf.c.obj (.text:_outc)
                  0000267e    00000002     --HOLE-- [fill = 0]
                  00002680    00000008                                   : errno.c.obj (.text:__aeabi_errno_addr)
                  00002688    00000004                                   : pre_init.c.obj (.text:_system_pre_init)
                  0000268c    00000004                                   : exit.c.obj (.text:abort:abort)

.const     0    00002690    00000101     
                  00002690    00000101     rtsv7M4_T_le_v4SPD16_eabi.lib : ctype.c.obj (.const:.string:_ctypes_)

.cinit     0    00002798    00000030     
                  00002798    0000000c     (__TI_handler_table)
                  000027a4    0000000b     (.cinit..data.load) [load image, compression = lzss]
                  000027af    00000001     --HOLE-- [fill = 0]
                  000027b0    00000008     (.cinit..bss.load) [load image, compression = zero_init]
                  000027b8    00000010     (__TI_cinit_table)

.init_array 
*          0    00000000    00000000     UNINITIALIZED

.binit     0    00000000    00000000     

.data      0    20000000    00000008     UNINITIALIZED
                  20000000    00000004     rtsv7M4_T_le_v4SPD16_eabi.lib : errno.c.obj (.data)
                  20000004    00000004     system_msp432p401r.obj (.data)

.bss       0    20000008    00000002     UNINITIALIZED
                  20000008    00000002     main.obj (.bss)

.stack     0    2000fe00    00000200     UNINITIALIZED
                  2000fe00    00000004     rtsv7M4_T_le_v4SPD16_eabi.lib : boot_cortex_m.c.obj (.stack)
                  2000fe04    000001fc     --HOLE--

MODULE SUMMARY

       Module                        code   ro data   rw data
       ------                        ----   -------   -------
    .\
       main.obj                      940    0         4      
       system_msp432p401r.obj        820    0         8      
       startup_msp432p401r_ccs.obj   14     228       0      
    +--+-----------------------------+------+---------+---------+
       Total:                        1774   228       12     
                                                             
    C:\Users\Patri\OneDrive\Desktop\ccs\tools\compiler\ti-cgt-arm_18.12.4.LTS\lib\rtsv7M4_T_le_v4SPD16_eabi.lib
       _printfi.c.obj                4851   0         0      
       fd_add_t2.asm.obj             438    0         0      
       fd_div_t2.asm.obj             310    0         0      
       s_scalbn.c.obj                272    0         0      
       fd_cmp_t2.asm.obj             268    0         0      
       ctype.c.obj                   0      257       0      
       fd_mul_t2.asm.obj             252    0         0      
       memcpy_t2.asm.obj             156    0         0      
       ull_div_t2.asm.obj            150    0         0      
       memset_t2.asm.obj             122    0         0      
       fd_tos_t2.asm.obj             110    0         0      
       copy_decompress_lzss.c.obj    104    0         0      
       s_frexp.c.obj                 100    0         0      
       sprintf.c.obj                 98     0         0      
       ltoa.c.obj                    84     0         0      
       atoi.c.obj                    76     0         0      
       fd_toi_t2.asm.obj             72     0         0      
       autoinit.c.obj                68     0         0      
       fs_tod_t2.asm.obj             56     0         0      
       boot_cortex_m.c.obj           52     0         0      
       i_tofd_t2.asm.obj             46     0         0      
       copy_zero_init.c.obj          28     0         0      
       memccpy.c.obj                 28     0         0      
       s_copysign.c.obj              26     0         0      
       strchr.c.obj                  22     0         0      
       strlen.c.obj                  20     0         0      
       wcslen.c.obj                  18     0         0      
       errno.c.obj                   8      0         8      
       copy_decompress_none.c.obj    14     0         0      
       exit.c.obj                    4      0         0      
       pre_init.c.obj                4      0         0      
       div0.asm.obj                  2      0         0      
    +--+-----------------------------+------+---------+---------+
       Total:                        7859   257       8      
                                                             
       Stack:                        0      0         1024   
       Linker Generated:             0      47        0      
    +--+-----------------------------+------+---------+---------+
       Grand Total:                  9633   532       1044   


LINKER GENERATED COPY TABLES

__TI_cinit_table @ 000027b8 records: 2, size/record: 8, table size: 16
	.data: load addr=000027a4, load size=0000000b bytes, run addr=20000000, run size=00000008 bytes, compression=lzss
	.bss: load addr=000027b0, load size=00000008 bytes, run addr=20000008, run size=00000002 bytes, compression=zero_init


LINKER GENERATED HANDLER TABLE

__TI_handler_table @ 00002798 records: 3, size/record: 4, table size: 12
	index: 0, handler: __TI_decompress_lzss
	index: 1, handler: __TI_decompress_none
	index: 2, handler: __TI_zero_init


GLOBAL SYMBOLS: SORTED ALPHABETICALLY BY Name 

address   name                          
-------   ----                          
00002673  ADC14_IRQHandler              
00000b35  ADC14_init                    
00002673  AES256_IRQHandler             
00002673  BusFault_Handler              
0000268d  C$$EXIT                       
00002673  COMP_E0_IRQHandler            
00002673  COMP_E1_IRQHandler            
00002673  CS_IRQHandler                 
00002673  DMA_ERR_IRQHandler            
00002673  DMA_INT0_IRQHandler           
00002673  DMA_INT1_IRQHandler           
00002673  DMA_INT2_IRQHandler           
00002673  DMA_INT3_IRQHandler           
00002673  DebugMon_Handler              
00002673  Default_Handler               
00002673  EUSCIA0_IRQHandler            
00002673  EUSCIA1_IRQHandler            
00002673  EUSCIA2_IRQHandler            
00002673  EUSCIA3_IRQHandler            
00002673  EUSCIB0_IRQHandler            
00002673  EUSCIB1_IRQHandler            
00002673  EUSCIB2_IRQHandler            
00002673  EUSCIB3_IRQHandler            
00002673  FLCTL_IRQHandler              
00002673  FPU_IRQHandler                
00002673  HardFault_Handler             
00000cf5  LCD_init                      
00002673  MemManage_Handler             
00002673  NMI_Handler                   
00002673  PCM_IRQHandler                
00002673  PORT1_IRQHandler              
00002673  PORT2_IRQHandler              
00002673  PORT3_IRQHandler              
00002673  PORT4_IRQHandler              
00002673  PORT5_IRQHandler              
00002673  PORT6_IRQHandler              
00002673  PSS_IRQHandler                
00002673  PendSV_Handler                
00000c0b  PulseEnablePin                
00002673  RTC_C_IRQHandler              
00002667  Reset_Handler                 
00002673  SVC_Handler                   
00002673  SysTick_Handler               
20000004  SystemCoreClock               
00000ee1  SystemCoreClockUpdate         
00001159  SystemInit                    
00002673  T32_INT1_IRQHandler           
00002673  T32_INT2_IRQHandler           
00002673  T32_INTC_IRQHandler           
00002673  TA0_0_IRQHandler              
00002673  TA0_N_IRQHandler              
00002673  TA1_0_IRQHandler              
00002673  TA1_N_IRQHandler              
00002673  TA2_0_IRQHandler              
00002673  TA2_N_IRQHandler              
00002673  TA3_0_IRQHandler              
00002673  TA3_N_IRQHandler              
00002673  UsageFault_Handler            
4000480c  WDTCTL_SYM                    
00002673  WDT_A_IRQHandler              
20010000  __STACK_END                   
00000200  __STACK_SIZE                  
000027b8  __TI_CINIT_Base               
000027c8  __TI_CINIT_Limit              
00002798  __TI_Handler_Table_Base       
000027a4  __TI_Handler_Table_Limit      
00002455  __TI_auto_init_nobinit_nopinit
000021f7  __TI_decompress_lzss          
00002659  __TI_decompress_none          
ffffffff  __TI_pprof_out_hndl           
000000e5  __TI_printfi                  
ffffffff  __TI_prof_data_size           
ffffffff  __TI_prof_data_start          
00000000  __TI_static_base__            
000025b3  __TI_zero_init_nomemset       
00001f95  __aeabi_cdcmpeq               
00001f95  __aeabi_cdcmple               
0000201b  __aeabi_cdrcmple              
00002189  __aeabi_d2f                   
0000240d  __aeabi_d2iz                  
0000165f  __aeabi_dadd                  
00001949  __aeabi_ddiv                  
00001cb5  __aeabi_dmul                  
00001655  __aeabi_dsub                  
00002681  __aeabi_errno_addr            
00002517  __aeabi_f2d                   
00002585  __aeabi_i2d                   
00000b33  __aeabi_idiv0                 
00000b33  __aeabi_ldiv0                 
000020a1  __aeabi_memclr                
000020a1  __aeabi_memclr4               
000020a1  __aeabi_memclr8               
00001e63  __aeabi_memcpy                
00001e63  __aeabi_memcpy4               
00001e63  __aeabi_memcpy8               
000020a3  __aeabi_memset                
000020a3  __aeabi_memset4               
000020a3  __aeabi_memset8               
00001eff  __aeabi_uldivmod              
ffffffff  __binit__                     
ffffffff  __c_args__                    
UNDEFED   __mpu_init                    
2000fe00  __stack                       
00002551  _c_int00_noargs               
00002690  _ctypes_                      
UNDEFED   _system_post_cinit            
00002689  _system_pre_init              
0000268d  abort                         
000023c1  atoi                          
ffffffff  binit                         
000025eb  copysign                      
000025eb  copysignl                     
00000bc1  delay_micro                   
00000be5  delay_ms                      
20000000  errno                         
00002261  frexp                         
00002261  frexpl                        
00000000  interruptVectors              
00001ba5  ldexp                         
00001ba5  ldexpl                        
0000231b  ltoa                          
00000d5f  main                          
000025cf  memccpy                       
00001e63  memcpy                        
000020a9  memset                        
00000b7b  port4_init                    
00000ccd  print_string                  
00000c61  pushByte                      
00000c39  pushNibble                    
00001ba5  scalbn                        
00001ba5  scalbnl                       
00002499  sprintf                       
0000261d  strchr                        
00002633  strlen                        
00000ba5  systick_init                  
00002647  wcslen                        
00000c99  write_command                 
00000cb3  write_data                    


GLOBAL SYMBOLS: SORTED BY Symbol Address 

address   name                          
-------   ----                          
00000000  __TI_static_base__            
00000000  interruptVectors              
000000e5  __TI_printfi                  
00000200  __STACK_SIZE                  
00000b33  __aeabi_idiv0                 
00000b33  __aeabi_ldiv0                 
00000b35  ADC14_init                    
00000b7b  port4_init                    
00000ba5  systick_init                  
00000bc1  delay_micro                   
00000be5  delay_ms                      
00000c0b  PulseEnablePin                
00000c39  pushNibble                    
00000c61  pushByte                      
00000c99  write_command                 
00000cb3  write_data                    
00000ccd  print_string                  
00000cf5  LCD_init                      
00000d5f  main                          
00000ee1  SystemCoreClockUpdate         
00001159  SystemInit                    
00001655  __aeabi_dsub                  
0000165f  __aeabi_dadd                  
00001949  __aeabi_ddiv                  
00001ba5  ldexp                         
00001ba5  ldexpl                        
00001ba5  scalbn                        
00001ba5  scalbnl                       
00001cb5  __aeabi_dmul                  
00001e63  __aeabi_memcpy                
00001e63  __aeabi_memcpy4               
00001e63  __aeabi_memcpy8               
00001e63  memcpy                        
00001eff  __aeabi_uldivmod              
00001f95  __aeabi_cdcmpeq               
00001f95  __aeabi_cdcmple               
0000201b  __aeabi_cdrcmple              
000020a1  __aeabi_memclr                
000020a1  __aeabi_memclr4               
000020a1  __aeabi_memclr8               
000020a3  __aeabi_memset                
000020a3  __aeabi_memset4               
000020a3  __aeabi_memset8               
000020a9  memset                        
00002189  __aeabi_d2f                   
000021f7  __TI_decompress_lzss          
00002261  frexp                         
00002261  frexpl                        
0000231b  ltoa                          
000023c1  atoi                          
0000240d  __aeabi_d2iz                  
00002455  __TI_auto_init_nobinit_nopinit
00002499  sprintf                       
00002517  __aeabi_f2d                   
00002551  _c_int00_noargs               
00002585  __aeabi_i2d                   
000025b3  __TI_zero_init_nomemset       
000025cf  memccpy                       
000025eb  copysign                      
000025eb  copysignl                     
0000261d  strchr                        
00002633  strlen                        
00002647  wcslen                        
00002659  __TI_decompress_none          
00002667  Reset_Handler                 
00002673  ADC14_IRQHandler              
00002673  AES256_IRQHandler             
00002673  BusFault_Handler              
00002673  COMP_E0_IRQHandler            
00002673  COMP_E1_IRQHandler            
00002673  CS_IRQHandler                 
00002673  DMA_ERR_IRQHandler            
00002673  DMA_INT0_IRQHandler           
00002673  DMA_INT1_IRQHandler           
00002673  DMA_INT2_IRQHandler           
00002673  DMA_INT3_IRQHandler           
00002673  DebugMon_Handler              
00002673  Default_Handler               
00002673  EUSCIA0_IRQHandler            
00002673  EUSCIA1_IRQHandler            
00002673  EUSCIA2_IRQHandler            
00002673  EUSCIA3_IRQHandler            
00002673  EUSCIB0_IRQHandler            
00002673  EUSCIB1_IRQHandler            
00002673  EUSCIB2_IRQHandler            
00002673  EUSCIB3_IRQHandler            
00002673  FLCTL_IRQHandler              
00002673  FPU_IRQHandler                
00002673  HardFault_Handler             
00002673  MemManage_Handler             
00002673  NMI_Handler                   
00002673  PCM_IRQHandler                
00002673  PORT1_IRQHandler              
00002673  PORT2_IRQHandler              
00002673  PORT3_IRQHandler              
00002673  PORT4_IRQHandler              
00002673  PORT5_IRQHandler              
00002673  PORT6_IRQHandler              
00002673  PSS_IRQHandler                
00002673  PendSV_Handler                
00002673  RTC_C_IRQHandler              
00002673  SVC_Handler                   
00002673  SysTick_Handler               
00002673  T32_INT1_IRQHandler           
00002673  T32_INT2_IRQHandler           
00002673  T32_INTC_IRQHandler           
00002673  TA0_0_IRQHandler              
00002673  TA0_N_IRQHandler              
00002673  TA1_0_IRQHandler              
00002673  TA1_N_IRQHandler              
00002673  TA2_0_IRQHandler              
00002673  TA2_N_IRQHandler              
00002673  TA3_0_IRQHandler              
00002673  TA3_N_IRQHandler              
00002673  UsageFault_Handler            
00002673  WDT_A_IRQHandler              
00002681  __aeabi_errno_addr            
00002689  _system_pre_init              
0000268d  C$$EXIT                       
0000268d  abort                         
00002690  _ctypes_                      
00002798  __TI_Handler_Table_Base       
000027a4  __TI_Handler_Table_Limit      
000027b8  __TI_CINIT_Base               
000027c8  __TI_CINIT_Limit              
20000000  errno                         
20000004  SystemCoreClock               
2000fe00  __stack                       
20010000  __STACK_END                   
4000480c  WDTCTL_SYM                    
ffffffff  __TI_pprof_out_hndl           
ffffffff  __TI_prof_data_size           
ffffffff  __TI_prof_data_start          
ffffffff  __binit__                     
ffffffff  __c_args__                    
ffffffff  binit                         
UNDEFED   __mpu_init                    
UNDEFED   _system_post_cinit            

[138 symbols]
