******************************************************************************
                  TI ARM Linker PC v18.12.4                    
******************************************************************************
>> Linked Thu Oct  8 12:49:12 2020

OUTPUT FILE NAME:   <Lab5Part2.out>
ENTRY POINT SYMBOL: "_c_int00_noargs"  address: 00002d85


MEMORY CONFIGURATION

         name            origin    length      used     unused   attr    fill
----------------------  --------  ---------  --------  --------  ----  --------
  MAIN                  00000000   00040000  00003181  0003ce7f  R  X
  INFO                  00200000   00004000  00000000  00004000  R  X
  SRAM_CODE             01000000   00010000  000009b4  0000f64c  RW X
  SRAM_DATA             20000000   00010000  000009b4  0000f64c  RW  


SEGMENT ALLOCATION MAP

run origin  load origin   length   init length attrs members
----------  ----------- ---------- ----------- ----- -------
00000000    00000000    00003188   00003188    r-x
  00000000    00000000    000000e4   000000e4    r-- .intvecs
  000000e4    000000e4    00002f0c   00002f0c    r-x .text
  00002ff0    00002ff0    00000101   00000101    r-- .const
  000030f8    000030f8    00000090   00000090    r-- .cinit
20000000    20000000    000007b4   00000000    rw-
  20000000    20000000    00000400   00000000    rw- .sysmem
  20000400    20000400    000001ec   00000000    rw- .data
  200005ec    200005ec    000001c8   00000000    rw- .bss
2000fe00    2000fe00    00000200   00000000    rw-
  2000fe00    2000fe00    00000200   00000000    rw- .stack


SECTION ALLOCATION MAP

 output                                  attributes/
section   page    origin      length       input sections
--------  ----  ----------  ----------   ----------------
.intvecs   0    00000000    000000e4     
                  00000000    000000e4     startup_msp432p401r_ccs.obj (.intvecs:retain)

.text      0    000000e4    00002f0c     
                  000000e4    00000a4e     rtsv7M4_T_le_v4SPD16_eabi.lib : _printfi.c.obj (.text:__TI_printfi)
                  00000b32    00000002                                   : _lock.c.obj (.text:_nop)
                  00000b34    00000334     system_msp432p401r.obj (.text)
                  00000e68    00000270     rtsv7M4_T_le_v4SPD16_eabi.lib : _printfi.c.obj (.text:_pconv_a)
                  000010d8    000001d0                                   : _printfi.c.obj (.text:_pconv_g)
                  000012a8    000001c0     main.obj (.text)
                  00001468    000001b6     rtsv7M4_T_le_v4SPD16_eabi.lib : fd_add_t2.asm.obj (.text)
                  0000161e    00000002                                   : div0.asm.obj (.text)
                  00001620    0000013c                                   : _printfi.c.obj (.text:_pconv_e)
                  0000175c    00000136                                   : fd_div_t2.asm.obj (.text)
                  00001892    00000002     --HOLE-- [fill = 0]
                  00001894    00000124                                   : _printfi.c.obj (.text:fcvt)
                  000019b8    00000118                                   : memory.c.obj (.text:aligned_alloc)
                  00001ad0    00000114                                   : fputs.c.obj (.text:fputs)
                  00001be4    00000110                                   : s_scalbn.c.obj (.text:scalbn)
                  00001cf4    000000fc                                   : fd_mul_t2.asm.obj (.text)
                  00001df0    000000e4                                   : memory.c.obj (.text:free)
                  00001ed4    000000dc                                   : setvbuf.c.obj (.text:setvbuf)
                  00001fb0    000000b1                                   : _printfi.c.obj (.text:_ltostr)
                  00002061    00000001     --HOLE-- [fill = 0]
                  00002062    0000009c                                   : memcpy_t2.asm.obj (.text)
                  000020fe    00000096                                   : ull_div_t2.asm.obj (.text)
                  00002194    0000008c                                   : fputc.c.obj (.text:fputc)
                  00002220    00000086                                   : fd_cmp_t2.asm.obj (.text:__aeabi_cdcmple)
                  000022a6    00000086                                   : fd_cmp_t2.asm.obj (.text:__aeabi_cdrcmple)
                  0000232c    0000007a                                   : memset_t2.asm.obj (.text)
                  000023a6    00000002     --HOLE-- [fill = 0]
                  000023a8    00000074                                   : fclose.c.obj (.text:__TI_closefile)
                  0000241c    00000070                                   : memory.c.obj (.text:split)
                  0000248c    0000006e                                   : _printfi.c.obj (.text:_mcpy)
                  000024fa    00000002     --HOLE-- [fill = 0]
                  000024fc    0000006c                                   : hostrename.c.obj (.text:HOSTrename)
                  00002568    00000068                                   : hostlseek.c.obj (.text:HOSTlseek)
                  000025d0    00000068                                   : copy_decompress_lzss.c.obj (.text:decompress:lzss:__TI_decompress_lzss)
                  00002638    00000068                                   : printf.c.obj (.text:printf)
                  000026a0    00000064                                   : s_frexp.c.obj (.text:frexp)
                  00002704    00000064                                   : fseek.c.obj (.text:fseek)
                  00002768    00000062                                   : _io_perm.c.obj (.text:__TI_wrt_ok)
                  000027ca    00000002     --HOLE-- [fill = 0]
                  000027cc    00000060                                   : hostopen.c.obj (.text:HOSTopen)
                  0000282c    0000005c                                   : close.c.obj (.text:close)
                  00002888    00000058                                   : hostread.c.obj (.text:HOSTread)
                  000028e0    00000058                                   : hostwrite.c.obj (.text:HOSTwrite)
                  00002938    00000056                                   : _printfi.c.obj (.text:_pconv_f)
                  0000298e    00000054                                   : ltoa.c.obj (.text:ltoa)
                  000029e2    00000052                                   : _printfi.c.obj (.text:_ecpy)
                  00002a34    0000004c                                   : fflush.c.obj (.text:__TI_doflush)
                  00002a80    0000004c                                   : atoi.c.obj (.text:atoi)
                  00002acc    00000048                                   : exit.c.obj (.text:exit)
                  00002b14    00000048                                   : fd_toi_t2.asm.obj (.text)
                  00002b5c    00000044                                   : hostclose.c.obj (.text:HOSTclose)
                  00002ba0    00000044                                   : hostunlink.c.obj (.text:HOSTunlink)
                  00002be4    00000044                                   : autoinit.c.obj (.text:__TI_auto_init_nobinit_nopinit:__TI_auto_init_nobinit_nopinit)
                  00002c28    00000044                                   : getdevice.c.obj (.text:getdevice)
                  00002c6c    0000003e                                   : _printfi.c.obj (.text:_fcpy)
                  00002caa    00000002     --HOLE-- [fill = 0]
                  00002cac    00000038                                   : trgmsg.c.obj (.text:__TI_writemsg)
                  00002ce4    00000036                                   : strncpy.c.obj (.text:strncpy)
                  00002d1a    00000002     --HOLE-- [fill = 0]
                  00002d1c    00000034                                   : fopen.c.obj (.text:__TI_cleanup)
                  00002d50    00000034                                   : trgmsg.c.obj (.text:__TI_readmsg)
                  00002d84    00000034                                   : boot_cortex_m.c.obj (.text:_c_int00_noargs:_c_int00_noargs)
                  00002db8    00000030                                   : getdevice.c.obj (.text:finddevice)
                  00002de8    0000002e                                   : i_tofd_t2.asm.obj (.text)
                  00002e16    00000002     --HOLE-- [fill = 0]
                  00002e18    0000002c                                   : unlink.c.obj (.text:unlink)
                  00002e44    00000028                                   : memory.c.obj (.text:free_list_insert)
                  00002e6c    00000028                                   : lseek.c.obj (.text:lseek)
                  00002e94    00000028                                   : write.c.obj (.text:write)
                  00002ebc    00000020                                   : memchr.c.obj (.text:memchr)
                  00002edc    0000001c                                   : copy_zero_init.c.obj (.text:decompress:ZI:__TI_zero_init_nomemset:__TI_zero_init_nomemset)
                  00002ef8    0000001c                                   : memory.c.obj (.text:free_list_remove)
                  00002f14    0000001c                                   : memccpy.c.obj (.text:memccpy)
                  00002f30    0000001a                                   : s_copysign.c.obj (.text:copysign)
                  00002f4a    00000018                                   : strcmp.c.obj (.text:strcmp)
                  00002f62    00000016                                   : strchr.c.obj (.text:strchr)
                  00002f78    00000014                                   : strcpy.c.obj (.text:strcpy)
                  00002f8c    00000014                                   : strlen.c.obj (.text:strlen)
                  00002fa0    00000012                                   : wcslen.c.obj (.text:wcslen)
                  00002fb2    0000000e                                   : copy_decompress_none.c.obj (.text:decompress:none:__TI_decompress_none)
                  00002fc0    0000000e     startup_msp432p401r_ccs.obj (.text)
                  00002fce    00000002     --HOLE-- [fill = 0]
                  00002fd0    00000008     rtsv7M4_T_le_v4SPD16_eabi.lib : errno.c.obj (.text:__aeabi_errno_addr)
                  00002fd8    00000008                                   : memory.c.obj (.text:malloc)
                  00002fe0    00000004                                   : printf.c.obj (.text:_outc)
                  00002fe4    00000004                                   : printf.c.obj (.text:_outs)
                  00002fe8    00000004                                   : pre_init.c.obj (.text:_system_pre_init)
                  00002fec    00000004                                   : exit.c.obj (.text:abort:abort)

.const     0    00002ff0    00000101     
                  00002ff0    00000101     rtsv7M4_T_le_v4SPD16_eabi.lib : ctype.c.obj (.const:.string:_ctypes_)

.cinit     0    000030f8    00000090     
                  000030f8    0000006a     (.cinit..data.load) [load image, compression = lzss]
                  00003162    00000002     --HOLE-- [fill = 0]
                  00003164    0000000c     (__TI_handler_table)
                  00003170    00000008     (.cinit..bss.load) [load image, compression = zero_init]
                  00003178    00000010     (__TI_cinit_table)

.init_array 
*          0    00000000    00000000     UNINITIALIZED

.binit     0    00000000    00000000     

.sysmem    0    20000000    00000400     UNINITIALIZED
                  20000000    00000010     rtsv7M4_T_le_v4SPD16_eabi.lib : memory.c.obj (.sysmem)
                  20000010    000003f0     --HOLE--

.data      0    20000400    000001ec     UNINITIALIZED
                  20000400    000000f0     rtsv7M4_T_le_v4SPD16_eabi.lib : defs.c.obj (.data:_ftable)
                  200004f0    00000078                                   : host_device.c.obj (.data:_device)
                  20000568    00000050                                   : host_device.c.obj (.data:_stream)
                  200005b8    00000010                                   : defs.c.obj (.data)
                  200005c8    0000000c                                   : exit.c.obj (.data:$O1$$)
                  200005d4    00000008                                   : _lock.c.obj (.data:$O1$$)
                  200005dc    00000008                                   : memory.c.obj (.data:$O1$$)
                  200005e4    00000004                                   : errno.c.obj (.data)
                  200005e8    00000004     system_msp432p401r.obj (.data)

.bss       0    200005ec    000001c8     UNINITIALIZED
                  200005ec    00000120     rtsv7M4_T_le_v4SPD16_eabi.lib : trgmsg.c.obj (.bss:_CIOBUF_)
                  2000070c    000000a0     (.common:__TI_tmpnams)
                  200007ac    00000008     (.common:parmbuf)

.stack     0    2000fe00    00000200     UNINITIALIZED
                  2000fe00    00000004     rtsv7M4_T_le_v4SPD16_eabi.lib : boot_cortex_m.c.obj (.stack)
                  2000fe04    000001fc     --HOLE--

MODULE SUMMARY

       Module                        code    ro data   rw data
       ------                        ----    -------   -------
    .\
       system_msp432p401r.obj        820     0         8      
       main.obj                      448     0         0      
       startup_msp432p401r_ccs.obj   14      228       0      
    +--+-----------------------------+-------+---------+---------+
       Total:                        1282    228       8      
                                                              
    C:\Users\Patri\OneDrive\Desktop\ccs\tools\compiler\ti-cgt-arm_18.12.4.LTS\lib\rtsv7M4_T_le_v4SPD16_eabi.lib
       _printfi.c.obj                4851    0         0      
       defs.c.obj                    0       0         832    
       memory.c.obj                  696     0         16     
       trgmsg.c.obj                  108     0         576    
       fd_add_t2.asm.obj             438     0         0      
       host_device.c.obj             0       0         400    
       fd_div_t2.asm.obj             310     0         0      
       fputs.c.obj                   276     0         0      
       s_scalbn.c.obj                272     0         0      
       fd_cmp_t2.asm.obj             268     0         0      
       ctype.c.obj                   0       257       0      
       fd_mul_t2.asm.obj             252     0         0      
       setvbuf.c.obj                 220     0         0      
       memcpy_t2.asm.obj             156     0         0      
       ull_div_t2.asm.obj            150     0         0      
       fputc.c.obj                   140     0         0      
       memset_t2.asm.obj             122     0         0      
       fclose.c.obj                  116     0         0      
       getdevice.c.obj               116     0         0      
       hostopen.c.obj                96      0         16     
       printf.c.obj                  112     0         0      
       hostrename.c.obj              108     0         0      
       copy_decompress_lzss.c.obj    104     0         0      
       hostlseek.c.obj               104     0         0      
       exit.c.obj                    76      0         24     
       fseek.c.obj                   100     0         0      
       s_frexp.c.obj                 100     0         0      
       _io_perm.c.obj                98      0         0      
       close.c.obj                   92      0         0      
       hostread.c.obj                88      0         0      
       hostwrite.c.obj               88      0         0      
       ltoa.c.obj                    84      0         0      
       atoi.c.obj                    76      0         0      
       fflush.c.obj                  76      0         0      
       fd_toi_t2.asm.obj             72      0         0      
       autoinit.c.obj                68      0         0      
       hostclose.c.obj               68      0         0      
       hostunlink.c.obj              68      0         0      
       strncpy.c.obj                 54      0         0      
       boot_cortex_m.c.obj           52      0         0      
       fopen.c.obj                   52      0         0      
       i_tofd_t2.asm.obj             46      0         0      
       unlink.c.obj                  44      0         0      
       lseek.c.obj                   40      0         0      
       write.c.obj                   40      0         0      
       memchr.c.obj                  32      0         0      
       copy_zero_init.c.obj          28      0         0      
       memccpy.c.obj                 28      0         0      
       s_copysign.c.obj              26      0         0      
       strcmp.c.obj                  24      0         0      
       strchr.c.obj                  22      0         0      
       strcpy.c.obj                  20      0         0      
       strlen.c.obj                  20      0         0      
       _lock.c.obj                   2       0         16     
       wcslen.c.obj                  18      0         0      
       errno.c.obj                   8       0         8      
       copy_decompress_none.c.obj    14      0         0      
       pre_init.c.obj                4       0         0      
       div0.asm.obj                  2       0         0      
    +--+-----------------------------+-------+---------+---------+
       Total:                        10745   257       1888   
                                                              
       Heap:                         0       0         2048   
       Stack:                        0       0         1024   
       Linker Generated:             0       142       0      
    +--+-----------------------------+-------+---------+---------+
       Grand Total:                  12027   627       4968   


LINKER GENERATED COPY TABLES

__TI_cinit_table @ 00003178 records: 2, size/record: 8, table size: 16
	.data: load addr=000030f8, load size=0000006a bytes, run addr=20000400, run size=000001ec bytes, compression=lzss
	.bss: load addr=00003170, load size=00000008 bytes, run addr=200005ec, run size=000001c8 bytes, compression=zero_init


LINKER GENERATED HANDLER TABLE

__TI_handler_table @ 00003164 records: 3, size/record: 4, table size: 12
	index: 0, handler: __TI_decompress_lzss
	index: 1, handler: __TI_decompress_none
	index: 2, handler: __TI_zero_init


GLOBAL SYMBOLS: SORTED ALPHABETICALLY BY Name 

address   name                           
-------   ----                           
00002fcd  ADC14_IRQHandler               
00002fcd  AES256_IRQHandler              
00002fcd  BusFault_Handler               
00002fed  C$$EXIT                        
00002cdb  C$$IO$$                        
00002fcd  COMP_E0_IRQHandler             
00002fcd  COMP_E1_IRQHandler             
00002fcd  CS_IRQHandler                  
00002fcd  DMA_ERR_IRQHandler             
00002fcd  DMA_INT0_IRQHandler            
00002fcd  DMA_INT1_IRQHandler            
00002fcd  DMA_INT2_IRQHandler            
00002fcd  DMA_INT3_IRQHandler            
00002fcd  DebugMon_Handler               
00002fcd  Default_Handler                
00002fcd  EUSCIA0_IRQHandler             
00002fcd  EUSCIA1_IRQHandler             
00002fcd  EUSCIA2_IRQHandler             
00002fcd  EUSCIA3_IRQHandler             
00002fcd  EUSCIB0_IRQHandler             
00002fcd  EUSCIB1_IRQHandler             
00002fcd  EUSCIB2_IRQHandler             
00002fcd  EUSCIB3_IRQHandler             
00002fcd  FLCTL_IRQHandler               
00002fcd  FPU_IRQHandler                 
00002b5d  HOSTclose                      
00002569  HOSTlseek                      
000027cd  HOSTopen                       
00002889  HOSTread                       
000024fd  HOSTrename                     
00002ba1  HOSTunlink                     
000028e1  HOSTwrite                      
00002fcd  HardFault_Handler              
00002fcd  MemManage_Handler              
00002fcd  NMI_Handler                    
00002fcd  PCM_IRQHandler                 
00002fcd  PORT1_IRQHandler               
00002fcd  PORT2_IRQHandler               
00002fcd  PORT3_IRQHandler               
00002fcd  PORT4_IRQHandler               
00002fcd  PORT5_IRQHandler               
00002fcd  PORT6_IRQHandler               
00002fcd  PSS_IRQHandler                 
00002fcd  PendSV_Handler                 
00002fcd  RTC_C_IRQHandler               
00002fc1  Reset_Handler                  
00002fcd  SVC_Handler                    
00002fcd  SysTick_Handler                
200005e8  SystemCoreClock                
00000b35  SystemCoreClockUpdate          
00000dad  SystemInit                     
00002fcd  T32_INT1_IRQHandler            
00002fcd  T32_INT2_IRQHandler            
00002fcd  T32_INTC_IRQHandler            
00002fcd  TA0_0_IRQHandler               
00002fcd  TA0_N_IRQHandler               
00002fcd  TA1_0_IRQHandler               
00002fcd  TA1_N_IRQHandler               
00002fcd  TA2_0_IRQHandler               
00002fcd  TA2_N_IRQHandler               
00002fcd  TA3_0_IRQHandler               
00002fcd  TA3_N_IRQHandler               
00002fcd  UsageFault_Handler             
4000480c  WDTCTL_SYM                     
00002fcd  WDT_A_IRQHandler               
200005ec  __CIOBUF_                      
20010000  __STACK_END                    
00000200  __STACK_SIZE                   
00000400  __SYSMEM_SIZE                  
00003178  __TI_CINIT_Base                
00003188  __TI_CINIT_Limit               
00003164  __TI_Handler_Table_Base        
00003170  __TI_Handler_Table_Limit       
00002be5  __TI_auto_init_nobinit_nopinit 
00002d1d  __TI_cleanup                   
200005c8  __TI_cleanup_ptr               
000023a9  __TI_closefile                 
000025d1  __TI_decompress_lzss           
00002fb3  __TI_decompress_none           
00002a35  __TI_doflush                   
200005cc  __TI_dtors_ptr                 
200005d0  __TI_enable_exit_profile_output
200005b8  __TI_ft_end                    
ffffffff  __TI_pprof_out_hndl            
000000e5  __TI_printfi                   
ffffffff  __TI_prof_data_size            
ffffffff  __TI_prof_data_start           
00002d51  __TI_readmsg                   
00000000  __TI_static_base__             
2000070c  __TI_tmpnams                   
00002cad  __TI_writemsg                  
00002769  __TI_wrt_ok                    
00002edd  __TI_zero_init_nomemset        
00002221  __aeabi_cdcmpeq                
00002221  __aeabi_cdcmple                
000022a7  __aeabi_cdrcmple               
00002b15  __aeabi_d2iz                   
00001473  __aeabi_dadd                   
0000175d  __aeabi_ddiv                   
00001cf5  __aeabi_dmul                   
00001469  __aeabi_dsub                   
00002fd1  __aeabi_errno_addr             
00002de9  __aeabi_i2d                    
0000161f  __aeabi_idiv0                  
0000161f  __aeabi_ldiv0                  
0000232d  __aeabi_memclr                 
0000232d  __aeabi_memclr4                
0000232d  __aeabi_memclr8                
00002063  __aeabi_memcpy                 
00002063  __aeabi_memcpy4                
00002063  __aeabi_memcpy8                
0000232f  __aeabi_memset                 
0000232f  __aeabi_memset4                
0000232f  __aeabi_memset8                
200005c4  __aeabi_stderr                 
200005bc  __aeabi_stdin                  
200005c0  __aeabi_stdout                 
000020ff  __aeabi_uldivmod               
ffffffff  __binit__                      
ffffffff  __c_args__                     
UNDEFED   __mpu_init                     
2000fe00  __stack                        
00002d85  _c_int00_noargs                
00002ff0  _ctypes_                       
200004f0  _device                        
20000400  _ftable                        
200005d4  _lock                          
00000b33  _nop                           
20000568  _stream                        
20000000  _sys_memory                    
UNDEFED   _system_post_cinit             
00002fe9  _system_pre_init               
200005d8  _unlock                        
00002fed  abort                          
000019b9  aligned_alloc                  
00002a81  atoi                           
ffffffff  binit                          
0000282d  close                          
00002f31  copysign                       
00002f31  copysignl                      
000012ef  debounce                       
200005e4  errno                          
00002acd  exit                           
00002db9  finddevice                     
00002195  fputc                          
00001ad1  fputs                          
00001df1  free                           
000026a1  frexp                          
000026a1  frexpl                         
00002705  fseek                          
00002c29  getdevice                      
00000000  interruptVectors               
00001be5  ldexp                          
00001be5  ldexpl                         
00002e6d  lseek                          
0000298f  ltoa                           
0000130b  main                           
00002fd9  malloc                         
000019b9  memalign                       
00002f15  memccpy                        
00002ebd  memchr                         
00002063  memcpy                         
00002335  memset                         
200007ac  parmbuf                        
00002639  printf                         
00002195  putc                           
00002e19  remove                         
00001be5  scalbn                         
00001be5  scalbnl                        
00001ed5  setvbuf                        
00002f63  strchr                         
00002f4b  strcmp                         
00002f79  strcpy                         
00002f8d  strlen                         
00002ce5  strncpy                        
000012c5  systick_delay                  
000012a9  systick_init                   
00002e19  unlink                         
00002fa1  wcslen                         
00002e95  write                          


GLOBAL SYMBOLS: SORTED BY Symbol Address 

address   name                           
-------   ----                           
00000000  __TI_static_base__             
00000000  interruptVectors               
000000e5  __TI_printfi                   
00000200  __STACK_SIZE                   
00000400  __SYSMEM_SIZE                  
00000b33  _nop                           
00000b35  SystemCoreClockUpdate          
00000dad  SystemInit                     
000012a9  systick_init                   
000012c5  systick_delay                  
000012ef  debounce                       
0000130b  main                           
00001469  __aeabi_dsub                   
00001473  __aeabi_dadd                   
0000161f  __aeabi_idiv0                  
0000161f  __aeabi_ldiv0                  
0000175d  __aeabi_ddiv                   
000019b9  aligned_alloc                  
000019b9  memalign                       
00001ad1  fputs                          
00001be5  ldexp                          
00001be5  ldexpl                         
00001be5  scalbn                         
00001be5  scalbnl                        
00001cf5  __aeabi_dmul                   
00001df1  free                           
00001ed5  setvbuf                        
00002063  __aeabi_memcpy                 
00002063  __aeabi_memcpy4                
00002063  __aeabi_memcpy8                
00002063  memcpy                         
000020ff  __aeabi_uldivmod               
00002195  fputc                          
00002195  putc                           
00002221  __aeabi_cdcmpeq                
00002221  __aeabi_cdcmple                
000022a7  __aeabi_cdrcmple               
0000232d  __aeabi_memclr                 
0000232d  __aeabi_memclr4                
0000232d  __aeabi_memclr8                
0000232f  __aeabi_memset                 
0000232f  __aeabi_memset4                
0000232f  __aeabi_memset8                
00002335  memset                         
000023a9  __TI_closefile                 
000024fd  HOSTrename                     
00002569  HOSTlseek                      
000025d1  __TI_decompress_lzss           
00002639  printf                         
000026a1  frexp                          
000026a1  frexpl                         
00002705  fseek                          
00002769  __TI_wrt_ok                    
000027cd  HOSTopen                       
0000282d  close                          
00002889  HOSTread                       
000028e1  HOSTwrite                      
0000298f  ltoa                           
00002a35  __TI_doflush                   
00002a81  atoi                           
00002acd  exit                           
00002b15  __aeabi_d2iz                   
00002b5d  HOSTclose                      
00002ba1  HOSTunlink                     
00002be5  __TI_auto_init_nobinit_nopinit 
00002c29  getdevice                      
00002cad  __TI_writemsg                  
00002cdb  C$$IO$$                        
00002ce5  strncpy                        
00002d1d  __TI_cleanup                   
00002d51  __TI_readmsg                   
00002d85  _c_int00_noargs                
00002db9  finddevice                     
00002de9  __aeabi_i2d                    
00002e19  remove                         
00002e19  unlink                         
00002e6d  lseek                          
00002e95  write                          
00002ebd  memchr                         
00002edd  __TI_zero_init_nomemset        
00002f15  memccpy                        
00002f31  copysign                       
00002f31  copysignl                      
00002f4b  strcmp                         
00002f63  strchr                         
00002f79  strcpy                         
00002f8d  strlen                         
00002fa1  wcslen                         
00002fb3  __TI_decompress_none           
00002fc1  Reset_Handler                  
00002fcd  ADC14_IRQHandler               
00002fcd  AES256_IRQHandler              
00002fcd  BusFault_Handler               
00002fcd  COMP_E0_IRQHandler             
00002fcd  COMP_E1_IRQHandler             
00002fcd  CS_IRQHandler                  
00002fcd  DMA_ERR_IRQHandler             
00002fcd  DMA_INT0_IRQHandler            
00002fcd  DMA_INT1_IRQHandler            
00002fcd  DMA_INT2_IRQHandler            
00002fcd  DMA_INT3_IRQHandler            
00002fcd  DebugMon_Handler               
00002fcd  Default_Handler                
00002fcd  EUSCIA0_IRQHandler             
00002fcd  EUSCIA1_IRQHandler             
00002fcd  EUSCIA2_IRQHandler             
00002fcd  EUSCIA3_IRQHandler             
00002fcd  EUSCIB0_IRQHandler             
00002fcd  EUSCIB1_IRQHandler             
00002fcd  EUSCIB2_IRQHandler             
00002fcd  EUSCIB3_IRQHandler             
00002fcd  FLCTL_IRQHandler               
00002fcd  FPU_IRQHandler                 
00002fcd  HardFault_Handler              
00002fcd  MemManage_Handler              
00002fcd  NMI_Handler                    
00002fcd  PCM_IRQHandler                 
00002fcd  PORT1_IRQHandler               
00002fcd  PORT2_IRQHandler               
00002fcd  PORT3_IRQHandler               
00002fcd  PORT4_IRQHandler               
00002fcd  PORT5_IRQHandler               
00002fcd  PORT6_IRQHandler               
00002fcd  PSS_IRQHandler                 
00002fcd  PendSV_Handler                 
00002fcd  RTC_C_IRQHandler               
00002fcd  SVC_Handler                    
00002fcd  SysTick_Handler                
00002fcd  T32_INT1_IRQHandler            
00002fcd  T32_INT2_IRQHandler            
00002fcd  T32_INTC_IRQHandler            
00002fcd  TA0_0_IRQHandler               
00002fcd  TA0_N_IRQHandler               
00002fcd  TA1_0_IRQHandler               
00002fcd  TA1_N_IRQHandler               
00002fcd  TA2_0_IRQHandler               
00002fcd  TA2_N_IRQHandler               
00002fcd  TA3_0_IRQHandler               
00002fcd  TA3_N_IRQHandler               
00002fcd  UsageFault_Handler             
00002fcd  WDT_A_IRQHandler               
00002fd1  __aeabi_errno_addr             
00002fd9  malloc                         
00002fe9  _system_pre_init               
00002fed  C$$EXIT                        
00002fed  abort                          
00002ff0  _ctypes_                       
00003164  __TI_Handler_Table_Base        
00003170  __TI_Handler_Table_Limit       
00003178  __TI_CINIT_Base                
00003188  __TI_CINIT_Limit               
20000000  _sys_memory                    
20000400  _ftable                        
200004f0  _device                        
20000568  _stream                        
200005b8  __TI_ft_end                    
200005bc  __aeabi_stdin                  
200005c0  __aeabi_stdout                 
200005c4  __aeabi_stderr                 
200005c8  __TI_cleanup_ptr               
200005cc  __TI_dtors_ptr                 
200005d0  __TI_enable_exit_profile_output
200005d4  _lock                          
200005d8  _unlock                        
200005e4  errno                          
200005e8  SystemCoreClock                
200005ec  __CIOBUF_                      
2000070c  __TI_tmpnams                   
200007ac  parmbuf                        
2000fe00  __stack                        
20010000  __STACK_END                    
4000480c  WDTCTL_SYM                     
ffffffff  __TI_pprof_out_hndl            
ffffffff  __TI_prof_data_size            
ffffffff  __TI_prof_data_start           
ffffffff  __binit__                      
ffffffff  __c_args__                     
ffffffff  binit                          
UNDEFED   __mpu_init                     
UNDEFED   _system_post_cinit             

[180 symbols]
