<?xml version="1.0" encoding="ISO-8859-1" ?>
<link_info>
   <banner>TI ARM Linker PC v18.12.4.LTS</banner>
   <copyright>Copyright (c) 1996-2018 Texas Instruments Incorporated</copyright>
   <link_time>0x5f9b63f6</link_time>
   <link_errors>0x0</link_errors>
   <output_file>Lab8Part3.out</output_file>
   <entry_point>
      <name>_c_int00_noargs</name>
      <address>0x2f41</address>
   </entry_point>
   <input_file_list>
      <input_file id="fl-2">
         <path>.\</path>
         <kind>object</kind>
         <file>main.obj</file>
         <name>main.obj</name>
      </input_file>
      <input_file id="fl-3">
         <path>.\</path>
         <kind>object</kind>
         <file>startup_msp432p401r_ccs.obj</file>
         <name>startup_msp432p401r_ccs.obj</name>
      </input_file>
      <input_file id="fl-4">
         <path>.\</path>
         <kind>object</kind>
         <file>system_msp432p401r.obj</file>
         <name>system_msp432p401r.obj</name>
      </input_file>
      <input_file id="fl-8">
         <kind>object</kind>
         <file>&lt;internal&gt;</file>
         <name>&lt;internal&gt;</name>
      </input_file>
      <input_file id="fl-be">
         <path>C:\Users\Patri\OneDrive\Desktop\ccs\tools\compiler\ti-cgt-arm_18.12.4.LTS\lib\</path>
         <kind>archive</kind>
         <file>rtsv7M4_T_le_v4SPD16_eabi.lib</file>
         <name>printf.c.obj</name>
      </input_file>
      <input_file id="fl-bf">
         <path>C:\Users\Patri\OneDrive\Desktop\ccs\tools\compiler\ti-cgt-arm_18.12.4.LTS\lib\</path>
         <kind>archive</kind>
         <file>rtsv7M4_T_le_v4SPD16_eabi.lib</file>
         <name>_printfi.c.obj</name>
      </input_file>
      <input_file id="fl-c0">
         <path>C:\Users\Patri\OneDrive\Desktop\ccs\tools\compiler\ti-cgt-arm_18.12.4.LTS\lib\</path>
         <kind>archive</kind>
         <file>rtsv7M4_T_le_v4SPD16_eabi.lib</file>
         <name>fputc.c.obj</name>
      </input_file>
      <input_file id="fl-c1">
         <path>C:\Users\Patri\OneDrive\Desktop\ccs\tools\compiler\ti-cgt-arm_18.12.4.LTS\lib\</path>
         <kind>archive</kind>
         <file>rtsv7M4_T_le_v4SPD16_eabi.lib</file>
         <name>fputs.c.obj</name>
      </input_file>
      <input_file id="fl-c2">
         <path>C:\Users\Patri\OneDrive\Desktop\ccs\tools\compiler\ti-cgt-arm_18.12.4.LTS\lib\</path>
         <kind>archive</kind>
         <file>rtsv7M4_T_le_v4SPD16_eabi.lib</file>
         <name>_io_perm.c.obj</name>
      </input_file>
      <input_file id="fl-c3">
         <path>C:\Users\Patri\OneDrive\Desktop\ccs\tools\compiler\ti-cgt-arm_18.12.4.LTS\lib\</path>
         <kind>archive</kind>
         <file>rtsv7M4_T_le_v4SPD16_eabi.lib</file>
         <name>setvbuf.c.obj</name>
      </input_file>
      <input_file id="fl-c4">
         <path>C:\Users\Patri\OneDrive\Desktop\ccs\tools\compiler\ti-cgt-arm_18.12.4.LTS\lib\</path>
         <kind>archive</kind>
         <file>rtsv7M4_T_le_v4SPD16_eabi.lib</file>
         <name>fd_add_t2.asm.obj</name>
      </input_file>
      <input_file id="fl-c5">
         <path>C:\Users\Patri\OneDrive\Desktop\ccs\tools\compiler\ti-cgt-arm_18.12.4.LTS\lib\</path>
         <kind>archive</kind>
         <file>rtsv7M4_T_le_v4SPD16_eabi.lib</file>
         <name>fd_cmp_t2.asm.obj</name>
      </input_file>
      <input_file id="fl-c6">
         <path>C:\Users\Patri\OneDrive\Desktop\ccs\tools\compiler\ti-cgt-arm_18.12.4.LTS\lib\</path>
         <kind>archive</kind>
         <file>rtsv7M4_T_le_v4SPD16_eabi.lib</file>
         <name>fd_div_t2.asm.obj</name>
      </input_file>
      <input_file id="fl-c7">
         <path>C:\Users\Patri\OneDrive\Desktop\ccs\tools\compiler\ti-cgt-arm_18.12.4.LTS\lib\</path>
         <kind>archive</kind>
         <file>rtsv7M4_T_le_v4SPD16_eabi.lib</file>
         <name>fd_mul_t2.asm.obj</name>
      </input_file>
      <input_file id="fl-c8">
         <path>C:\Users\Patri\OneDrive\Desktop\ccs\tools\compiler\ti-cgt-arm_18.12.4.LTS\lib\</path>
         <kind>archive</kind>
         <file>rtsv7M4_T_le_v4SPD16_eabi.lib</file>
         <name>fd_toi_t2.asm.obj</name>
      </input_file>
      <input_file id="fl-c9">
         <path>C:\Users\Patri\OneDrive\Desktop\ccs\tools\compiler\ti-cgt-arm_18.12.4.LTS\lib\</path>
         <kind>archive</kind>
         <file>rtsv7M4_T_le_v4SPD16_eabi.lib</file>
         <name>i_tofd_t2.asm.obj</name>
      </input_file>
      <input_file id="fl-ca">
         <path>C:\Users\Patri\OneDrive\Desktop\ccs\tools\compiler\ti-cgt-arm_18.12.4.LTS\lib\</path>
         <kind>archive</kind>
         <file>rtsv7M4_T_le_v4SPD16_eabi.lib</file>
         <name>memcpy_t2.asm.obj</name>
      </input_file>
      <input_file id="fl-cb">
         <path>C:\Users\Patri\OneDrive\Desktop\ccs\tools\compiler\ti-cgt-arm_18.12.4.LTS\lib\</path>
         <kind>archive</kind>
         <file>rtsv7M4_T_le_v4SPD16_eabi.lib</file>
         <name>ull_div_t2.asm.obj</name>
      </input_file>
      <input_file id="fl-cc">
         <path>C:\Users\Patri\OneDrive\Desktop\ccs\tools\compiler\ti-cgt-arm_18.12.4.LTS\lib\</path>
         <kind>archive</kind>
         <file>rtsv7M4_T_le_v4SPD16_eabi.lib</file>
         <name>memset_t2.asm.obj</name>
      </input_file>
      <input_file id="fl-cd">
         <path>C:\Users\Patri\OneDrive\Desktop\ccs\tools\compiler\ti-cgt-arm_18.12.4.LTS\lib\</path>
         <kind>archive</kind>
         <file>rtsv7M4_T_le_v4SPD16_eabi.lib</file>
         <name>copy_zero_init.c.obj</name>
      </input_file>
      <input_file id="fl-ce">
         <path>C:\Users\Patri\OneDrive\Desktop\ccs\tools\compiler\ti-cgt-arm_18.12.4.LTS\lib\</path>
         <kind>archive</kind>
         <file>rtsv7M4_T_le_v4SPD16_eabi.lib</file>
         <name>copy_decompress_none.c.obj</name>
      </input_file>
      <input_file id="fl-cf">
         <path>C:\Users\Patri\OneDrive\Desktop\ccs\tools\compiler\ti-cgt-arm_18.12.4.LTS\lib\</path>
         <kind>archive</kind>
         <file>rtsv7M4_T_le_v4SPD16_eabi.lib</file>
         <name>copy_decompress_lzss.c.obj</name>
      </input_file>
      <input_file id="fl-d0">
         <path>C:\Users\Patri\OneDrive\Desktop\ccs\tools\compiler\ti-cgt-arm_18.12.4.LTS\lib\</path>
         <kind>archive</kind>
         <file>rtsv7M4_T_le_v4SPD16_eabi.lib</file>
         <name>exit.c.obj</name>
      </input_file>
      <input_file id="fl-d1">
         <path>C:\Users\Patri\OneDrive\Desktop\ccs\tools\compiler\ti-cgt-arm_18.12.4.LTS\lib\</path>
         <kind>archive</kind>
         <file>rtsv7M4_T_le_v4SPD16_eabi.lib</file>
         <name>_lock.c.obj</name>
      </input_file>
      <input_file id="fl-d2">
         <path>C:\Users\Patri\OneDrive\Desktop\ccs\tools\compiler\ti-cgt-arm_18.12.4.LTS\lib\</path>
         <kind>archive</kind>
         <file>rtsv7M4_T_le_v4SPD16_eabi.lib</file>
         <name>atoi.c.obj</name>
      </input_file>
      <input_file id="fl-d3">
         <path>C:\Users\Patri\OneDrive\Desktop\ccs\tools\compiler\ti-cgt-arm_18.12.4.LTS\lib\</path>
         <kind>archive</kind>
         <file>rtsv7M4_T_le_v4SPD16_eabi.lib</file>
         <name>ctype.c.obj</name>
      </input_file>
      <input_file id="fl-d4">
         <path>C:\Users\Patri\OneDrive\Desktop\ccs\tools\compiler\ti-cgt-arm_18.12.4.LTS\lib\</path>
         <kind>archive</kind>
         <file>rtsv7M4_T_le_v4SPD16_eabi.lib</file>
         <name>defs.c.obj</name>
      </input_file>
      <input_file id="fl-d5">
         <path>C:\Users\Patri\OneDrive\Desktop\ccs\tools\compiler\ti-cgt-arm_18.12.4.LTS\lib\</path>
         <kind>archive</kind>
         <file>rtsv7M4_T_le_v4SPD16_eabi.lib</file>
         <name>ltoa.c.obj</name>
      </input_file>
      <input_file id="fl-d6">
         <path>C:\Users\Patri\OneDrive\Desktop\ccs\tools\compiler\ti-cgt-arm_18.12.4.LTS\lib\</path>
         <kind>archive</kind>
         <file>rtsv7M4_T_le_v4SPD16_eabi.lib</file>
         <name>memccpy.c.obj</name>
      </input_file>
      <input_file id="fl-d7">
         <path>C:\Users\Patri\OneDrive\Desktop\ccs\tools\compiler\ti-cgt-arm_18.12.4.LTS\lib\</path>
         <kind>archive</kind>
         <file>rtsv7M4_T_le_v4SPD16_eabi.lib</file>
         <name>memchr.c.obj</name>
      </input_file>
      <input_file id="fl-d8">
         <path>C:\Users\Patri\OneDrive\Desktop\ccs\tools\compiler\ti-cgt-arm_18.12.4.LTS\lib\</path>
         <kind>archive</kind>
         <file>rtsv7M4_T_le_v4SPD16_eabi.lib</file>
         <name>memory.c.obj</name>
      </input_file>
      <input_file id="fl-d9">
         <path>C:\Users\Patri\OneDrive\Desktop\ccs\tools\compiler\ti-cgt-arm_18.12.4.LTS\lib\</path>
         <kind>archive</kind>
         <file>rtsv7M4_T_le_v4SPD16_eabi.lib</file>
         <name>strchr.c.obj</name>
      </input_file>
      <input_file id="fl-da">
         <path>C:\Users\Patri\OneDrive\Desktop\ccs\tools\compiler\ti-cgt-arm_18.12.4.LTS\lib\</path>
         <kind>archive</kind>
         <file>rtsv7M4_T_le_v4SPD16_eabi.lib</file>
         <name>strlen.c.obj</name>
      </input_file>
      <input_file id="fl-db">
         <path>C:\Users\Patri\OneDrive\Desktop\ccs\tools\compiler\ti-cgt-arm_18.12.4.LTS\lib\</path>
         <kind>archive</kind>
         <file>rtsv7M4_T_le_v4SPD16_eabi.lib</file>
         <name>write.c.obj</name>
      </input_file>
      <input_file id="fl-dc">
         <path>C:\Users\Patri\OneDrive\Desktop\ccs\tools\compiler\ti-cgt-arm_18.12.4.LTS\lib\</path>
         <kind>archive</kind>
         <file>rtsv7M4_T_le_v4SPD16_eabi.lib</file>
         <name>host_device.c.obj</name>
      </input_file>
      <input_file id="fl-dd">
         <path>C:\Users\Patri\OneDrive\Desktop\ccs\tools\compiler\ti-cgt-arm_18.12.4.LTS\lib\</path>
         <kind>archive</kind>
         <file>rtsv7M4_T_le_v4SPD16_eabi.lib</file>
         <name>boot_cortex_m.c.obj</name>
      </input_file>
      <input_file id="fl-de">
         <path>C:\Users\Patri\OneDrive\Desktop\ccs\tools\compiler\ti-cgt-arm_18.12.4.LTS\lib\</path>
         <kind>archive</kind>
         <file>rtsv7M4_T_le_v4SPD16_eabi.lib</file>
         <name>errno.c.obj</name>
      </input_file>
      <input_file id="fl-df">
         <path>C:\Users\Patri\OneDrive\Desktop\ccs\tools\compiler\ti-cgt-arm_18.12.4.LTS\lib\</path>
         <kind>archive</kind>
         <file>rtsv7M4_T_le_v4SPD16_eabi.lib</file>
         <name>wcslen.c.obj</name>
      </input_file>
      <input_file id="fl-e0">
         <path>C:\Users\Patri\OneDrive\Desktop\ccs\tools\compiler\ti-cgt-arm_18.12.4.LTS\lib\</path>
         <kind>archive</kind>
         <file>rtsv7M4_T_le_v4SPD16_eabi.lib</file>
         <name>s_frexp.c.obj</name>
      </input_file>
      <input_file id="fl-e1">
         <path>C:\Users\Patri\OneDrive\Desktop\ccs\tools\compiler\ti-cgt-arm_18.12.4.LTS\lib\</path>
         <kind>archive</kind>
         <file>rtsv7M4_T_le_v4SPD16_eabi.lib</file>
         <name>s_scalbn.c.obj</name>
      </input_file>
      <input_file id="fl-e2">
         <path>C:\Users\Patri\OneDrive\Desktop\ccs\tools\compiler\ti-cgt-arm_18.12.4.LTS\lib\</path>
         <kind>archive</kind>
         <file>rtsv7M4_T_le_v4SPD16_eabi.lib</file>
         <name>fflush.c.obj</name>
      </input_file>
      <input_file id="fl-e3">
         <path>C:\Users\Patri\OneDrive\Desktop\ccs\tools\compiler\ti-cgt-arm_18.12.4.LTS\lib\</path>
         <kind>archive</kind>
         <file>rtsv7M4_T_le_v4SPD16_eabi.lib</file>
         <name>fopen.c.obj</name>
      </input_file>
      <input_file id="fl-e4">
         <path>C:\Users\Patri\OneDrive\Desktop\ccs\tools\compiler\ti-cgt-arm_18.12.4.LTS\lib\</path>
         <kind>archive</kind>
         <file>rtsv7M4_T_le_v4SPD16_eabi.lib</file>
         <name>fseek.c.obj</name>
      </input_file>
      <input_file id="fl-e5">
         <path>C:\Users\Patri\OneDrive\Desktop\ccs\tools\compiler\ti-cgt-arm_18.12.4.LTS\lib\</path>
         <kind>archive</kind>
         <file>rtsv7M4_T_le_v4SPD16_eabi.lib</file>
         <name>div0.asm.obj</name>
      </input_file>
      <input_file id="fl-e6">
         <path>C:\Users\Patri\OneDrive\Desktop\ccs\tools\compiler\ti-cgt-arm_18.12.4.LTS\lib\</path>
         <kind>archive</kind>
         <file>rtsv7M4_T_le_v4SPD16_eabi.lib</file>
         <name>autoinit.c.obj</name>
      </input_file>
      <input_file id="fl-e7">
         <path>C:\Users\Patri\OneDrive\Desktop\ccs\tools\compiler\ti-cgt-arm_18.12.4.LTS\lib\</path>
         <kind>archive</kind>
         <file>rtsv7M4_T_le_v4SPD16_eabi.lib</file>
         <name>pre_init.c.obj</name>
      </input_file>
      <input_file id="fl-e8">
         <path>C:\Users\Patri\OneDrive\Desktop\ccs\tools\compiler\ti-cgt-arm_18.12.4.LTS\lib\</path>
         <kind>archive</kind>
         <file>rtsv7M4_T_le_v4SPD16_eabi.lib</file>
         <name>cpy_tbl.c.obj</name>
      </input_file>
      <input_file id="fl-e9">
         <path>C:\Users\Patri\OneDrive\Desktop\ccs\tools\compiler\ti-cgt-arm_18.12.4.LTS\lib\</path>
         <kind>archive</kind>
         <file>rtsv7M4_T_le_v4SPD16_eabi.lib</file>
         <name>args_main.c.obj</name>
      </input_file>
      <input_file id="fl-ea">
         <path>C:\Users\Patri\OneDrive\Desktop\ccs\tools\compiler\ti-cgt-arm_18.12.4.LTS\lib\</path>
         <kind>archive</kind>
         <file>rtsv7M4_T_le_v4SPD16_eabi.lib</file>
         <name>hostclose.c.obj</name>
      </input_file>
      <input_file id="fl-eb">
         <path>C:\Users\Patri\OneDrive\Desktop\ccs\tools\compiler\ti-cgt-arm_18.12.4.LTS\lib\</path>
         <kind>archive</kind>
         <file>rtsv7M4_T_le_v4SPD16_eabi.lib</file>
         <name>hostlseek.c.obj</name>
      </input_file>
      <input_file id="fl-ec">
         <path>C:\Users\Patri\OneDrive\Desktop\ccs\tools\compiler\ti-cgt-arm_18.12.4.LTS\lib\</path>
         <kind>archive</kind>
         <file>rtsv7M4_T_le_v4SPD16_eabi.lib</file>
         <name>hostopen.c.obj</name>
      </input_file>
      <input_file id="fl-ed">
         <path>C:\Users\Patri\OneDrive\Desktop\ccs\tools\compiler\ti-cgt-arm_18.12.4.LTS\lib\</path>
         <kind>archive</kind>
         <file>rtsv7M4_T_le_v4SPD16_eabi.lib</file>
         <name>hostread.c.obj</name>
      </input_file>
      <input_file id="fl-ee">
         <path>C:\Users\Patri\OneDrive\Desktop\ccs\tools\compiler\ti-cgt-arm_18.12.4.LTS\lib\</path>
         <kind>archive</kind>
         <file>rtsv7M4_T_le_v4SPD16_eabi.lib</file>
         <name>hostrename.c.obj</name>
      </input_file>
      <input_file id="fl-ef">
         <path>C:\Users\Patri\OneDrive\Desktop\ccs\tools\compiler\ti-cgt-arm_18.12.4.LTS\lib\</path>
         <kind>archive</kind>
         <file>rtsv7M4_T_le_v4SPD16_eabi.lib</file>
         <name>hostunlink.c.obj</name>
      </input_file>
      <input_file id="fl-f0">
         <path>C:\Users\Patri\OneDrive\Desktop\ccs\tools\compiler\ti-cgt-arm_18.12.4.LTS\lib\</path>
         <kind>archive</kind>
         <file>rtsv7M4_T_le_v4SPD16_eabi.lib</file>
         <name>hostwrite.c.obj</name>
      </input_file>
      <input_file id="fl-f1">
         <path>C:\Users\Patri\OneDrive\Desktop\ccs\tools\compiler\ti-cgt-arm_18.12.4.LTS\lib\</path>
         <kind>archive</kind>
         <file>rtsv7M4_T_le_v4SPD16_eabi.lib</file>
         <name>trgmsg.c.obj</name>
      </input_file>
      <input_file id="fl-f2">
         <path>C:\Users\Patri\OneDrive\Desktop\ccs\tools\compiler\ti-cgt-arm_18.12.4.LTS\lib\</path>
         <kind>archive</kind>
         <file>rtsv7M4_T_le_v4SPD16_eabi.lib</file>
         <name>open.c.obj</name>
      </input_file>
      <input_file id="fl-f3">
         <path>C:\Users\Patri\OneDrive\Desktop\ccs\tools\compiler\ti-cgt-arm_18.12.4.LTS\lib\</path>
         <kind>archive</kind>
         <file>rtsv7M4_T_le_v4SPD16_eabi.lib</file>
         <name>lseek.c.obj</name>
      </input_file>
      <input_file id="fl-f4">
         <path>C:\Users\Patri\OneDrive\Desktop\ccs\tools\compiler\ti-cgt-arm_18.12.4.LTS\lib\</path>
         <kind>archive</kind>
         <file>rtsv7M4_T_le_v4SPD16_eabi.lib</file>
         <name>s_copysign.c.obj</name>
      </input_file>
      <input_file id="fl-f5">
         <path>C:\Users\Patri\OneDrive\Desktop\ccs\tools\compiler\ti-cgt-arm_18.12.4.LTS\lib\</path>
         <kind>archive</kind>
         <file>rtsv7M4_T_le_v4SPD16_eabi.lib</file>
         <name>fclose.c.obj</name>
      </input_file>
      <input_file id="fl-f6">
         <path>C:\Users\Patri\OneDrive\Desktop\ccs\tools\compiler\ti-cgt-arm_18.12.4.LTS\lib\</path>
         <kind>archive</kind>
         <file>rtsv7M4_T_le_v4SPD16_eabi.lib</file>
         <name>getdevice.c.obj</name>
      </input_file>
      <input_file id="fl-f7">
         <path>C:\Users\Patri\OneDrive\Desktop\ccs\tools\compiler\ti-cgt-arm_18.12.4.LTS\lib\</path>
         <kind>archive</kind>
         <file>rtsv7M4_T_le_v4SPD16_eabi.lib</file>
         <name>strcmp.c.obj</name>
      </input_file>
      <input_file id="fl-f8">
         <path>C:\Users\Patri\OneDrive\Desktop\ccs\tools\compiler\ti-cgt-arm_18.12.4.LTS\lib\</path>
         <kind>archive</kind>
         <file>rtsv7M4_T_le_v4SPD16_eabi.lib</file>
         <name>strcpy.c.obj</name>
      </input_file>
      <input_file id="fl-f9">
         <path>C:\Users\Patri\OneDrive\Desktop\ccs\tools\compiler\ti-cgt-arm_18.12.4.LTS\lib\</path>
         <kind>archive</kind>
         <file>rtsv7M4_T_le_v4SPD16_eabi.lib</file>
         <name>strncpy.c.obj</name>
      </input_file>
      <input_file id="fl-fa">
         <path>C:\Users\Patri\OneDrive\Desktop\ccs\tools\compiler\ti-cgt-arm_18.12.4.LTS\lib\</path>
         <kind>archive</kind>
         <file>rtsv7M4_T_le_v4SPD16_eabi.lib</file>
         <name>remove.c.obj</name>
      </input_file>
      <input_file id="fl-fb">
         <path>C:\Users\Patri\OneDrive\Desktop\ccs\tools\compiler\ti-cgt-arm_18.12.4.LTS\lib\</path>
         <kind>archive</kind>
         <file>rtsv7M4_T_le_v4SPD16_eabi.lib</file>
         <name>close.c.obj</name>
      </input_file>
      <input_file id="fl-fc">
         <path>C:\Users\Patri\OneDrive\Desktop\ccs\tools\compiler\ti-cgt-arm_18.12.4.LTS\lib\</path>
         <kind>archive</kind>
         <file>rtsv7M4_T_le_v4SPD16_eabi.lib</file>
         <name>unlink.c.obj</name>
      </input_file>
   </input_file_list>
   <object_component_list>
      <object_component id="oc-23">
         <name>.intvecs:retain</name>
         <load_address>0x0</load_address>
         <run_address>0x0</run_address>
         <size>0xe4</size>
         <input_file_ref idref="fl-3"/>
      </object_component>
      <object_component id="oc-12c">
         <name>.text:__TI_printfi</name>
         <load_address>0xe4</load_address>
         <run_address>0xe4</run_address>
         <size>0xa4e</size>
         <input_file_ref idref="fl-bf"/>
      </object_component>
      <object_component id="oc-1c5">
         <name>.text:_nop</name>
         <load_address>0xb32</load_address>
         <run_address>0xb32</run_address>
         <size>0x2</size>
         <input_file_ref idref="fl-d1"/>
      </object_component>
      <object_component id="oc-97">
         <name>.text</name>
         <load_address>0xb34</load_address>
         <run_address>0xb34</run_address>
         <size>0x37c</size>
         <input_file_ref idref="fl-2"/>
      </object_component>
      <object_component id="oc-a9">
         <name>.text</name>
         <load_address>0xeb0</load_address>
         <run_address>0xeb0</run_address>
         <size>0x334</size>
         <input_file_ref idref="fl-4"/>
      </object_component>
      <object_component id="oc-1a1">
         <name>.text:_pconv_a</name>
         <load_address>0x11e4</load_address>
         <run_address>0x11e4</run_address>
         <size>0x270</size>
         <input_file_ref idref="fl-bf"/>
      </object_component>
      <object_component id="oc-18f">
         <name>.text:_pconv_g</name>
         <load_address>0x1454</load_address>
         <run_address>0x1454</run_address>
         <size>0x1d0</size>
         <input_file_ref idref="fl-bf"/>
      </object_component>
      <object_component id="oc-231">
         <name>.text</name>
         <load_address>0x1624</load_address>
         <run_address>0x1624</run_address>
         <size>0x1b6</size>
         <input_file_ref idref="fl-c4"/>
      </object_component>
      <object_component id="oc-2b7">
         <name>.text</name>
         <load_address>0x17da</load_address>
         <run_address>0x17da</run_address>
         <size>0x2</size>
         <input_file_ref idref="fl-e5"/>
      </object_component>
      <object_component id="oc-19b">
         <name>.text:_pconv_e</name>
         <load_address>0x17dc</load_address>
         <run_address>0x17dc</run_address>
         <size>0x13c</size>
         <input_file_ref idref="fl-bf"/>
      </object_component>
      <object_component id="oc-217">
         <name>.text</name>
         <load_address>0x1918</load_address>
         <run_address>0x1918</run_address>
         <size>0x136</size>
         <input_file_ref idref="fl-c6"/>
      </object_component>
      <object_component id="oc-243">
         <name>.text:fcvt</name>
         <load_address>0x1a50</load_address>
         <run_address>0x1a50</run_address>
         <size>0x124</size>
         <input_file_ref idref="fl-bf"/>
      </object_component>
      <object_component id="oc-362">
         <name>.text:aligned_alloc</name>
         <load_address>0x1b74</load_address>
         <run_address>0x1b74</run_address>
         <size>0x118</size>
         <input_file_ref idref="fl-d8"/>
      </object_component>
      <object_component id="oc-1d3">
         <name>.text:fputs</name>
         <load_address>0x1c8c</load_address>
         <run_address>0x1c8c</run_address>
         <size>0x114</size>
         <input_file_ref idref="fl-c1"/>
      </object_component>
      <object_component id="oc-257">
         <name>.text:scalbn</name>
         <load_address>0x1da0</load_address>
         <run_address>0x1da0</run_address>
         <size>0x110</size>
         <input_file_ref idref="fl-e1"/>
      </object_component>
      <object_component id="oc-212">
         <name>.text</name>
         <load_address>0x1eb0</load_address>
         <run_address>0x1eb0</run_address>
         <size>0xfc</size>
         <input_file_ref idref="fl-c7"/>
      </object_component>
      <object_component id="oc-320">
         <name>.text:free</name>
         <load_address>0x1fac</load_address>
         <run_address>0x1fac</run_address>
         <size>0xe4</size>
         <input_file_ref idref="fl-d8"/>
      </object_component>
      <object_component id="oc-2f2">
         <name>.text:setvbuf</name>
         <load_address>0x2090</load_address>
         <run_address>0x2090</run_address>
         <size>0xdc</size>
         <input_file_ref idref="fl-c3"/>
      </object_component>
      <object_component id="oc-184">
         <name>.text:_ltostr</name>
         <load_address>0x216c</load_address>
         <run_address>0x216c</run_address>
         <size>0xb1</size>
         <input_file_ref idref="fl-bf"/>
      </object_component>
      <object_component id="oc-37">
         <name>.text</name>
         <load_address>0x221e</load_address>
         <run_address>0x221e</run_address>
         <size>0x9c</size>
         <input_file_ref idref="fl-ca"/>
      </object_component>
      <object_component id="oc-20b">
         <name>.text</name>
         <load_address>0x22ba</load_address>
         <run_address>0x22ba</run_address>
         <size>0x96</size>
         <input_file_ref idref="fl-cb"/>
      </object_component>
      <object_component id="oc-1da">
         <name>.text:fputc</name>
         <load_address>0x2350</load_address>
         <run_address>0x2350</run_address>
         <size>0x8c</size>
         <input_file_ref idref="fl-c0"/>
      </object_component>
      <object_component id="oc-18a">
         <name>.text:__aeabi_cdcmple</name>
         <load_address>0x23dc</load_address>
         <run_address>0x23dc</run_address>
         <size>0x86</size>
         <input_file_ref idref="fl-c5"/>
      </object_component>
      <object_component id="oc-21c">
         <name>.text:__aeabi_cdrcmple</name>
         <load_address>0x2462</load_address>
         <run_address>0x2462</run_address>
         <size>0x86</size>
         <input_file_ref idref="fl-c5"/>
      </object_component>
      <object_component id="oc-8b">
         <name>.text</name>
         <load_address>0x24e8</load_address>
         <run_address>0x24e8</run_address>
         <size>0x7a</size>
         <input_file_ref idref="fl-cc"/>
      </object_component>
      <object_component id="oc-369">
         <name>.text:__TI_closefile</name>
         <load_address>0x2564</load_address>
         <run_address>0x2564</run_address>
         <size>0x74</size>
         <input_file_ref idref="fl-f5"/>
      </object_component>
      <object_component id="oc-3aa">
         <name>.text:split</name>
         <load_address>0x25d8</load_address>
         <run_address>0x25d8</run_address>
         <size>0x70</size>
         <input_file_ref idref="fl-d8"/>
      </object_component>
      <object_component id="oc-23c">
         <name>.text:_mcpy</name>
         <load_address>0x2648</load_address>
         <run_address>0x2648</run_address>
         <size>0x6e</size>
         <input_file_ref idref="fl-bf"/>
      </object_component>
      <object_component id="oc-399">
         <name>.text:HOSTrename</name>
         <load_address>0x26b8</load_address>
         <run_address>0x26b8</run_address>
         <size>0x6c</size>
         <input_file_ref idref="fl-ee"/>
      </object_component>
      <object_component id="oc-38d">
         <name>.text:HOSTlseek</name>
         <load_address>0x2724</load_address>
         <run_address>0x2724</run_address>
         <size>0x68</size>
         <input_file_ref idref="fl-eb"/>
      </object_component>
      <object_component id="oc-14">
         <name>.text:decompress:lzss:__TI_decompress_lzss</name>
         <load_address>0x278c</load_address>
         <run_address>0x278c</run_address>
         <size>0x68</size>
         <input_file_ref idref="fl-cf"/>
      </object_component>
      <object_component id="oc-d3">
         <name>.text:printf</name>
         <load_address>0x27f4</load_address>
         <run_address>0x27f4</run_address>
         <size>0x68</size>
         <input_file_ref idref="fl-be"/>
      </object_component>
      <object_component id="oc-251">
         <name>.text:frexp</name>
         <load_address>0x285c</load_address>
         <run_address>0x285c</run_address>
         <size>0x64</size>
         <input_file_ref idref="fl-e0"/>
      </object_component>
      <object_component id="oc-2ec">
         <name>.text:fseek</name>
         <load_address>0x28c0</load_address>
         <run_address>0x28c0</run_address>
         <size>0x64</size>
         <input_file_ref idref="fl-e4"/>
      </object_component>
      <object_component id="oc-288">
         <name>.text:__TI_wrt_ok</name>
         <load_address>0x2924</load_address>
         <run_address>0x2924</run_address>
         <size>0x62</size>
         <input_file_ref idref="fl-c2"/>
      </object_component>
      <object_component id="oc-375">
         <name>.text:HOSTopen</name>
         <load_address>0x2988</load_address>
         <run_address>0x2988</run_address>
         <size>0x60</size>
         <input_file_ref idref="fl-ec"/>
      </object_component>
      <object_component id="oc-3b1">
         <name>.text:close</name>
         <load_address>0x29e8</load_address>
         <run_address>0x29e8</run_address>
         <size>0x5c</size>
         <input_file_ref idref="fl-fb"/>
      </object_component>
      <object_component id="oc-381">
         <name>.text:HOSTread</name>
         <load_address>0x2a44</load_address>
         <run_address>0x2a44</run_address>
         <size>0x58</size>
         <input_file_ref idref="fl-ed"/>
      </object_component>
      <object_component id="oc-387">
         <name>.text:HOSTwrite</name>
         <load_address>0x2a9c</load_address>
         <run_address>0x2a9c</run_address>
         <size>0x58</size>
         <input_file_ref idref="fl-f0"/>
      </object_component>
      <object_component id="oc-195">
         <name>.text:_pconv_f</name>
         <load_address>0x2af4</load_address>
         <run_address>0x2af4</run_address>
         <size>0x56</size>
         <input_file_ref idref="fl-bf"/>
      </object_component>
      <object_component id="oc-226">
         <name>.text:ltoa</name>
         <load_address>0x2b4a</load_address>
         <run_address>0x2b4a</run_address>
         <size>0x54</size>
         <input_file_ref idref="fl-d5"/>
      </object_component>
      <object_component id="oc-236">
         <name>.text:_ecpy</name>
         <load_address>0x2b9e</load_address>
         <run_address>0x2b9e</run_address>
         <size>0x52</size>
         <input_file_ref idref="fl-bf"/>
      </object_component>
      <object_component id="oc-294">
         <name>.text:__TI_doflush</name>
         <load_address>0x2bf0</load_address>
         <run_address>0x2bf0</run_address>
         <size>0x4c</size>
         <input_file_ref idref="fl-e2"/>
      </object_component>
      <object_component id="oc-17e">
         <name>.text:atoi</name>
         <load_address>0x2c3c</load_address>
         <run_address>0x2c3c</run_address>
         <size>0x4c</size>
         <input_file_ref idref="fl-d2"/>
      </object_component>
      <object_component id="oc-eb">
         <name>.text:exit</name>
         <load_address>0x2c88</load_address>
         <run_address>0x2c88</run_address>
         <size>0x48</size>
         <input_file_ref idref="fl-d0"/>
      </object_component>
      <object_component id="oc-221">
         <name>.text</name>
         <load_address>0x2cd0</load_address>
         <run_address>0x2cd0</run_address>
         <size>0x48</size>
         <input_file_ref idref="fl-c8"/>
      </object_component>
      <object_component id="oc-37b">
         <name>.text:HOSTclose</name>
         <load_address>0x2d18</load_address>
         <run_address>0x2d18</run_address>
         <size>0x44</size>
         <input_file_ref idref="fl-ea"/>
      </object_component>
      <object_component id="oc-393">
         <name>.text:HOSTunlink</name>
         <load_address>0x2d5c</load_address>
         <run_address>0x2d5c</run_address>
         <size>0x44</size>
         <input_file_ref idref="fl-ef"/>
      </object_component>
      <object_component id="oc-f1">
         <name>.text:__TI_auto_init_nobinit_nopinit:__TI_auto_init_nobinit_nopinit</name>
         <load_address>0x2da0</load_address>
         <run_address>0x2da0</run_address>
         <size>0x44</size>
         <input_file_ref idref="fl-e6"/>
      </object_component>
      <object_component id="oc-3e9">
         <name>.text:getdevice</name>
         <load_address>0x2de4</load_address>
         <run_address>0x2de4</run_address>
         <size>0x44</size>
         <input_file_ref idref="fl-f6"/>
      </object_component>
      <object_component id="oc-249">
         <name>.text:_fcpy</name>
         <load_address>0x2e28</load_address>
         <run_address>0x2e28</run_address>
         <size>0x3e</size>
         <input_file_ref idref="fl-bf"/>
      </object_component>
      <object_component id="oc-3c2">
         <name>.text:__TI_writemsg</name>
         <load_address>0x2e68</load_address>
         <run_address>0x2e68</run_address>
         <size>0x38</size>
         <input_file_ref idref="fl-f1"/>
      </object_component>
      <object_component id="oc-40b">
         <name>.text:strncpy</name>
         <load_address>0x2ea0</load_address>
         <run_address>0x2ea0</run_address>
         <size>0x36</size>
         <input_file_ref idref="fl-f9"/>
      </object_component>
      <object_component id="oc-32c">
         <name>.text:__TI_cleanup</name>
         <load_address>0x2ed8</load_address>
         <run_address>0x2ed8</run_address>
         <size>0x34</size>
         <input_file_ref idref="fl-e3"/>
      </object_component>
      <object_component id="oc-3c8">
         <name>.text:__TI_readmsg</name>
         <load_address>0x2f0c</load_address>
         <run_address>0x2f0c</run_address>
         <size>0x34</size>
         <input_file_ref idref="fl-f1"/>
      </object_component>
      <object_component id="oc-55">
         <name>.text:_c_int00_noargs:_c_int00_noargs</name>
         <load_address>0x2f40</load_address>
         <run_address>0x2f40</run_address>
         <size>0x34</size>
         <input_file_ref idref="fl-dd"/>
      </object_component>
      <object_component id="oc-411">
         <name>.text:finddevice</name>
         <load_address>0x2f74</load_address>
         <run_address>0x2f74</run_address>
         <size>0x30</size>
         <input_file_ref idref="fl-f6"/>
      </object_component>
      <object_component id="oc-22c">
         <name>.text</name>
         <load_address>0x2fa4</load_address>
         <run_address>0x2fa4</run_address>
         <size>0x2e</size>
         <input_file_ref idref="fl-c9"/>
      </object_component>
      <object_component id="oc-3b7">
         <name>.text:unlink</name>
         <load_address>0x2fd4</load_address>
         <run_address>0x2fd4</run_address>
         <size>0x2c</size>
         <input_file_ref idref="fl-fc"/>
      </object_component>
      <object_component id="oc-35b">
         <name>.text:free_list_insert</name>
         <load_address>0x3000</load_address>
         <run_address>0x3000</run_address>
         <size>0x28</size>
         <input_file_ref idref="fl-d8"/>
      </object_component>
      <object_component id="oc-318">
         <name>.text:lseek</name>
         <load_address>0x3028</load_address>
         <run_address>0x3028</run_address>
         <size>0x28</size>
         <input_file_ref idref="fl-f3"/>
      </object_component>
      <object_component id="oc-29a">
         <name>.text:write</name>
         <load_address>0x3050</load_address>
         <run_address>0x3050</run_address>
         <size>0x28</size>
         <input_file_ref idref="fl-db"/>
      </object_component>
      <object_component id="oc-28e">
         <name>.text:memchr</name>
         <load_address>0x3078</load_address>
         <run_address>0x3078</run_address>
         <size>0x20</size>
         <input_file_ref idref="fl-d7"/>
      </object_component>
      <object_component id="oc-43">
         <name>.text:decompress:ZI:__TI_zero_init_nomemset:__TI_zero_init_nomemset</name>
         <load_address>0x3098</load_address>
         <run_address>0x3098</run_address>
         <size>0x1c</size>
         <input_file_ref idref="fl-cd"/>
      </object_component>
      <object_component id="oc-355">
         <name>.text:free_list_remove</name>
         <load_address>0x30b4</load_address>
         <run_address>0x30b4</run_address>
         <size>0x1c</size>
         <input_file_ref idref="fl-d8"/>
      </object_component>
      <object_component id="oc-1a7">
         <name>.text:memccpy</name>
         <load_address>0x30d0</load_address>
         <run_address>0x30d0</run_address>
         <size>0x1c</size>
         <input_file_ref idref="fl-d6"/>
      </object_component>
      <object_component id="oc-2d0">
         <name>.text:copysign</name>
         <load_address>0x30ec</load_address>
         <run_address>0x30ec</run_address>
         <size>0x1a</size>
         <input_file_ref idref="fl-f4"/>
      </object_component>
      <object_component id="oc-428">
         <name>.text:strcmp</name>
         <load_address>0x3106</load_address>
         <run_address>0x3106</run_address>
         <size>0x18</size>
         <input_file_ref idref="fl-f7"/>
      </object_component>
      <object_component id="oc-25d">
         <name>.text:strchr</name>
         <load_address>0x311e</load_address>
         <run_address>0x311e</run_address>
         <size>0x16</size>
         <input_file_ref idref="fl-d9"/>
      </object_component>
      <object_component id="oc-3dc">
         <name>.text:strcpy</name>
         <load_address>0x3134</load_address>
         <run_address>0x3134</run_address>
         <size>0x14</size>
         <input_file_ref idref="fl-f8"/>
      </object_component>
      <object_component id="oc-178">
         <name>.text:strlen</name>
         <load_address>0x3148</load_address>
         <run_address>0x3148</run_address>
         <size>0x14</size>
         <input_file_ref idref="fl-da"/>
      </object_component>
      <object_component id="oc-1ad">
         <name>.text:wcslen</name>
         <load_address>0x315c</load_address>
         <run_address>0x315c</run_address>
         <size>0x12</size>
         <input_file_ref idref="fl-df"/>
      </object_component>
      <object_component id="oc-1a">
         <name>.text:decompress:none:__TI_decompress_none</name>
         <load_address>0x316e</load_address>
         <run_address>0x316e</run_address>
         <size>0xe</size>
         <input_file_ref idref="fl-ce"/>
      </object_component>
      <object_component id="oc-67">
         <name>.text</name>
         <load_address>0x317c</load_address>
         <run_address>0x317c</run_address>
         <size>0xe</size>
         <input_file_ref idref="fl-3"/>
      </object_component>
      <object_component id="oc-1b3">
         <name>.text:__aeabi_errno_addr</name>
         <load_address>0x318c</load_address>
         <run_address>0x318c</run_address>
         <size>0x8</size>
         <input_file_ref idref="fl-de"/>
      </object_component>
      <object_component id="oc-326">
         <name>.text:malloc</name>
         <load_address>0x3194</load_address>
         <run_address>0x3194</run_address>
         <size>0x8</size>
         <input_file_ref idref="fl-d8"/>
      </object_component>
      <object_component id="oc-13e">
         <name>.text:_outc</name>
         <load_address>0x319c</load_address>
         <run_address>0x319c</run_address>
         <size>0x4</size>
         <input_file_ref idref="fl-be"/>
      </object_component>
      <object_component id="oc-138">
         <name>.text:_outs</name>
         <load_address>0x31a0</load_address>
         <run_address>0x31a0</run_address>
         <size>0x4</size>
         <input_file_ref idref="fl-be"/>
      </object_component>
      <object_component id="oc-91">
         <name>.text:_system_pre_init</name>
         <load_address>0x31a4</load_address>
         <run_address>0x31a4</run_address>
         <size>0x4</size>
         <input_file_ref idref="fl-e7"/>
      </object_component>
      <object_component id="oc-e5">
         <name>.text:abort:abort</name>
         <load_address>0x31a8</load_address>
         <run_address>0x31a8</run_address>
         <size>0x4</size>
         <input_file_ref idref="fl-d0"/>
      </object_component>
      <object_component id="oc-206">
         <name>.const:.string:_ctypes_</name>
         <load_address>0x31ac</load_address>
         <run_address>0x31ac</run_address>
         <size>0x101</size>
         <input_file_ref idref="fl-d3"/>
      </object_component>
      <object_component id="oc-466">
         <name>.cinit..data.load</name>
         <load_address>0x32b0</load_address>
         <run_address>0x32b0</run_address>
         <size>0x6c</size>
      </object_component>
      <object_component id="oc-464">
         <name>__TI_handler_table</name>
         <load_address>0x331c</load_address>
         <run_address>0x331c</run_address>
         <size>0xc</size>
      </object_component>
      <object_component id="oc-467">
         <name>.cinit..bss.load</name>
         <load_address>0x3328</load_address>
         <run_address>0x3328</run_address>
         <size>0x8</size>
      </object_component>
      <object_component id="oc-465">
         <name>__TI_cinit_table</name>
         <load_address>0x3330</load_address>
         <run_address>0x3330</run_address>
         <size>0x10</size>
      </object_component>
      <object_component id="oc-439">
         <name>.binit</name>
         <load_address>0x0</load_address>
         <run_address>0x0</run_address>
         <size>0x0</size>
      </object_component>
      <object_component id="oc-dc">
         <name>.data</name>
         <load_address>0x200005e4</load_address>
         <run_address>0x200005e4</run_address>
         <size>0x4</size>
         <input_file_ref idref="fl-2"/>
      </object_component>
      <object_component id="oc-123">
         <name>.data</name>
         <load_address>0x200005ec</load_address>
         <run_address>0x200005ec</run_address>
         <size>0x4</size>
         <input_file_ref idref="fl-4"/>
      </object_component>
      <object_component id="oc-15a">
         <name>.data:$O1$$</name>
         <load_address>0x200005c8</load_address>
         <run_address>0x200005c8</run_address>
         <size>0xc</size>
         <input_file_ref idref="fl-d0"/>
      </object_component>
      <object_component id="oc-132">
         <name>.data:$O1$$</name>
         <load_address>0x200005d4</load_address>
         <run_address>0x200005d4</run_address>
         <size>0x8</size>
         <input_file_ref idref="fl-d1"/>
      </object_component>
      <object_component id="oc-135">
         <name>.data:_ftable</name>
         <load_address>0x20000400</load_address>
         <run_address>0x20000400</run_address>
         <size>0xf0</size>
         <input_file_ref idref="fl-d4"/>
      </object_component>
      <object_component id="oc-36f">
         <name>.data</name>
         <load_address>0x200005b8</load_address>
         <run_address>0x200005b8</run_address>
         <size>0x10</size>
         <input_file_ref idref="fl-d4"/>
      </object_component>
      <object_component id="oc-3a5">
         <name>.data:$O1$$</name>
         <load_address>0x200005dc</load_address>
         <run_address>0x200005dc</run_address>
         <size>0x8</size>
         <input_file_ref idref="fl-d8"/>
      </object_component>
      <object_component id="oc-33f">
         <name>.data:_device</name>
         <load_address>0x200004f0</load_address>
         <run_address>0x200004f0</run_address>
         <size>0x78</size>
         <input_file_ref idref="fl-dc"/>
      </object_component>
      <object_component id="oc-2fe">
         <name>.data:_stream</name>
         <load_address>0x20000568</load_address>
         <run_address>0x20000568</run_address>
         <size>0x50</size>
         <input_file_ref idref="fl-dc"/>
      </object_component>
      <object_component id="oc-26d">
         <name>.data</name>
         <load_address>0x200005e8</load_address>
         <run_address>0x200005e8</run_address>
         <size>0x4</size>
         <input_file_ref idref="fl-de"/>
      </object_component>
      <object_component id="oc-3f3">
         <name>.bss:_CIOBUF_</name>
         <uninitialized>true</uninitialized>
         <run_address>0x200005f0</run_address>
         <size>0x120</size>
         <input_file_ref idref="fl-f1"/>
      </object_component>
      <object_component id="oc-d9">
         <name>.common:num</name>
         <uninitialized>true</uninitialized>
         <run_address>0x200007b8</run_address>
         <size>0x4</size>
      </object_component>
      <object_component id="oc-3bd">
         <name>.common:__TI_tmpnams</name>
         <uninitialized>true</uninitialized>
         <run_address>0x20000710</run_address>
         <size>0xa0</size>
      </object_component>
      <object_component id="oc-3ce">
         <name>.common:parmbuf</name>
         <uninitialized>true</uninitialized>
         <run_address>0x200007b0</run_address>
         <size>0x8</size>
      </object_component>
      <object_component id="oc-26">
         <name>.sysmem</name>
         <uninitialized>true</uninitialized>
         <run_address>0x20000000</run_address>
         <size>0x10</size>
         <input_file_ref idref="fl-d8"/>
      </object_component>
      <object_component id="oc-469">
         <name>.sysmem</name>
         <uninitialized>true</uninitialized>
         <run_address>0x20000000</run_address>
         <size>0x0</size>
      </object_component>
      <object_component id="oc-29">
         <name>.stack</name>
         <uninitialized>true</uninitialized>
         <run_address>0x2000fe00</run_address>
         <size>0x4</size>
         <input_file_ref idref="fl-dd"/>
      </object_component>
      <object_component id="oc-468">
         <name>.stack</name>
         <uninitialized>true</uninitialized>
         <run_address>0x2000fe00</run_address>
         <size>0x0</size>
      </object_component>
      <object_component id="oc-da">
         <name>.debug_info</name>
         <load_address>0x0</load_address>
         <run_address>0x0</run_address>
         <size>0x570</size>
         <input_file_ref idref="fl-2"/>
      </object_component>
      <object_component id="oc-dd">
         <name>.debug_info</name>
         <load_address>0x570</load_address>
         <run_address>0x570</run_address>
         <size>0xec</size>
         <input_file_ref idref="fl-2"/>
      </object_component>
      <object_component id="oc-9b">
         <name>.debug_info</name>
         <load_address>0x65c</load_address>
         <run_address>0x65c</run_address>
         <size>0x3a1</size>
         <input_file_ref idref="fl-2"/>
      </object_component>
      <object_component id="oc-152">
         <name>.debug_info</name>
         <load_address>0x9fd</load_address>
         <run_address>0x9fd</run_address>
         <size>0x1055</size>
         <input_file_ref idref="fl-2"/>
      </object_component>
      <object_component id="oc-14d">
         <name>.debug_info</name>
         <load_address>0x1a52</load_address>
         <run_address>0x1a52</run_address>
         <size>0x37e2</size>
         <input_file_ref idref="fl-2"/>
      </object_component>
      <object_component id="oc-b2">
         <name>.debug_info</name>
         <load_address>0x5234</load_address>
         <run_address>0x5234</run_address>
         <size>0x26b</size>
         <input_file_ref idref="fl-2"/>
      </object_component>
      <object_component id="oc-32">
         <name>.debug_info</name>
         <load_address>0x549f</load_address>
         <run_address>0x549f</run_address>
         <size>0x84</size>
         <input_file_ref idref="fl-2"/>
      </object_component>
      <object_component id="oc-127">
         <name>.debug_info</name>
         <load_address>0x5523</load_address>
         <run_address>0x5523</run_address>
         <size>0x297</size>
         <input_file_ref idref="fl-2"/>
      </object_component>
      <object_component id="oc-e0">
         <name>.debug_info</name>
         <load_address>0x57ba</load_address>
         <run_address>0x57ba</run_address>
         <size>0xbb</size>
         <input_file_ref idref="fl-2"/>
      </object_component>
      <object_component id="oc-6f">
         <name>.debug_info</name>
         <load_address>0x5875</load_address>
         <run_address>0x5875</run_address>
         <size>0x2e1</size>
         <input_file_ref idref="fl-3"/>
      </object_component>
      <object_component id="oc-24">
         <name>.debug_info</name>
         <load_address>0x5b56</load_address>
         <run_address>0x5b56</run_address>
         <size>0x10d</size>
         <input_file_ref idref="fl-3"/>
      </object_component>
      <object_component id="oc-68">
         <name>.debug_info</name>
         <load_address>0x5c63</load_address>
         <run_address>0x5c63</run_address>
         <size>0x1d4</size>
         <input_file_ref idref="fl-3"/>
      </object_component>
      <object_component id="oc-124">
         <name>.debug_info</name>
         <load_address>0x5e37</load_address>
         <run_address>0x5e37</run_address>
         <size>0x106</size>
         <input_file_ref idref="fl-4"/>
      </object_component>
      <object_component id="oc-ab">
         <name>.debug_info</name>
         <load_address>0x5f3d</load_address>
         <run_address>0x5f3d</run_address>
         <size>0x278</size>
         <input_file_ref idref="fl-4"/>
      </object_component>
      <object_component id="oc-145">
         <name>.debug_info</name>
         <load_address>0x61b5</load_address>
         <run_address>0x61b5</run_address>
         <size>0x3e4</size>
         <input_file_ref idref="fl-be"/>
      </object_component>
      <object_component id="oc-141">
         <name>.debug_info</name>
         <load_address>0x6599</load_address>
         <run_address>0x6599</run_address>
         <size>0x156</size>
         <input_file_ref idref="fl-be"/>
      </object_component>
      <object_component id="oc-13c">
         <name>.debug_info</name>
         <load_address>0x66ef</load_address>
         <run_address>0x66ef</run_address>
         <size>0x165</size>
         <input_file_ref idref="fl-be"/>
      </object_component>
      <object_component id="oc-d7">
         <name>.debug_info</name>
         <load_address>0x6854</load_address>
         <run_address>0x6854</run_address>
         <size>0x1ab</size>
         <input_file_ref idref="fl-be"/>
      </object_component>
      <object_component id="oc-1e3">
         <name>.debug_info</name>
         <load_address>0x69ff</load_address>
         <run_address>0x69ff</run_address>
         <size>0xb2</size>
         <input_file_ref idref="fl-be"/>
      </object_component>
      <object_component id="oc-1e8">
         <name>.debug_info</name>
         <load_address>0x6ab1</load_address>
         <run_address>0x6ab1</run_address>
         <size>0x4e</size>
         <input_file_ref idref="fl-be"/>
      </object_component>
      <object_component id="oc-146">
         <name>.debug_info</name>
         <load_address>0x6aff</load_address>
         <run_address>0x6aff</run_address>
         <size>0x2c</size>
         <input_file_ref idref="fl-be"/>
      </object_component>
      <object_component id="oc-1ba">
         <name>.debug_info</name>
         <load_address>0x6b2b</load_address>
         <run_address>0x6b2b</run_address>
         <size>0x57a</size>
         <input_file_ref idref="fl-bf"/>
      </object_component>
      <object_component id="oc-186">
         <name>.debug_info</name>
         <load_address>0x70a5</load_address>
         <run_address>0x70a5</run_address>
         <size>0x21d</size>
         <input_file_ref idref="fl-bf"/>
      </object_component>
      <object_component id="oc-238">
         <name>.debug_info</name>
         <load_address>0x72c2</load_address>
         <run_address>0x72c2</run_address>
         <size>0x1b2</size>
         <input_file_ref idref="fl-bf"/>
      </object_component>
      <object_component id="oc-23e">
         <name>.debug_info</name>
         <load_address>0x7474</load_address>
         <run_address>0x7474</run_address>
         <size>0x21a</size>
         <input_file_ref idref="fl-bf"/>
      </object_component>
      <object_component id="oc-191">
         <name>.debug_info</name>
         <load_address>0x768e</load_address>
         <run_address>0x768e</run_address>
         <size>0x3ba</size>
         <input_file_ref idref="fl-bf"/>
      </object_component>
      <object_component id="oc-245">
         <name>.debug_info</name>
         <load_address>0x7a48</load_address>
         <run_address>0x7a48</run_address>
         <size>0x304</size>
         <input_file_ref idref="fl-bf"/>
      </object_component>
      <object_component id="oc-24b">
         <name>.debug_info</name>
         <load_address>0x7d4c</load_address>
         <run_address>0x7d4c</run_address>
         <size>0x214</size>
         <input_file_ref idref="fl-bf"/>
      </object_component>
      <object_component id="oc-197">
         <name>.debug_info</name>
         <load_address>0x7f60</load_address>
         <run_address>0x7f60</run_address>
         <size>0x214</size>
         <input_file_ref idref="fl-bf"/>
      </object_component>
      <object_component id="oc-19d">
         <name>.debug_info</name>
         <load_address>0x8174</load_address>
         <run_address>0x8174</run_address>
         <size>0x303</size>
         <input_file_ref idref="fl-bf"/>
      </object_component>
      <object_component id="oc-1a3">
         <name>.debug_info</name>
         <load_address>0x8477</load_address>
         <run_address>0x8477</run_address>
         <size>0x4af</size>
         <input_file_ref idref="fl-bf"/>
      </object_component>
      <object_component id="oc-12e">
         <name>.debug_info</name>
         <load_address>0x8926</load_address>
         <run_address>0x8926</run_address>
         <size>0x5f3</size>
         <input_file_ref idref="fl-bf"/>
      </object_component>
      <object_component id="oc-1bb">
         <name>.debug_info</name>
         <load_address>0x8f19</load_address>
         <run_address>0x8f19</run_address>
         <size>0x86</size>
         <input_file_ref idref="fl-bf"/>
      </object_component>
      <object_component id="oc-279">
         <name>.debug_info</name>
         <load_address>0x8f9f</load_address>
         <run_address>0x8f9f</run_address>
         <size>0x39</size>
         <input_file_ref idref="fl-bf"/>
      </object_component>
      <object_component id="oc-2e7">
         <name>.debug_info</name>
         <load_address>0x8fd8</load_address>
         <run_address>0x8fd8</run_address>
         <size>0xb6</size>
         <input_file_ref idref="fl-bf"/>
      </object_component>
      <object_component id="oc-27e">
         <name>.debug_info</name>
         <load_address>0x908e</load_address>
         <run_address>0x908e</run_address>
         <size>0x46</size>
         <input_file_ref idref="fl-bf"/>
      </object_component>
      <object_component id="oc-1c0">
         <name>.debug_info</name>
         <load_address>0x90d4</load_address>
         <run_address>0x90d4</run_address>
         <size>0x46</size>
         <input_file_ref idref="fl-bf"/>
      </object_component>
      <object_component id="oc-274">
         <name>.debug_info</name>
         <load_address>0x911a</load_address>
         <run_address>0x911a</run_address>
         <size>0x2c</size>
         <input_file_ref idref="fl-bf"/>
      </object_component>
      <object_component id="oc-2a3">
         <name>.debug_info</name>
         <load_address>0x9146</load_address>
         <run_address>0x9146</run_address>
         <size>0x382</size>
         <input_file_ref idref="fl-c0"/>
      </object_component>
      <object_component id="oc-1dc">
         <name>.debug_info</name>
         <load_address>0x94c8</load_address>
         <run_address>0x94c8</run_address>
         <size>0x1e9</size>
         <input_file_ref idref="fl-c0"/>
      </object_component>
      <object_component id="oc-2a1">
         <name>.debug_info</name>
         <load_address>0x96b1</load_address>
         <run_address>0x96b1</run_address>
         <size>0x3fb</size>
         <input_file_ref idref="fl-c1"/>
      </object_component>
      <object_component id="oc-1d7">
         <name>.debug_info</name>
         <load_address>0x9aac</load_address>
         <run_address>0x9aac</run_address>
         <size>0x2e1</size>
         <input_file_ref idref="fl-c1"/>
      </object_component>
      <object_component id="oc-ca">
         <name>.debug_info</name>
         <load_address>0x9d8d</load_address>
         <run_address>0x9d8d</run_address>
         <size>0x2c</size>
         <input_file_ref idref="fl-c1"/>
      </object_component>
      <object_component id="oc-2f9">
         <name>.debug_info</name>
         <load_address>0x9db9</load_address>
         <run_address>0x9db9</run_address>
         <size>0x2ff</size>
         <input_file_ref idref="fl-c2"/>
      </object_component>
      <object_component id="oc-28b">
         <name>.debug_info</name>
         <load_address>0xa0b8</load_address>
         <run_address>0xa0b8</run_address>
         <size>0x19b</size>
         <input_file_ref idref="fl-c2"/>
      </object_component>
      <object_component id="oc-334">
         <name>.debug_info</name>
         <load_address>0xa253</load_address>
         <run_address>0xa253</run_address>
         <size>0xbf</size>
         <input_file_ref idref="fl-c2"/>
      </object_component>
      <object_component id="oc-333">
         <name>.debug_info</name>
         <load_address>0xa312</load_address>
         <run_address>0xa312</run_address>
         <size>0x373</size>
         <input_file_ref idref="fl-c3"/>
      </object_component>
      <object_component id="oc-2f5">
         <name>.debug_info</name>
         <load_address>0xa685</load_address>
         <run_address>0xa685</run_address>
         <size>0x20a</size>
         <input_file_ref idref="fl-c3"/>
      </object_component>
      <object_component id="oc-232">
         <name>.debug_info</name>
         <load_address>0xa88f</load_address>
         <run_address>0xa88f</run_address>
         <size>0x14b</size>
         <input_file_ref idref="fl-c4"/>
      </object_component>
      <object_component id="oc-18c">
         <name>.debug_info</name>
         <load_address>0xa9da</load_address>
         <run_address>0xa9da</run_address>
         <size>0x127</size>
         <input_file_ref idref="fl-c5"/>
      </object_component>
      <object_component id="oc-21f">
         <name>.debug_info</name>
         <load_address>0xab01</load_address>
         <run_address>0xab01</run_address>
         <size>0x129</size>
         <input_file_ref idref="fl-c5"/>
      </object_component>
      <object_component id="oc-218">
         <name>.debug_info</name>
         <load_address>0xac2a</load_address>
         <run_address>0xac2a</run_address>
         <size>0x139</size>
         <input_file_ref idref="fl-c6"/>
      </object_component>
      <object_component id="oc-214">
         <name>.debug_info</name>
         <load_address>0xad63</load_address>
         <run_address>0xad63</run_address>
         <size>0x139</size>
         <input_file_ref idref="fl-c7"/>
      </object_component>
      <object_component id="oc-223">
         <name>.debug_info</name>
         <load_address>0xae9c</load_address>
         <run_address>0xae9c</run_address>
         <size>0x12d</size>
         <input_file_ref idref="fl-c8"/>
      </object_component>
      <object_component id="oc-22d">
         <name>.debug_info</name>
         <load_address>0xafc9</load_address>
         <run_address>0xafc9</run_address>
         <size>0x12b</size>
         <input_file_ref idref="fl-c9"/>
      </object_component>
      <object_component id="oc-38">
         <name>.debug_info</name>
         <load_address>0xb0f4</load_address>
         <run_address>0xb0f4</run_address>
         <size>0x118</size>
         <input_file_ref idref="fl-ca"/>
      </object_component>
      <object_component id="oc-20d">
         <name>.debug_info</name>
         <load_address>0xb20c</load_address>
         <run_address>0xb20c</run_address>
         <size>0x133</size>
         <input_file_ref idref="fl-cb"/>
      </object_component>
      <object_component id="oc-8e">
         <name>.debug_info</name>
         <load_address>0xb33f</load_address>
         <run_address>0xb33f</run_address>
         <size>0x146</size>
         <input_file_ref idref="fl-cc"/>
      </object_component>
      <object_component id="oc-8a">
         <name>.debug_info</name>
         <load_address>0xb485</load_address>
         <run_address>0xb485</run_address>
         <size>0x2d3</size>
         <input_file_ref idref="fl-cd"/>
      </object_component>
      <object_component id="oc-47">
         <name>.debug_info</name>
         <load_address>0xb758</load_address>
         <run_address>0xb758</run_address>
         <size>0x1d1</size>
         <input_file_ref idref="fl-cd"/>
      </object_component>
      <object_component id="oc-85">
         <name>.debug_info</name>
         <load_address>0xb929</load_address>
         <run_address>0xb929</run_address>
         <size>0x46</size>
         <input_file_ref idref="fl-cd"/>
      </object_component>
      <object_component id="oc-42">
         <name>.debug_info</name>
         <load_address>0xb96f</load_address>
         <run_address>0xb96f</run_address>
         <size>0x2a7</size>
         <input_file_ref idref="fl-ce"/>
      </object_component>
      <object_component id="oc-1d">
         <name>.debug_info</name>
         <load_address>0xbc16</load_address>
         <run_address>0xbc16</run_address>
         <size>0x1e9</size>
         <input_file_ref idref="fl-ce"/>
      </object_component>
      <object_component id="oc-3d">
         <name>.debug_info</name>
         <load_address>0xbdff</load_address>
         <run_address>0xbdff</run_address>
         <size>0x46</size>
         <input_file_ref idref="fl-ce"/>
      </object_component>
      <object_component id="oc-7d">
         <name>.debug_info</name>
         <load_address>0xbe45</load_address>
         <run_address>0xbe45</run_address>
         <size>0x2c</size>
         <input_file_ref idref="fl-ce"/>
      </object_component>
      <object_component id="oc-7b">
         <name>.debug_info</name>
         <load_address>0xbe71</load_address>
         <run_address>0xbe71</run_address>
         <size>0x29d</size>
         <input_file_ref idref="fl-cf"/>
      </object_component>
      <object_component id="oc-15">
         <name>.debug_info</name>
         <load_address>0xc10e</load_address>
         <run_address>0xc10e</run_address>
         <size>0x24f</size>
         <input_file_ref idref="fl-cf"/>
      </object_component>
      <object_component id="oc-2d">
         <name>.debug_info</name>
         <load_address>0xc35d</load_address>
         <run_address>0xc35d</run_address>
         <size>0x60</size>
         <input_file_ref idref="fl-cf"/>
      </object_component>
      <object_component id="oc-c3">
         <name>.debug_info</name>
         <load_address>0xc3bd</load_address>
         <run_address>0xc3bd</run_address>
         <size>0x46</size>
         <input_file_ref idref="fl-cf"/>
      </object_component>
      <object_component id="oc-76">
         <name>.debug_info</name>
         <load_address>0xc403</load_address>
         <run_address>0xc403</run_address>
         <size>0x39</size>
         <input_file_ref idref="fl-cf"/>
      </object_component>
      <object_component id="oc-15e">
         <name>.debug_info</name>
         <load_address>0xc43c</load_address>
         <run_address>0xc43c</run_address>
         <size>0x3ac</size>
         <input_file_ref idref="fl-d0"/>
      </object_component>
      <object_component id="oc-15b">
         <name>.debug_info</name>
         <load_address>0xc7e8</load_address>
         <run_address>0xc7e8</run_address>
         <size>0x18f</size>
         <input_file_ref idref="fl-d0"/>
      </object_component>
      <object_component id="oc-e8">
         <name>.debug_info</name>
         <load_address>0xc977</load_address>
         <run_address>0xc977</run_address>
         <size>0x121</size>
         <input_file_ref idref="fl-d0"/>
      </object_component>
      <object_component id="oc-ec">
         <name>.debug_info</name>
         <load_address>0xca98</load_address>
         <run_address>0xca98</run_address>
         <size>0x183</size>
         <input_file_ref idref="fl-d0"/>
      </object_component>
      <object_component id="oc-1cd">
         <name>.debug_info</name>
         <load_address>0xcc1b</load_address>
         <run_address>0xcc1b</run_address>
         <size>0x2c8</size>
         <input_file_ref idref="fl-d1"/>
      </object_component>
      <object_component id="oc-133">
         <name>.debug_info</name>
         <load_address>0xcee3</load_address>
         <run_address>0xcee3</run_address>
         <size>0x11d</size>
         <input_file_ref idref="fl-d1"/>
      </object_component>
      <object_component id="oc-1c8">
         <name>.debug_info</name>
         <load_address>0xd000</load_address>
         <run_address>0xd000</run_address>
         <size>0x12d</size>
         <input_file_ref idref="fl-d1"/>
      </object_component>
      <object_component id="oc-20a">
         <name>.debug_info</name>
         <load_address>0xd12d</load_address>
         <run_address>0xd12d</run_address>
         <size>0x2b8</size>
         <input_file_ref idref="fl-d2"/>
      </object_component>
      <object_component id="oc-182">
         <name>.debug_info</name>
         <load_address>0xd3e5</load_address>
         <run_address>0xd3e5</run_address>
         <size>0x17b</size>
         <input_file_ref idref="fl-d2"/>
      </object_component>
      <object_component id="oc-2b4">
         <name>.debug_info</name>
         <load_address>0xd560</load_address>
         <run_address>0xd560</run_address>
         <size>0xf8</size>
         <input_file_ref idref="fl-d3"/>
      </object_component>
      <object_component id="oc-207">
         <name>.debug_info</name>
         <load_address>0xd658</load_address>
         <run_address>0xd658</run_address>
         <size>0x104</size>
         <input_file_ref idref="fl-d3"/>
      </object_component>
      <object_component id="oc-1d1">
         <name>.debug_info</name>
         <load_address>0xd75c</load_address>
         <run_address>0xd75c</run_address>
         <size>0x143</size>
         <input_file_ref idref="fl-d4"/>
      </object_component>
      <object_component id="oc-136">
         <name>.debug_info</name>
         <load_address>0xd89f</load_address>
         <run_address>0xd89f</run_address>
         <size>0x101</size>
         <input_file_ref idref="fl-d4"/>
      </object_component>
      <object_component id="oc-370">
         <name>.debug_info</name>
         <load_address>0xd9a0</load_address>
         <run_address>0xd9a0</run_address>
         <size>0x18e</size>
         <input_file_ref idref="fl-d4"/>
      </object_component>
      <object_component id="oc-2c2">
         <name>.debug_info</name>
         <load_address>0xdb2e</load_address>
         <run_address>0xdb2e</run_address>
         <size>0x29a</size>
         <input_file_ref idref="fl-d5"/>
      </object_component>
      <object_component id="oc-227">
         <name>.debug_info</name>
         <load_address>0xddc8</load_address>
         <run_address>0xddc8</run_address>
         <size>0x1cc</size>
         <input_file_ref idref="fl-d5"/>
      </object_component>
      <object_component id="oc-265">
         <name>.debug_info</name>
         <load_address>0xdf94</load_address>
         <run_address>0xdf94</run_address>
         <size>0x295</size>
         <input_file_ref idref="fl-d6"/>
      </object_component>
      <object_component id="oc-1aa">
         <name>.debug_info</name>
         <load_address>0xe229</load_address>
         <run_address>0xe229</run_address>
         <size>0x1b5</size>
         <input_file_ref idref="fl-d6"/>
      </object_component>
      <object_component id="oc-2fb">
         <name>.debug_info</name>
         <load_address>0xe3de</load_address>
         <run_address>0xe3de</run_address>
         <size>0x2a4</size>
         <input_file_ref idref="fl-d7"/>
      </object_component>
      <object_component id="oc-292">
         <name>.debug_info</name>
         <load_address>0xe682</load_address>
         <run_address>0xe682</run_address>
         <size>0x258</size>
         <input_file_ref idref="fl-d7"/>
      </object_component>
      <object_component id="oc-72">
         <name>.debug_info</name>
         <load_address>0xe8da</load_address>
         <run_address>0xe8da</run_address>
         <size>0x3b1</size>
         <input_file_ref idref="fl-d8"/>
      </object_component>
      <object_component id="oc-27">
         <name>.debug_info</name>
         <load_address>0xec8b</load_address>
         <run_address>0xec8b</run_address>
         <size>0x10b</size>
         <input_file_ref idref="fl-d8"/>
      </object_component>
      <object_component id="oc-3a6">
         <name>.debug_info</name>
         <load_address>0xed96</load_address>
         <run_address>0xed96</run_address>
         <size>0x13e</size>
         <input_file_ref idref="fl-d8"/>
      </object_component>
      <object_component id="oc-32a">
         <name>.debug_info</name>
         <load_address>0xeed4</load_address>
         <run_address>0xeed4</run_address>
         <size>0x167</size>
         <input_file_ref idref="fl-d8"/>
      </object_component>
      <object_component id="oc-359">
         <name>.debug_info</name>
         <load_address>0xf03b</load_address>
         <run_address>0xf03b</run_address>
         <size>0x18d</size>
         <input_file_ref idref="fl-d8"/>
      </object_component>
      <object_component id="oc-35f">
         <name>.debug_info</name>
         <load_address>0xf1c8</load_address>
         <run_address>0xf1c8</run_address>
         <size>0x19e</size>
         <input_file_ref idref="fl-d8"/>
      </object_component>
      <object_component id="oc-324">
         <name>.debug_info</name>
         <load_address>0xf366</load_address>
         <run_address>0xf366</run_address>
         <size>0x202</size>
         <input_file_ref idref="fl-d8"/>
      </object_component>
      <object_component id="oc-3ae">
         <name>.debug_info</name>
         <load_address>0xf568</load_address>
         <run_address>0xf568</run_address>
         <size>0x1da</size>
         <input_file_ref idref="fl-d8"/>
      </object_component>
      <object_component id="oc-365">
         <name>.debug_info</name>
         <load_address>0xf742</load_address>
         <run_address>0xf742</run_address>
         <size>0x298</size>
         <input_file_ref idref="fl-d8"/>
      </object_component>
      <object_component id="oc-be">
         <name>.debug_info</name>
         <load_address>0xf9da</load_address>
         <run_address>0xf9da</run_address>
         <size>0xb2</size>
         <input_file_ref idref="fl-d8"/>
      </object_component>
      <object_component id="oc-b9">
         <name>.debug_info</name>
         <load_address>0xfa8c</load_address>
         <run_address>0xfa8c</run_address>
         <size>0x2c</size>
         <input_file_ref idref="fl-d8"/>
      </object_component>
      <object_component id="oc-2d9">
         <name>.debug_info</name>
         <load_address>0xfab8</load_address>
         <run_address>0xfab8</run_address>
         <size>0x299</size>
         <input_file_ref idref="fl-d9"/>
      </object_component>
      <object_component id="oc-260">
         <name>.debug_info</name>
         <load_address>0xfd51</load_address>
         <run_address>0xfd51</run_address>
         <size>0x25d</size>
         <input_file_ref idref="fl-d9"/>
      </object_component>
      <object_component id="oc-205">
         <name>.debug_info</name>
         <load_address>0xffae</load_address>
         <run_address>0xffae</run_address>
         <size>0x28e</size>
         <input_file_ref idref="fl-da"/>
      </object_component>
      <object_component id="oc-17b">
         <name>.debug_info</name>
         <load_address>0x1023c</load_address>
         <run_address>0x1023c</run_address>
         <size>0x240</size>
         <input_file_ref idref="fl-da"/>
      </object_component>
      <object_component id="oc-302">
         <name>.debug_info</name>
         <load_address>0x1047c</load_address>
         <run_address>0x1047c</run_address>
         <size>0x396</size>
         <input_file_ref idref="fl-db"/>
      </object_component>
      <object_component id="oc-29b">
         <name>.debug_info</name>
         <load_address>0x10812</load_address>
         <run_address>0x10812</run_address>
         <size>0x18e</size>
         <input_file_ref idref="fl-db"/>
      </object_component>
      <object_component id="oc-347">
         <name>.debug_info</name>
         <load_address>0x109a0</load_address>
         <run_address>0x109a0</run_address>
         <size>0x120</size>
         <input_file_ref idref="fl-db"/>
      </object_component>
      <object_component id="oc-34c">
         <name>.debug_info</name>
         <load_address>0x10ac0</load_address>
         <run_address>0x10ac0</run_address>
         <size>0x2c</size>
         <input_file_ref idref="fl-db"/>
      </object_component>
      <object_component id="oc-344">
         <name>.debug_info</name>
         <load_address>0x10aec</load_address>
         <run_address>0x10aec</run_address>
         <size>0x336</size>
         <input_file_ref idref="fl-dc"/>
      </object_component>
      <object_component id="oc-340">
         <name>.debug_info</name>
         <load_address>0x10e22</load_address>
         <run_address>0x10e22</run_address>
         <size>0x108</size>
         <input_file_ref idref="fl-dc"/>
      </object_component>
      <object_component id="oc-2ff">
         <name>.debug_info</name>
         <load_address>0x10f2a</load_address>
         <run_address>0x10f2a</run_address>
         <size>0x108</size>
         <input_file_ref idref="fl-dc"/>
      </object_component>
      <object_component id="oc-2a">
         <name>.debug_info</name>
         <load_address>0x11032</load_address>
         <run_address>0x11032</run_address>
         <size>0x10a</size>
         <input_file_ref idref="fl-dd"/>
      </object_component>
      <object_component id="oc-56">
         <name>.debug_info</name>
         <load_address>0x1113c</load_address>
         <run_address>0x1113c</run_address>
         <size>0x1a8</size>
         <input_file_ref idref="fl-dd"/>
      </object_component>
      <object_component id="oc-271">
         <name>.debug_info</name>
         <load_address>0x112e4</load_address>
         <run_address>0x112e4</run_address>
         <size>0x288</size>
         <input_file_ref idref="fl-de"/>
      </object_component>
      <object_component id="oc-26e">
         <name>.debug_info</name>
         <load_address>0x1156c</load_address>
         <run_address>0x1156c</run_address>
         <size>0x10d</size>
         <input_file_ref idref="fl-de"/>
      </object_component>
      <object_component id="oc-1b6">
         <name>.debug_info</name>
         <load_address>0x11679</load_address>
         <run_address>0x11679</run_address>
         <size>0x14d</size>
         <input_file_ref idref="fl-de"/>
      </object_component>
      <object_component id="oc-26c">
         <name>.debug_info</name>
         <load_address>0x117c6</load_address>
         <run_address>0x117c6</run_address>
         <size>0x28e</size>
         <input_file_ref idref="fl-df"/>
      </object_component>
      <object_component id="oc-1b1">
         <name>.debug_info</name>
         <load_address>0x11a54</load_address>
         <run_address>0x11a54</run_address>
         <size>0x159</size>
         <input_file_ref idref="fl-df"/>
      </object_component>
      <object_component id="oc-2dc">
         <name>.debug_info</name>
         <load_address>0x11bad</load_address>
         <run_address>0x11bad</run_address>
         <size>0x46</size>
         <input_file_ref idref="fl-df"/>
      </object_component>
      <object_component id="oc-267">
         <name>.debug_info</name>
         <load_address>0x11bf3</load_address>
         <run_address>0x11bf3</run_address>
         <size>0x39</size>
         <input_file_ref idref="fl-df"/>
      </object_component>
      <object_component id="oc-2ca">
         <name>.debug_info</name>
         <load_address>0x11c2c</load_address>
         <run_address>0x11c2c</run_address>
         <size>0x299</size>
         <input_file_ref idref="fl-e0"/>
      </object_component>
      <object_component id="oc-252">
         <name>.debug_info</name>
         <load_address>0x11ec5</load_address>
         <run_address>0x11ec5</run_address>
         <size>0x194</size>
         <input_file_ref idref="fl-e0"/>
      </object_component>
      <object_component id="oc-30e">
         <name>.debug_info</name>
         <load_address>0x12059</load_address>
         <run_address>0x12059</run_address>
         <size>0x39</size>
         <input_file_ref idref="fl-e0"/>
      </object_component>
      <object_component id="oc-2cb">
         <name>.debug_info</name>
         <load_address>0x12092</load_address>
         <run_address>0x12092</run_address>
         <size>0x2c</size>
         <input_file_ref idref="fl-e0"/>
      </object_component>
      <object_component id="oc-2d7">
         <name>.debug_info</name>
         <load_address>0x120be</load_address>
         <run_address>0x120be</run_address>
         <size>0x2fc</size>
         <input_file_ref idref="fl-e1"/>
      </object_component>
      <object_component id="oc-258">
         <name>.debug_info</name>
         <load_address>0x123ba</load_address>
         <run_address>0x123ba</run_address>
         <size>0x224</size>
         <input_file_ref idref="fl-e1"/>
      </object_component>
      <object_component id="oc-2fd">
         <name>.debug_info</name>
         <load_address>0x125de</load_address>
         <run_address>0x125de</run_address>
         <size>0x346</size>
         <input_file_ref idref="fl-e2"/>
      </object_component>
      <object_component id="oc-295">
         <name>.debug_info</name>
         <load_address>0x12924</load_address>
         <run_address>0x12924</run_address>
         <size>0x189</size>
         <input_file_ref idref="fl-e2"/>
      </object_component>
      <object_component id="oc-32d">
         <name>.debug_info</name>
         <load_address>0x12aad</load_address>
         <run_address>0x12aad</run_address>
         <size>0x175</size>
         <input_file_ref idref="fl-e3"/>
      </object_component>
      <object_component id="oc-31f">
         <name>.debug_info</name>
         <load_address>0x12c22</load_address>
         <run_address>0x12c22</run_address>
         <size>0x323</size>
         <input_file_ref idref="fl-e4"/>
      </object_component>
      <object_component id="oc-2ef">
         <name>.debug_info</name>
         <load_address>0x12f45</load_address>
         <run_address>0x12f45</run_address>
         <size>0x1eb</size>
[...]
      </symbol>
      <symbol id="sm-3a4">
         <name>__aeabi_memcpy</name>
         <value>0x221f</value>
         <object_component_ref idref="oc-37"/>
      </symbol>
      <symbol id="sm-3a5">
         <name>__aeabi_memcpy8</name>
         <value>0x221f</value>
         <object_component_ref idref="oc-37"/>
      </symbol>
      <symbol id="sm-3a6">
         <name>__aeabi_memcpy4</name>
         <value>0x221f</value>
         <object_component_ref idref="oc-37"/>
      </symbol>
      <symbol id="sm-3b3">
         <name>__aeabi_uldivmod</name>
         <value>0x22bb</value>
         <object_component_ref idref="oc-20b"/>
      </symbol>
      <symbol id="sm-3c2">
         <name>__aeabi_memset</name>
         <value>0x24eb</value>
         <object_component_ref idref="oc-8b"/>
      </symbol>
      <symbol id="sm-3c3">
         <name>memset</name>
         <value>0x24f1</value>
         <object_component_ref idref="oc-8b"/>
      </symbol>
      <symbol id="sm-3c4">
         <name>__aeabi_memset8</name>
         <value>0x24eb</value>
         <object_component_ref idref="oc-8b"/>
      </symbol>
      <symbol id="sm-3c5">
         <name>__aeabi_memset4</name>
         <value>0x24eb</value>
         <object_component_ref idref="oc-8b"/>
      </symbol>
      <symbol id="sm-3c6">
         <name>__aeabi_memclr8</name>
         <value>0x24e9</value>
         <object_component_ref idref="oc-8b"/>
      </symbol>
      <symbol id="sm-3c7">
         <name>__aeabi_memclr4</name>
         <value>0x24e9</value>
         <object_component_ref idref="oc-8b"/>
      </symbol>
      <symbol id="sm-3c8">
         <name>__aeabi_memclr</name>
         <value>0x24e9</value>
         <object_component_ref idref="oc-8b"/>
      </symbol>
      <symbol id="sm-3dc">
         <name>__TI_zero_init_nomemset</name>
         <value>0x3099</value>
         <object_component_ref idref="oc-43"/>
      </symbol>
      <symbol id="sm-3f3">
         <name>__TI_decompress_none</name>
         <value>0x316f</value>
         <object_component_ref idref="oc-1a"/>
      </symbol>
      <symbol id="sm-416">
         <name>__TI_decompress_lzss</name>
         <value>0x278d</value>
         <object_component_ref idref="oc-14"/>
      </symbol>
      <symbol id="sm-43c">
         <name>C$$EXIT</name>
         <value>0x31a9</value>
         <object_component_ref idref="oc-e5"/>
      </symbol>
      <symbol id="sm-43d">
         <name>abort</name>
         <value>0x31a9</value>
         <object_component_ref idref="oc-e5"/>
      </symbol>
      <symbol id="sm-43e">
         <name>__TI_dtors_ptr</name>
         <value>0x200005cc</value>
         <object_component_ref idref="oc-15a"/>
      </symbol>
      <symbol id="sm-43f">
         <name>__TI_cleanup_ptr</name>
         <value>0x200005c8</value>
         <object_component_ref idref="oc-15a"/>
      </symbol>
      <symbol id="sm-440">
         <name>__TI_enable_exit_profile_output</name>
         <value>0x200005d0</value>
         <object_component_ref idref="oc-15a"/>
      </symbol>
      <symbol id="sm-441">
         <name>exit</name>
         <value>0x2c89</value>
         <object_component_ref idref="oc-eb"/>
      </symbol>
      <symbol id="sm-456">
         <name>_nop</name>
         <value>0xb33</value>
         <object_component_ref idref="oc-1c5"/>
      </symbol>
      <symbol id="sm-457">
         <name>_lock</name>
         <value>0x200005d4</value>
         <object_component_ref idref="oc-132"/>
      </symbol>
      <symbol id="sm-458">
         <name>_unlock</name>
         <value>0x200005d8</value>
         <object_component_ref idref="oc-132"/>
      </symbol>
      <symbol id="sm-46e">
         <name>atoi</name>
         <value>0x2c3d</value>
         <object_component_ref idref="oc-17e"/>
      </symbol>
      <symbol id="sm-479">
         <name>_ctypes_</name>
         <value>0x31ac</value>
         <object_component_ref idref="oc-206"/>
      </symbol>
      <symbol id="sm-48e">
         <name>__TI_tmpnams</name>
         <value>0x20000710</value>
      </symbol>
      <symbol id="sm-48f">
         <name>__aeabi_stdout</name>
         <value>0x200005c0</value>
         <object_component_ref idref="oc-36f"/>
      </symbol>
      <symbol id="sm-490">
         <name>__aeabi_stderr</name>
         <value>0x200005c4</value>
         <object_component_ref idref="oc-36f"/>
      </symbol>
      <symbol id="sm-491">
         <name>__aeabi_stdin</name>
         <value>0x200005bc</value>
         <object_component_ref idref="oc-36f"/>
      </symbol>
      <symbol id="sm-492">
         <name>_ftable</name>
         <value>0x20000400</value>
         <object_component_ref idref="oc-135"/>
      </symbol>
      <symbol id="sm-493">
         <name>__TI_ft_end</name>
         <value>0x200005b8</value>
         <object_component_ref idref="oc-36f"/>
      </symbol>
      <symbol id="sm-4a2">
         <name>ltoa</name>
         <value>0x2b4b</value>
         <object_component_ref idref="oc-226"/>
      </symbol>
      <symbol id="sm-4b2">
         <name>memccpy</name>
         <value>0x30d1</value>
         <object_component_ref idref="oc-1a7"/>
      </symbol>
      <symbol id="sm-4c2">
         <name>memchr</name>
         <value>0x3079</value>
         <object_component_ref idref="oc-28e"/>
      </symbol>
      <symbol id="sm-54b">
         <name>_sys_memory</name>
         <value>0x20000000</value>
         <object_component_ref idref="oc-26"/>
      </symbol>
      <symbol id="sm-54c">
         <name>free</name>
         <value>0x1fad</value>
         <object_component_ref idref="oc-320"/>
      </symbol>
      <symbol id="sm-54d">
         <name>memalign</name>
         <value>0x1b75</value>
         <object_component_ref idref="oc-362"/>
      </symbol>
      <symbol id="sm-54e">
         <name>malloc</name>
         <value>0x3195</value>
         <object_component_ref idref="oc-326"/>
      </symbol>
      <symbol id="sm-54f">
         <name>aligned_alloc</name>
         <value>0x1b75</value>
         <object_component_ref idref="oc-362"/>
      </symbol>
      <symbol id="sm-55f">
         <name>strchr</name>
         <value>0x311f</value>
         <object_component_ref idref="oc-25d"/>
      </symbol>
      <symbol id="sm-56d">
         <name>strlen</name>
         <value>0x3149</value>
         <object_component_ref idref="oc-178"/>
      </symbol>
      <symbol id="sm-587">
         <name>write</name>
         <value>0x3051</value>
         <object_component_ref idref="oc-29a"/>
      </symbol>
      <symbol id="sm-598">
         <name>_stream</name>
         <value>0x20000568</value>
         <object_component_ref idref="oc-2fe"/>
      </symbol>
      <symbol id="sm-599">
         <name>_device</name>
         <value>0x200004f0</value>
         <object_component_ref idref="oc-33f"/>
      </symbol>
      <symbol id="sm-5ac">
         <name>__stack</name>
         <value>0x2000fe00</value>
         <object_component_ref idref="oc-29"/>
      </symbol>
      <symbol id="sm-5ad">
         <name>_c_int00_noargs</name>
         <value>0x2f41</value>
         <object_component_ref idref="oc-55"/>
      </symbol>
      <symbol id="sm-5c3">
         <name>__aeabi_errno_addr</name>
         <value>0x318d</value>
         <object_component_ref idref="oc-1b3"/>
      </symbol>
      <symbol id="sm-5c4">
         <name>errno</name>
         <value>0x200005e8</value>
         <object_component_ref idref="oc-26d"/>
      </symbol>
      <symbol id="sm-5dd">
         <name>wcslen</name>
         <value>0x315d</value>
         <object_component_ref idref="oc-1ad"/>
      </symbol>
      <symbol id="sm-5fd">
         <name>frexpl</name>
         <value>0x285d</value>
         <object_component_ref idref="oc-251"/>
      </symbol>
      <symbol id="sm-5fe">
         <name>frexp</name>
         <value>0x285d</value>
         <object_component_ref idref="oc-251"/>
      </symbol>
      <symbol id="sm-61b">
         <name>scalbn</name>
         <value>0x1da1</value>
         <object_component_ref idref="oc-257"/>
      </symbol>
      <symbol id="sm-61c">
         <name>scalbnl</name>
         <value>0x1da1</value>
         <object_component_ref idref="oc-257"/>
      </symbol>
      <symbol id="sm-61d">
         <name>ldexpl</name>
         <value>0x1da1</value>
         <object_component_ref idref="oc-257"/>
      </symbol>
      <symbol id="sm-61e">
         <name>ldexp</name>
         <value>0x1da1</value>
         <object_component_ref idref="oc-257"/>
      </symbol>
      <symbol id="sm-62e">
         <name>__TI_doflush</name>
         <value>0x2bf1</value>
         <object_component_ref idref="oc-294"/>
      </symbol>
      <symbol id="sm-63e">
         <name>__TI_cleanup</name>
         <value>0x2ed9</value>
         <object_component_ref idref="oc-32c"/>
      </symbol>
      <symbol id="sm-650">
         <name>fseek</name>
         <value>0x28c1</value>
         <object_component_ref idref="oc-2ec"/>
      </symbol>
      <symbol id="sm-65a">
         <name>__aeabi_idiv0</name>
         <value>0x17db</value>
         <object_component_ref idref="oc-2b7"/>
      </symbol>
      <symbol id="sm-65b">
         <name>__aeabi_ldiv0</name>
         <value>0x17db</value>
         <object_component_ref idref="oc-2b7"/>
      </symbol>
      <symbol id="sm-683">
         <name>__TI_auto_init_nobinit_nopinit</name>
         <value>0x2da1</value>
         <object_component_ref idref="oc-f1"/>
      </symbol>
      <symbol id="sm-68d">
         <name>_system_pre_init</name>
         <value>0x31a5</value>
         <object_component_ref idref="oc-91"/>
      </symbol>
      <symbol id="sm-6a0">
         <name>HOSTclose</name>
         <value>0x2d19</value>
         <object_component_ref idref="oc-37b"/>
      </symbol>
      <symbol id="sm-6b1">
         <name>HOSTlseek</name>
         <value>0x2725</value>
         <object_component_ref idref="oc-38d"/>
      </symbol>
      <symbol id="sm-6c3">
         <name>parmbuf</name>
         <value>0x200007b0</value>
      </symbol>
      <symbol id="sm-6c4">
         <name>HOSTopen</name>
         <value>0x2989</value>
         <object_component_ref idref="oc-375"/>
      </symbol>
      <symbol id="sm-6d5">
         <name>HOSTread</name>
         <value>0x2a45</value>
         <object_component_ref idref="oc-381"/>
      </symbol>
      <symbol id="sm-6e6">
         <name>HOSTrename</name>
         <value>0x26b9</value>
         <object_component_ref idref="oc-399"/>
      </symbol>
      <symbol id="sm-6f7">
         <name>HOSTunlink</name>
         <value>0x2d5d</value>
         <object_component_ref idref="oc-393"/>
      </symbol>
      <symbol id="sm-708">
         <name>HOSTwrite</name>
         <value>0x2a9d</value>
         <object_component_ref idref="oc-387"/>
      </symbol>
      <symbol id="sm-72c">
         <name>__TI_readmsg</name>
         <value>0x2f0d</value>
         <object_component_ref idref="oc-3c8"/>
      </symbol>
      <symbol id="sm-72d">
         <name>C$$IO$$</name>
         <value>0x2e97</value>
         <object_component_ref idref="oc-3c2"/>
      </symbol>
      <symbol id="sm-72e">
         <name>__CIOBUF_</name>
         <value>0x200005f0</value>
         <object_component_ref idref="oc-3f3"/>
      </symbol>
      <symbol id="sm-72f">
         <name>__TI_writemsg</name>
         <value>0x2e69</value>
         <object_component_ref idref="oc-3c2"/>
      </symbol>
      <symbol id="sm-740">
         <name>lseek</name>
         <value>0x3029</value>
         <object_component_ref idref="oc-318"/>
      </symbol>
      <symbol id="sm-74a">
         <name>copysign</name>
         <value>0x30ed</value>
         <object_component_ref idref="oc-2d0"/>
      </symbol>
      <symbol id="sm-74b">
         <name>copysignl</name>
         <value>0x30ed</value>
         <object_component_ref idref="oc-2d0"/>
      </symbol>
      <symbol id="sm-760">
         <name>__TI_closefile</name>
         <value>0x2565</value>
         <object_component_ref idref="oc-369"/>
      </symbol>
      <symbol id="sm-783">
         <name>finddevice</name>
         <value>0x2f75</value>
         <object_component_ref idref="oc-411"/>
      </symbol>
      <symbol id="sm-784">
         <name>getdevice</name>
         <value>0x2de5</value>
         <object_component_ref idref="oc-3e9"/>
      </symbol>
      <symbol id="sm-793">
         <name>strcmp</name>
         <value>0x3107</value>
         <object_component_ref idref="oc-428"/>
      </symbol>
      <symbol id="sm-7a1">
         <name>strcpy</name>
         <value>0x3135</value>
         <object_component_ref idref="oc-3dc"/>
      </symbol>
      <symbol id="sm-7b1">
         <name>strncpy</name>
         <value>0x2ea1</value>
         <object_component_ref idref="oc-40b"/>
      </symbol>
      <symbol id="sm-7c6">
         <name>close</name>
         <value>0x29e9</value>
         <object_component_ref idref="oc-3b1"/>
      </symbol>
      <symbol id="sm-7d6">
         <name>unlink</name>
         <value>0x2fd5</value>
         <object_component_ref idref="oc-3b7"/>
      </symbol>
      <symbol id="sm-7d7">
         <name>__TI_static_base__</name>
         <value>0x0</value>
      </symbol>
      <symbol id="sm-7da">
         <name>__mpu_init</name>
         <value>0x0</value>
      </symbol>
      <symbol id="sm-7db">
         <name>_system_post_cinit</name>
         <value>0x0</value>
      </symbol>
      <symbol id="sm-7dc">
         <name>NMI_Handler</name>
         <value>0x3189</value>
      </symbol>
      <symbol id="sm-7dd">
         <name>HardFault_Handler</name>
         <value>0x3189</value>
      </symbol>
      <symbol id="sm-7de">
         <name>MemManage_Handler</name>
         <value>0x3189</value>
      </symbol>
      <symbol id="sm-7df">
         <name>BusFault_Handler</name>
         <value>0x3189</value>
      </symbol>
      <symbol id="sm-7e0">
         <name>UsageFault_Handler</name>
         <value>0x3189</value>
      </symbol>
      <symbol id="sm-7e1">
         <name>SVC_Handler</name>
         <value>0x3189</value>
      </symbol>
      <symbol id="sm-7e2">
         <name>DebugMon_Handler</name>
         <value>0x3189</value>
      </symbol>
      <symbol id="sm-7e3">
         <name>PendSV_Handler</name>
         <value>0x3189</value>
      </symbol>
      <symbol id="sm-7e4">
         <name>SysTick_Handler</name>
         <value>0x3189</value>
      </symbol>
      <symbol id="sm-7e5">
         <name>PSS_IRQHandler</name>
         <value>0x3189</value>
      </symbol>
      <symbol id="sm-7e6">
         <name>CS_IRQHandler</name>
         <value>0x3189</value>
      </symbol>
      <symbol id="sm-7e7">
         <name>PCM_IRQHandler</name>
         <value>0x3189</value>
      </symbol>
      <symbol id="sm-7e8">
         <name>WDT_A_IRQHandler</name>
         <value>0x3189</value>
      </symbol>
      <symbol id="sm-7e9">
         <name>FPU_IRQHandler</name>
         <value>0x3189</value>
      </symbol>
      <symbol id="sm-7ea">
         <name>FLCTL_IRQHandler</name>
         <value>0x3189</value>
      </symbol>
      <symbol id="sm-7eb">
         <name>COMP_E0_IRQHandler</name>
         <value>0x3189</value>
      </symbol>
      <symbol id="sm-7ec">
         <name>COMP_E1_IRQHandler</name>
         <value>0x3189</value>
      </symbol>
      <symbol id="sm-7ed">
         <name>TA0_0_IRQHandler</name>
         <value>0x3189</value>
      </symbol>
      <symbol id="sm-7ee">
         <name>TA0_N_IRQHandler</name>
         <value>0x3189</value>
      </symbol>
      <symbol id="sm-7ef">
         <name>TA1_0_IRQHandler</name>
         <value>0x3189</value>
      </symbol>
      <symbol id="sm-7f0">
         <name>TA1_N_IRQHandler</name>
         <value>0x3189</value>
      </symbol>
      <symbol id="sm-7f1">
         <name>TA2_0_IRQHandler</name>
         <value>0x3189</value>
      </symbol>
      <symbol id="sm-7f2">
         <name>TA2_N_IRQHandler</name>
         <value>0x3189</value>
      </symbol>
      <symbol id="sm-7f3">
         <name>TA3_0_IRQHandler</name>
         <value>0x3189</value>
      </symbol>
      <symbol id="sm-7f4">
         <name>TA3_N_IRQHandler</name>
         <value>0x3189</value>
      </symbol>
      <symbol id="sm-7f5">
         <name>EUSCIA0_IRQHandler</name>
         <value>0x3189</value>
      </symbol>
      <symbol id="sm-7f6">
         <name>EUSCIA1_IRQHandler</name>
         <value>0x3189</value>
      </symbol>
      <symbol id="sm-7f7">
         <name>EUSCIA2_IRQHandler</name>
         <value>0x3189</value>
      </symbol>
      <symbol id="sm-7f8">
         <name>EUSCIA3_IRQHandler</name>
         <value>0x3189</value>
      </symbol>
      <symbol id="sm-7f9">
         <name>EUSCIB0_IRQHandler</name>
         <value>0x3189</value>
      </symbol>
      <symbol id="sm-7fa">
         <name>EUSCIB1_IRQHandler</name>
         <value>0x3189</value>
      </symbol>
      <symbol id="sm-7fb">
         <name>EUSCIB2_IRQHandler</name>
         <value>0x3189</value>
      </symbol>
      <symbol id="sm-7fc">
         <name>EUSCIB3_IRQHandler</name>
         <value>0x3189</value>
      </symbol>
      <symbol id="sm-7fd">
         <name>ADC14_IRQHandler</name>
         <value>0x3189</value>
      </symbol>
      <symbol id="sm-7fe">
         <name>T32_INT1_IRQHandler</name>
         <value>0x3189</value>
      </symbol>
      <symbol id="sm-7ff">
         <name>T32_INT2_IRQHandler</name>
         <value>0x3189</value>
      </symbol>
      <symbol id="sm-800">
         <name>T32_INTC_IRQHandler</name>
         <value>0x3189</value>
      </symbol>
      <symbol id="sm-801">
         <name>AES256_IRQHandler</name>
         <value>0x3189</value>
      </symbol>
      <symbol id="sm-802">
         <name>RTC_C_IRQHandler</name>
         <value>0x3189</value>
      </symbol>
      <symbol id="sm-803">
         <name>DMA_ERR_IRQHandler</name>
         <value>0x3189</value>
      </symbol>
      <symbol id="sm-804">
         <name>DMA_INT3_IRQHandler</name>
         <value>0x3189</value>
      </symbol>
      <symbol id="sm-805">
         <name>DMA_INT2_IRQHandler</name>
         <value>0x3189</value>
      </symbol>
      <symbol id="sm-806">
         <name>DMA_INT1_IRQHandler</name>
         <value>0x3189</value>
      </symbol>
      <symbol id="sm-807">
         <name>DMA_INT0_IRQHandler</name>
         <value>0x3189</value>
      </symbol>
      <symbol id="sm-808">
         <name>PORT1_IRQHandler</name>
         <value>0x3189</value>
      </symbol>
      <symbol id="sm-809">
         <name>PORT2_IRQHandler</name>
         <value>0x3189</value>
      </symbol>
      <symbol id="sm-80a">
         <name>PORT3_IRQHandler</name>
         <value>0x3189</value>
      </symbol>
      <symbol id="sm-80b">
         <name>PORT4_IRQHandler</name>
         <value>0x3189</value>
      </symbol>
      <symbol id="sm-80c">
         <name>PORT5_IRQHandler</name>
         <value>0x3189</value>
      </symbol>
      <symbol id="sm-80d">
         <name>PORT6_IRQHandler</name>
         <value>0x3189</value>
      </symbol>
      <symbol id="sm-80e">
         <name>remove</name>
         <value>0x2fd5</value>
      </symbol>
   </symbol_table>
   <title>Link successful</title>
</link_info>
