******************************************************************************
                  TI ARM Linker PC v18.12.4                    
******************************************************************************
>> Linked Thu Oct 29 20:53:10 2020

OUTPUT FILE NAME:   <Lab8Part3.out>
ENTRY POINT SYMBOL: "_c_int00_noargs"  address: 00002f41


MEMORY CONFIGURATION

         name            origin    length      used     unused   attr    fill
----------------------  --------  ---------  --------  --------  ----  --------
  MAIN                  00000000   00040000  0000333d  0003ccc3  R  X
  INFO                  00200000   00004000  00000000  00004000  R  X
  SRAM_CODE             01000000   00010000  000009bc  0000f644  RW X
  SRAM_DATA             20000000   00010000  000009bc  0000f644  RW  


SEGMENT ALLOCATION MAP

run origin  load origin   length   init length attrs members
----------  ----------- ---------- ----------- ----- -------
00000000    00000000    00003340   00003340    r-x
  00000000    00000000    000000e4   000000e4    r-- .intvecs
  000000e4    000000e4    000030c8   000030c8    r-x .text
  000031ac    000031ac    00000101   00000101    r-- .const
  000032b0    000032b0    00000090   00000090    r-- .cinit
20000000    20000000    000007bc   00000000    rw-
  20000000    20000000    00000400   00000000    rw- .sysmem
  20000400    20000400    000001f0   00000000    rw- .data
  200005f0    200005f0    000001cc   00000000    rw- .bss
2000fe00    2000fe00    00000200   00000000    rw-
  2000fe00    2000fe00    00000200   00000000    rw- .stack


SECTION ALLOCATION MAP

 output                                  attributes/
section   page    origin      length       input sections
--------  ----  ----------  ----------   ----------------
.intvecs   0    00000000    000000e4     
                  00000000    000000e4     startup_msp432p401r_ccs.obj (.intvecs:retain)

.text      0    000000e4    000030c8     
                  000000e4    00000a4e     rtsv7M4_T_le_v4SPD16_eabi.lib : _printfi.c.obj (.text:__TI_printfi)
                  00000b32    00000002                                   : _lock.c.obj (.text:_nop)
                  00000b34    0000037c     main.obj (.text)
                  00000eb0    00000334     system_msp432p401r.obj (.text)
                  000011e4    00000270     rtsv7M4_T_le_v4SPD16_eabi.lib : _printfi.c.obj (.text:_pconv_a)
                  00001454    000001d0                                   : _printfi.c.obj (.text:_pconv_g)
                  00001624    000001b6                                   : fd_add_t2.asm.obj (.text)
                  000017da    00000002                                   : div0.asm.obj (.text)
                  000017dc    0000013c                                   : _printfi.c.obj (.text:_pconv_e)
                  00001918    00000136                                   : fd_div_t2.asm.obj (.text)
                  00001a4e    00000002     --HOLE-- [fill = 0]
                  00001a50    00000124                                   : _printfi.c.obj (.text:fcvt)
                  00001b74    00000118                                   : memory.c.obj (.text:aligned_alloc)
                  00001c8c    00000114                                   : fputs.c.obj (.text:fputs)
                  00001da0    00000110                                   : s_scalbn.c.obj (.text:scalbn)
                  00001eb0    000000fc                                   : fd_mul_t2.asm.obj (.text)
                  00001fac    000000e4                                   : memory.c.obj (.text:free)
                  00002090    000000dc                                   : setvbuf.c.obj (.text:setvbuf)
                  0000216c    000000b1                                   : _printfi.c.obj (.text:_ltostr)
                  0000221d    00000001     --HOLE-- [fill = 0]
                  0000221e    0000009c                                   : memcpy_t2.asm.obj (.text)
                  000022ba    00000096                                   : ull_div_t2.asm.obj (.text)
                  00002350    0000008c                                   : fputc.c.obj (.text:fputc)
                  000023dc    00000086                                   : fd_cmp_t2.asm.obj (.text:__aeabi_cdcmple)
                  00002462    00000086                                   : fd_cmp_t2.asm.obj (.text:__aeabi_cdrcmple)
                  000024e8    0000007a                                   : memset_t2.asm.obj (.text)
                  00002562    00000002     --HOLE-- [fill = 0]
                  00002564    00000074                                   : fclose.c.obj (.text:__TI_closefile)
                  000025d8    00000070                                   : memory.c.obj (.text:split)
                  00002648    0000006e                                   : _printfi.c.obj (.text:_mcpy)
                  000026b6    00000002     --HOLE-- [fill = 0]
                  000026b8    0000006c                                   : hostrename.c.obj (.text:HOSTrename)
                  00002724    00000068                                   : hostlseek.c.obj (.text:HOSTlseek)
                  0000278c    00000068                                   : copy_decompress_lzss.c.obj (.text:decompress:lzss:__TI_decompress_lzss)
                  000027f4    00000068                                   : printf.c.obj (.text:printf)
                  0000285c    00000064                                   : s_frexp.c.obj (.text:frexp)
                  000028c0    00000064                                   : fseek.c.obj (.text:fseek)
                  00002924    00000062                                   : _io_perm.c.obj (.text:__TI_wrt_ok)
                  00002986    00000002     --HOLE-- [fill = 0]
                  00002988    00000060                                   : hostopen.c.obj (.text:HOSTopen)
                  000029e8    0000005c                                   : close.c.obj (.text:close)
                  00002a44    00000058                                   : hostread.c.obj (.text:HOSTread)
                  00002a9c    00000058                                   : hostwrite.c.obj (.text:HOSTwrite)
                  00002af4    00000056                                   : _printfi.c.obj (.text:_pconv_f)
                  00002b4a    00000054                                   : ltoa.c.obj (.text:ltoa)
                  00002b9e    00000052                                   : _printfi.c.obj (.text:_ecpy)
                  00002bf0    0000004c                                   : fflush.c.obj (.text:__TI_doflush)
                  00002c3c    0000004c                                   : atoi.c.obj (.text:atoi)
                  00002c88    00000048                                   : exit.c.obj (.text:exit)
                  00002cd0    00000048                                   : fd_toi_t2.asm.obj (.text)
                  00002d18    00000044                                   : hostclose.c.obj (.text:HOSTclose)
                  00002d5c    00000044                                   : hostunlink.c.obj (.text:HOSTunlink)
                  00002da0    00000044                                   : autoinit.c.obj (.text:__TI_auto_init_nobinit_nopinit:__TI_auto_init_nobinit_nopinit)
                  00002de4    00000044                                   : getdevice.c.obj (.text:getdevice)
                  00002e28    0000003e                                   : _printfi.c.obj (.text:_fcpy)
                  00002e66    00000002     --HOLE-- [fill = 0]
                  00002e68    00000038                                   : trgmsg.c.obj (.text:__TI_writemsg)
                  00002ea0    00000036                                   : strncpy.c.obj (.text:strncpy)
                  00002ed6    00000002     --HOLE-- [fill = 0]
                  00002ed8    00000034                                   : fopen.c.obj (.text:__TI_cleanup)
                  00002f0c    00000034                                   : trgmsg.c.obj (.text:__TI_readmsg)
                  00002f40    00000034                                   : boot_cortex_m.c.obj (.text:_c_int00_noargs:_c_int00_noargs)
                  00002f74    00000030                                   : getdevice.c.obj (.text:finddevice)
                  00002fa4    0000002e                                   : i_tofd_t2.asm.obj (.text)
                  00002fd2    00000002     --HOLE-- [fill = 0]
                  00002fd4    0000002c                                   : unlink.c.obj (.text:unlink)
                  00003000    00000028                                   : memory.c.obj (.text:free_list_insert)
                  00003028    00000028                                   : lseek.c.obj (.text:lseek)
                  00003050    00000028                                   : write.c.obj (.text:write)
                  00003078    00000020                                   : memchr.c.obj (.text:memchr)
                  00003098    0000001c                                   : copy_zero_init.c.obj (.text:decompress:ZI:__TI_zero_init_nomemset:__TI_zero_init_nomemset)
                  000030b4    0000001c                                   : memory.c.obj (.text:free_list_remove)
                  000030d0    0000001c                                   : memccpy.c.obj (.text:memccpy)
                  000030ec    0000001a                                   : s_copysign.c.obj (.text:copysign)
                  00003106    00000018                                   : strcmp.c.obj (.text:strcmp)
                  0000311e    00000016                                   : strchr.c.obj (.text:strchr)
                  00003134    00000014                                   : strcpy.c.obj (.text:strcpy)
                  00003148    00000014                                   : strlen.c.obj (.text:strlen)
                  0000315c    00000012                                   : wcslen.c.obj (.text:wcslen)
                  0000316e    0000000e                                   : copy_decompress_none.c.obj (.text:decompress:none:__TI_decompress_none)
                  0000317c    0000000e     startup_msp432p401r_ccs.obj (.text)
                  0000318a    00000002     --HOLE-- [fill = 0]
                  0000318c    00000008     rtsv7M4_T_le_v4SPD16_eabi.lib : errno.c.obj (.text:__aeabi_errno_addr)
                  00003194    00000008                                   : memory.c.obj (.text:malloc)
                  0000319c    00000004                                   : printf.c.obj (.text:_outc)
                  000031a0    00000004                                   : printf.c.obj (.text:_outs)
                  000031a4    00000004                                   : pre_init.c.obj (.text:_system_pre_init)
                  000031a8    00000004                                   : exit.c.obj (.text:abort:abort)

.const     0    000031ac    00000101     
                  000031ac    00000101     rtsv7M4_T_le_v4SPD16_eabi.lib : ctype.c.obj (.const:.string:_ctypes_)

.cinit     0    000032b0    00000090     
                  000032b0    0000006c     (.cinit..data.load) [load image, compression = lzss]
                  0000331c    0000000c     (__TI_handler_table)
                  00003328    00000008     (.cinit..bss.load) [load image, compression = zero_init]
                  00003330    00000010     (__TI_cinit_table)

.init_array 
*          0    00000000    00000000     UNINITIALIZED

.binit     0    00000000    00000000     

.sysmem    0    20000000    00000400     UNINITIALIZED
                  20000000    00000010     rtsv7M4_T_le_v4SPD16_eabi.lib : memory.c.obj (.sysmem)
                  20000010    000003f0     --HOLE--

.data      0    20000400    000001f0     UNINITIALIZED
                  20000400    000000f0     rtsv7M4_T_le_v4SPD16_eabi.lib : defs.c.obj (.data:_ftable)
                  200004f0    00000078                                   : host_device.c.obj (.data:_device)
                  20000568    00000050                                   : host_device.c.obj (.data:_stream)
                  200005b8    00000010                                   : defs.c.obj (.data)
                  200005c8    0000000c                                   : exit.c.obj (.data:$O1$$)
                  200005d4    00000008                                   : _lock.c.obj (.data:$O1$$)
                  200005dc    00000008                                   : memory.c.obj (.data:$O1$$)
                  200005e4    00000004     main.obj (.data)
                  200005e8    00000004     rtsv7M4_T_le_v4SPD16_eabi.lib : errno.c.obj (.data)
                  200005ec    00000004     system_msp432p401r.obj (.data)

.bss       0    200005f0    000001cc     UNINITIALIZED
                  200005f0    00000120     rtsv7M4_T_le_v4SPD16_eabi.lib : trgmsg.c.obj (.bss:_CIOBUF_)
                  20000710    000000a0     (.common:__TI_tmpnams)
                  200007b0    00000008     (.common:parmbuf)
                  200007b8    00000004     (.common:num)

.stack     0    2000fe00    00000200     UNINITIALIZED
                  2000fe00    00000004     rtsv7M4_T_le_v4SPD16_eabi.lib : boot_cortex_m.c.obj (.stack)
                  2000fe04    000001fc     --HOLE--

MODULE SUMMARY

       Module                        code    ro data   rw data
       ------                        ----    -------   -------
    .\
       main.obj                      892     0         16     
       system_msp432p401r.obj        820     0         8      
       startup_msp432p401r_ccs.obj   14      228       0      
    +--+-----------------------------+-------+---------+---------+
       Total:                        1726    228       24     
                                                              
    C:\Users\Patri\OneDrive\Desktop\ccs\tools\compiler\ti-cgt-arm_18.12.4.LTS\lib\rtsv7M4_T_le_v4SPD16_eabi.lib
       _printfi.c.obj                4851    0         0      
       defs.c.obj                    0       0         832    
       memory.c.obj                  696     0         16     
       trgmsg.c.obj                  108     0         576    
       fd_add_t2.asm.obj             438     0         0      
       host_device.c.obj             0       0         400    
       fd_div_t2.asm.obj             310     0         0      
       fputs.c.obj                   276     0         0      
       s_scalbn.c.obj                272     0         0      
       fd_cmp_t2.asm.obj             268     0         0      
       ctype.c.obj                   0       257       0      
       fd_mul_t2.asm.obj             252     0         0      
       setvbuf.c.obj                 220     0         0      
       memcpy_t2.asm.obj             156     0         0      
       ull_div_t2.asm.obj            150     0         0      
       fputc.c.obj                   140     0         0      
       memset_t2.asm.obj             122     0         0      
       fclose.c.obj                  116     0         0      
       getdevice.c.obj               116     0         0      
       hostopen.c.obj                96      0         16     
       printf.c.obj                  112     0         0      
       hostrename.c.obj              108     0         0      
       copy_decompress_lzss.c.obj    104     0         0      
       hostlseek.c.obj               104     0         0      
       exit.c.obj                    76      0         24     
       fseek.c.obj                   100     0         0      
       s_frexp.c.obj                 100     0         0      
       _io_perm.c.obj                98      0         0      
       close.c.obj                   92      0         0      
       hostread.c.obj                88      0         0      
       hostwrite.c.obj               88      0         0      
       ltoa.c.obj                    84      0         0      
       atoi.c.obj                    76      0         0      
       fflush.c.obj                  76      0         0      
       fd_toi_t2.asm.obj             72      0         0      
       autoinit.c.obj                68      0         0      
       hostclose.c.obj               68      0         0      
       hostunlink.c.obj              68      0         0      
       strncpy.c.obj                 54      0         0      
       boot_cortex_m.c.obj           52      0         0      
       fopen.c.obj                   52      0         0      
       i_tofd_t2.asm.obj             46      0         0      
       unlink.c.obj                  44      0         0      
       lseek.c.obj                   40      0         0      
       write.c.obj                   40      0         0      
       memchr.c.obj                  32      0         0      
       copy_zero_init.c.obj          28      0         0      
       memccpy.c.obj                 28      0         0      
       s_copysign.c.obj              26      0         0      
       strcmp.c.obj                  24      0         0      
       strchr.c.obj                  22      0         0      
       strcpy.c.obj                  20      0         0      
       strlen.c.obj                  20      0         0      
       _lock.c.obj                   2       0         16     
       wcslen.c.obj                  18      0         0      
       errno.c.obj                   8       0         8      
       copy_decompress_none.c.obj    14      0         0      
       pre_init.c.obj                4       0         0      
       div0.asm.obj                  2       0         0      
    +--+-----------------------------+-------+---------+---------+
       Total:                        10745   257       1888   
                                                              
       Heap:                         0       0         2048   
       Stack:                        0       0         1024   
       Linker Generated:             0       144       0      
    +--+-----------------------------+-------+---------+---------+
       Grand Total:                  12471   629       4984   


LINKER GENERATED COPY TABLES

__TI_cinit_table @ 00003330 records: 2, size/record: 8, table size: 16
	.data: load addr=000032b0, load size=0000006c bytes, run addr=20000400, run size=000001f0 bytes, compression=lzss
	.bss: load addr=00003328, load size=00000008 bytes, run addr=200005f0, run size=000001cc bytes, compression=zero_init


LINKER GENERATED HANDLER TABLE

__TI_handler_table @ 0000331c records: 3, size/record: 4, table size: 12
	index: 0, handler: __TI_decompress_lzss
	index: 1, handler: __TI_decompress_none
	index: 2, handler: __TI_zero_init


GLOBAL SYMBOLS: SORTED ALPHABETICALLY BY Name 

address   name                           
-------   ----                           
00003189  ADC14_IRQHandler               
00003189  AES256_IRQHandler              
00003189  BusFault_Handler               
000031a9  C$$EXIT                        
00002e97  C$$IO$$                        
00003189  COMP_E0_IRQHandler             
00003189  COMP_E1_IRQHandler             
00003189  CS_IRQHandler                  
00003189  DMA_ERR_IRQHandler             
00003189  DMA_INT0_IRQHandler            
00003189  DMA_INT1_IRQHandler            
00003189  DMA_INT2_IRQHandler            
00003189  DMA_INT3_IRQHandler            
00003189  DebugMon_Handler               
00003189  Default_Handler                
00003189  EUSCIA0_IRQHandler             
00003189  EUSCIA1_IRQHandler             
00003189  EUSCIA2_IRQHandler             
00003189  EUSCIA3_IRQHandler             
00003189  EUSCIB0_IRQHandler             
00003189  EUSCIB1_IRQHandler             
00003189  EUSCIB2_IRQHandler             
00003189  EUSCIB3_IRQHandler             
00003189  FLCTL_IRQHandler               
00003189  FPU_IRQHandler                 
00002d19  HOSTclose                      
00002725  HOSTlseek                      
00002989  HOSTopen                       
00002a45  HOSTread                       
000026b9  HOSTrename                     
00002d5d  HOSTunlink                     
00002a9d  HOSTwrite                      
00003189  HardFault_Handler              
00003189  MemManage_Handler              
00003189  NMI_Handler                    
00003189  PCM_IRQHandler                 
00003189  PORT1_IRQHandler               
00003189  PORT2_IRQHandler               
00003189  PORT3_IRQHandler               
00003189  PORT4_IRQHandler               
00003189  PORT5_IRQHandler               
00003189  PORT6_IRQHandler               
00003189  PSS_IRQHandler                 
00003189  PendSV_Handler                 
00003189  RTC_C_IRQHandler               
0000317d  Reset_Handler                  
00003189  SVC_Handler                    
00003189  SysTick_Handler                
200005ec  SystemCoreClock                
00000eb1  SystemCoreClockUpdate          
00001129  SystemInit                     
00003189  T32_INT1_IRQHandler            
00003189  T32_INT2_IRQHandler            
00003189  T32_INTC_IRQHandler            
00003189  TA0_0_IRQHandler               
00003189  TA0_N_IRQHandler               
00003189  TA1_0_IRQHandler               
00003189  TA1_N_IRQHandler               
00003189  TA2_0_IRQHandler               
00003189  TA2_N_IRQHandler               
00003189  TA3_0_IRQHandler               
00003189  TA3_N_IRQHandler               
00003189  UsageFault_Handler             
4000480c  WDTCTL_SYM                     
00003189  WDT_A_IRQHandler               
200005f0  __CIOBUF_                      
20010000  __STACK_END                    
00000200  __STACK_SIZE                   
00000400  __SYSMEM_SIZE                  
00003330  __TI_CINIT_Base                
00003340  __TI_CINIT_Limit               
0000331c  __TI_Handler_Table_Base        
00003328  __TI_Handler_Table_Limit       
00002da1  __TI_auto_init_nobinit_nopinit 
00002ed9  __TI_cleanup                   
200005c8  __TI_cleanup_ptr               
00002565  __TI_closefile                 
0000278d  __TI_decompress_lzss           
0000316f  __TI_decompress_none           
00002bf1  __TI_doflush                   
200005cc  __TI_dtors_ptr                 
200005d0  __TI_enable_exit_profile_output
200005b8  __TI_ft_end                    
ffffffff  __TI_pprof_out_hndl            
000000e5  __TI_printfi                   
ffffffff  __TI_prof_data_size            
ffffffff  __TI_prof_data_start           
00002f0d  __TI_readmsg                   
00000000  __TI_static_base__             
20000710  __TI_tmpnams                   
00002e69  __TI_writemsg                  
00002925  __TI_wrt_ok                    
00003099  __TI_zero_init_nomemset        
000023dd  __aeabi_cdcmpeq                
000023dd  __aeabi_cdcmple                
00002463  __aeabi_cdrcmple               
00002cd1  __aeabi_d2iz                   
0000162f  __aeabi_dadd                   
00001919  __aeabi_ddiv                   
00001eb1  __aeabi_dmul                   
00001625  __aeabi_dsub                   
0000318d  __aeabi_errno_addr             
00002fa5  __aeabi_i2d                    
000017db  __aeabi_idiv0                  
000017db  __aeabi_ldiv0                  
000024e9  __aeabi_memclr                 
000024e9  __aeabi_memclr4                
000024e9  __aeabi_memclr8                
0000221f  __aeabi_memcpy                 
0000221f  __aeabi_memcpy4                
0000221f  __aeabi_memcpy8                
000024eb  __aeabi_memset                 
000024eb  __aeabi_memset4                
000024eb  __aeabi_memset8                
200005c4  __aeabi_stderr                 
200005bc  __aeabi_stdin                  
200005c0  __aeabi_stdout                 
000022bb  __aeabi_uldivmod               
ffffffff  __binit__                      
ffffffff  __c_args__                     
UNDEFED   __mpu_init                     
2000fe00  __stack                        
00002f41  _c_int00_noargs                
000031ac  _ctypes_                       
200004f0  _device                        
20000400  _ftable                        
200005d4  _lock                          
00000b33  _nop                           
20000568  _stream                        
20000000  _sys_memory                    
UNDEFED   _system_post_cinit             
000031a5  _system_pre_init               
200005d8  _unlock                        
000031a9  abort                          
00001b75  aligned_alloc                  
00002c3d  atoi                           
ffffffff  binit                          
000029e9  close                          
000030ed  copysign                       
000030ed  copysignl                      
200005e4  dutyCycle                      
200005e8  errno                          
00002c89  exit                           
00002f75  finddevice                     
00002351  fputc                          
00001c8d  fputs                          
00001fad  free                           
0000285d  frexp                          
0000285d  frexpl                         
000028c1  fseek                          
00002de5  getdevice                      
00000000  interruptVectors               
00001da1  ldexp                          
00001da1  ldexpl                         
00003029  lseek                          
00002b4b  ltoa                           
00000d65  main                           
00003195  malloc                         
00001b75  memalign                       
000030d1  memccpy                        
00003079  memchr                         
0000221f  memcpy                         
000024f1  memset                         
200007b8  num                            
200007b0  parmbuf                        
00000c6b  print_keys                     
000027f5  printf                         
00002351  putc                           
00000b7b  read_keypad                    
00002fd5  remove                         
00001da1  scalbn                         
00001da1  scalbnl                        
00002091  setvbuf                        
0000311f  strchr                         
00003107  strcmp                         
00003135  strcpy                         
00003149  strlen                         
00002ea1  strncpy                        
00000b51  systick_delay                  
00000b35  systick_init                   
00002fd5  unlink                         
0000315d  wcslen                         
00003051  write                          


GLOBAL SYMBOLS: SORTED BY Symbol Address 

address   name                           
-------   ----                           
00000000  __TI_static_base__             
00000000  interruptVectors               
000000e5  __TI_printfi                   
00000200  __STACK_SIZE                   
00000400  __SYSMEM_SIZE                  
00000b33  _nop                           
00000b35  systick_init                   
00000b51  systick_delay                  
00000b7b  read_keypad                    
00000c6b  print_keys                     
00000d65  main                           
00000eb1  SystemCoreClockUpdate          
00001129  SystemInit                     
00001625  __aeabi_dsub                   
0000162f  __aeabi_dadd                   
000017db  __aeabi_idiv0                  
000017db  __aeabi_ldiv0                  
00001919  __aeabi_ddiv                   
00001b75  aligned_alloc                  
00001b75  memalign                       
00001c8d  fputs                          
00001da1  ldexp                          
00001da1  ldexpl                         
00001da1  scalbn                         
00001da1  scalbnl                        
00001eb1  __aeabi_dmul                   
00001fad  free                           
00002091  setvbuf                        
0000221f  __aeabi_memcpy                 
0000221f  __aeabi_memcpy4                
0000221f  __aeabi_memcpy8                
0000221f  memcpy                         
000022bb  __aeabi_uldivmod               
00002351  fputc                          
00002351  putc                           
000023dd  __aeabi_cdcmpeq                
000023dd  __aeabi_cdcmple                
00002463  __aeabi_cdrcmple               
000024e9  __aeabi_memclr                 
000024e9  __aeabi_memclr4                
000024e9  __aeabi_memclr8                
000024eb  __aeabi_memset                 
000024eb  __aeabi_memset4                
000024eb  __aeabi_memset8                
000024f1  memset                         
00002565  __TI_closefile                 
000026b9  HOSTrename                     
00002725  HOSTlseek                      
0000278d  __TI_decompress_lzss           
000027f5  printf                         
0000285d  frexp                          
0000285d  frexpl                         
000028c1  fseek                          
00002925  __TI_wrt_ok                    
00002989  HOSTopen                       
000029e9  close                          
00002a45  HOSTread                       
00002a9d  HOSTwrite                      
00002b4b  ltoa                           
00002bf1  __TI_doflush                   
00002c3d  atoi                           
00002c89  exit                           
00002cd1  __aeabi_d2iz                   
00002d19  HOSTclose                      
00002d5d  HOSTunlink                     
00002da1  __TI_auto_init_nobinit_nopinit 
00002de5  getdevice                      
00002e69  __TI_writemsg                  
00002e97  C$$IO$$                        
00002ea1  strncpy                        
00002ed9  __TI_cleanup                   
00002f0d  __TI_readmsg                   
00002f41  _c_int00_noargs                
00002f75  finddevice                     
00002fa5  __aeabi_i2d                    
00002fd5  remove                         
00002fd5  unlink                         
00003029  lseek                          
00003051  write                          
00003079  memchr                         
00003099  __TI_zero_init_nomemset        
000030d1  memccpy                        
000030ed  copysign                       
000030ed  copysignl                      
00003107  strcmp                         
0000311f  strchr                         
00003135  strcpy                         
00003149  strlen                         
0000315d  wcslen                         
0000316f  __TI_decompress_none           
0000317d  Reset_Handler                  
00003189  ADC14_IRQHandler               
00003189  AES256_IRQHandler              
00003189  BusFault_Handler               
00003189  COMP_E0_IRQHandler             
00003189  COMP_E1_IRQHandler             
00003189  CS_IRQHandler                  
00003189  DMA_ERR_IRQHandler             
00003189  DMA_INT0_IRQHandler            
00003189  DMA_INT1_IRQHandler            
00003189  DMA_INT2_IRQHandler            
00003189  DMA_INT3_IRQHandler            
00003189  DebugMon_Handler               
00003189  Default_Handler                
00003189  EUSCIA0_IRQHandler             
00003189  EUSCIA1_IRQHandler             
00003189  EUSCIA2_IRQHandler             
00003189  EUSCIA3_IRQHandler             
00003189  EUSCIB0_IRQHandler             
00003189  EUSCIB1_IRQHandler             
00003189  EUSCIB2_IRQHandler             
00003189  EUSCIB3_IRQHandler             
00003189  FLCTL_IRQHandler               
00003189  FPU_IRQHandler                 
00003189  HardFault_Handler              
00003189  MemManage_Handler              
00003189  NMI_Handler                    
00003189  PCM_IRQHandler                 
00003189  PORT1_IRQHandler               
00003189  PORT2_IRQHandler               
00003189  PORT3_IRQHandler               
00003189  PORT4_IRQHandler               
00003189  PORT5_IRQHandler               
00003189  PORT6_IRQHandler               
00003189  PSS_IRQHandler                 
00003189  PendSV_Handler                 
00003189  RTC_C_IRQHandler               
00003189  SVC_Handler                    
00003189  SysTick_Handler                
00003189  T32_INT1_IRQHandler            
00003189  T32_INT2_IRQHandler            
00003189  T32_INTC_IRQHandler            
00003189  TA0_0_IRQHandler               
00003189  TA0_N_IRQHandler               
00003189  TA1_0_IRQHandler               
00003189  TA1_N_IRQHandler               
00003189  TA2_0_IRQHandler               
00003189  TA2_N_IRQHandler               
00003189  TA3_0_IRQHandler               
00003189  TA3_N_IRQHandler               
00003189  UsageFault_Handler             
00003189  WDT_A_IRQHandler               
0000318d  __aeabi_errno_addr             
00003195  malloc                         
000031a5  _system_pre_init               
000031a9  C$$EXIT                        
000031a9  abort                          
000031ac  _ctypes_                       
0000331c  __TI_Handler_Table_Base        
00003328  __TI_Handler_Table_Limit       
00003330  __TI_CINIT_Base                
00003340  __TI_CINIT_Limit               
20000000  _sys_memory                    
20000400  _ftable                        
200004f0  _device                        
20000568  _stream                        
200005b8  __TI_ft_end                    
200005bc  __aeabi_stdin                  
200005c0  __aeabi_stdout                 
200005c4  __aeabi_stderr                 
200005c8  __TI_cleanup_ptr               
200005cc  __TI_dtors_ptr                 
200005d0  __TI_enable_exit_profile_output
200005d4  _lock                          
200005d8  _unlock                        
200005e4  dutyCycle                      
200005e8  errno                          
200005ec  SystemCoreClock                
200005f0  __CIOBUF_                      
20000710  __TI_tmpnams                   
200007b0  parmbuf                        
200007b8  num                            
2000fe00  __stack                        
20010000  __STACK_END                    
4000480c  WDTCTL_SYM                     
ffffffff  __TI_pprof_out_hndl            
ffffffff  __TI_prof_data_size            
ffffffff  __TI_prof_data_start           
ffffffff  __binit__                      
ffffffff  __c_args__                     
ffffffff  binit                          
UNDEFED   __mpu_init                     
UNDEFED   _system_post_cinit             

[183 symbols]
