******************************************************************************
                  TI ARM Linker PC v18.12.4                    
******************************************************************************
>> Linked Thu Oct  1 19:07:10 2020

OUTPUT FILE NAME:   <Lab4Part1.out>
ENTRY POINT SYMBOL: "_c_int00_noargs"  address: 00002d5d


MEMORY CONFIGURATION

         name            origin    length      used     unused   attr    fill
----------------------  --------  ---------  --------  --------  ----  --------
  MAIN                  00000000   00040000  00003159  0003cea7  R  X
  INFO                  00200000   00004000  00000000  00004000  R  X
  SRAM_CODE             01000000   00010000  000009b4  0000f64c  RW X
  SRAM_DATA             20000000   00010000  000009b4  0000f64c  RW  


SEGMENT ALLOCATION MAP

run origin  load origin   length   init length attrs members
----------  ----------- ---------- ----------- ----- -------
00000000    00000000    00003160   00003160    r-x
  00000000    00000000    000000e4   000000e4    r-- .intvecs
  000000e4    000000e4    00002ee4   00002ee4    r-x .text
  00002fc8    00002fc8    00000101   00000101    r-- .const
  000030d0    000030d0    00000090   00000090    r-- .cinit
20000000    20000000    000007b4   00000000    rw-
  20000000    20000000    00000400   00000000    rw- .sysmem
  20000400    20000400    000001ec   00000000    rw- .data
  200005ec    200005ec    000001c8   00000000    rw- .bss
2000fe00    2000fe00    00000200   00000000    rw-
  2000fe00    2000fe00    00000200   00000000    rw- .stack


SECTION ALLOCATION MAP

 output                                  attributes/
section   page    origin      length       input sections
--------  ----  ----------  ----------   ----------------
.intvecs   0    00000000    000000e4     
                  00000000    000000e4     startup_msp432p401r_ccs.obj (.intvecs:retain)

.text      0    000000e4    00002ee4     
                  000000e4    00000a4e     rtsv7M4_T_le_v4SPD16_eabi.lib : _printfi.c.obj (.text:__TI_printfi)
                  00000b32    00000002                                   : _lock.c.obj (.text:_nop)
                  00000b34    00000334     system_msp432p401r.obj (.text)
                  00000e68    00000270     rtsv7M4_T_le_v4SPD16_eabi.lib : _printfi.c.obj (.text:_pconv_a)
                  000010d8    000001d0                                   : _printfi.c.obj (.text:_pconv_g)
                  000012a8    000001b6                                   : fd_add_t2.asm.obj (.text)
                  0000145e    00000002                                   : div0.asm.obj (.text)
                  00001460    00000198     main.obj (.text)
                  000015f8    0000013c     rtsv7M4_T_le_v4SPD16_eabi.lib : _printfi.c.obj (.text:_pconv_e)
                  00001734    00000136                                   : fd_div_t2.asm.obj (.text)
                  0000186a    00000002     --HOLE-- [fill = 0]
                  0000186c    00000124                                   : _printfi.c.obj (.text:fcvt)
                  00001990    00000118                                   : memory.c.obj (.text:aligned_alloc)
                  00001aa8    00000114                                   : fputs.c.obj (.text:fputs)
                  00001bbc    00000110                                   : s_scalbn.c.obj (.text:scalbn)
                  00001ccc    000000fc                                   : fd_mul_t2.asm.obj (.text)
                  00001dc8    000000e4                                   : memory.c.obj (.text:free)
                  00001eac    000000dc                                   : setvbuf.c.obj (.text:setvbuf)
                  00001f88    000000b1                                   : _printfi.c.obj (.text:_ltostr)
                  00002039    00000001     --HOLE-- [fill = 0]
                  0000203a    0000009c                                   : memcpy_t2.asm.obj (.text)
                  000020d6    00000096                                   : ull_div_t2.asm.obj (.text)
                  0000216c    0000008c                                   : fputc.c.obj (.text:fputc)
                  000021f8    00000086                                   : fd_cmp_t2.asm.obj (.text:__aeabi_cdcmple)
                  0000227e    00000086                                   : fd_cmp_t2.asm.obj (.text:__aeabi_cdrcmple)
                  00002304    0000007a                                   : memset_t2.asm.obj (.text)
                  0000237e    00000002     --HOLE-- [fill = 0]
                  00002380    00000074                                   : fclose.c.obj (.text:__TI_closefile)
                  000023f4    00000070                                   : memory.c.obj (.text:split)
                  00002464    0000006e                                   : _printfi.c.obj (.text:_mcpy)
                  000024d2    00000002     --HOLE-- [fill = 0]
                  000024d4    0000006c                                   : hostrename.c.obj (.text:HOSTrename)
                  00002540    00000068                                   : hostlseek.c.obj (.text:HOSTlseek)
                  000025a8    00000068                                   : copy_decompress_lzss.c.obj (.text:decompress:lzss:__TI_decompress_lzss)
                  00002610    00000068                                   : printf.c.obj (.text:printf)
                  00002678    00000064                                   : s_frexp.c.obj (.text:frexp)
                  000026dc    00000064                                   : fseek.c.obj (.text:fseek)
                  00002740    00000062                                   : _io_perm.c.obj (.text:__TI_wrt_ok)
                  000027a2    00000002     --HOLE-- [fill = 0]
                  000027a4    00000060                                   : hostopen.c.obj (.text:HOSTopen)
                  00002804    0000005c                                   : close.c.obj (.text:close)
                  00002860    00000058                                   : hostread.c.obj (.text:HOSTread)
                  000028b8    00000058                                   : hostwrite.c.obj (.text:HOSTwrite)
                  00002910    00000056                                   : _printfi.c.obj (.text:_pconv_f)
                  00002966    00000054                                   : ltoa.c.obj (.text:ltoa)
                  000029ba    00000052                                   : _printfi.c.obj (.text:_ecpy)
                  00002a0c    0000004c                                   : fflush.c.obj (.text:__TI_doflush)
                  00002a58    0000004c                                   : atoi.c.obj (.text:atoi)
                  00002aa4    00000048                                   : exit.c.obj (.text:exit)
                  00002aec    00000048                                   : fd_toi_t2.asm.obj (.text)
                  00002b34    00000044                                   : hostclose.c.obj (.text:HOSTclose)
                  00002b78    00000044                                   : hostunlink.c.obj (.text:HOSTunlink)
                  00002bbc    00000044                                   : autoinit.c.obj (.text:__TI_auto_init_nobinit_nopinit:__TI_auto_init_nobinit_nopinit)
                  00002c00    00000044                                   : getdevice.c.obj (.text:getdevice)
                  00002c44    0000003e                                   : _printfi.c.obj (.text:_fcpy)
                  00002c82    00000002     --HOLE-- [fill = 0]
                  00002c84    00000038                                   : trgmsg.c.obj (.text:__TI_writemsg)
                  00002cbc    00000036                                   : strncpy.c.obj (.text:strncpy)
                  00002cf2    00000002     --HOLE-- [fill = 0]
                  00002cf4    00000034                                   : fopen.c.obj (.text:__TI_cleanup)
                  00002d28    00000034                                   : trgmsg.c.obj (.text:__TI_readmsg)
                  00002d5c    00000034                                   : boot_cortex_m.c.obj (.text:_c_int00_noargs:_c_int00_noargs)
                  00002d90    00000030                                   : getdevice.c.obj (.text:finddevice)
                  00002dc0    0000002e                                   : i_tofd_t2.asm.obj (.text)
                  00002dee    00000002     --HOLE-- [fill = 0]
                  00002df0    0000002c                                   : unlink.c.obj (.text:unlink)
                  00002e1c    00000028                                   : memory.c.obj (.text:free_list_insert)
                  00002e44    00000028                                   : lseek.c.obj (.text:lseek)
                  00002e6c    00000028                                   : write.c.obj (.text:write)
                  00002e94    00000020                                   : memchr.c.obj (.text:memchr)
                  00002eb4    0000001c                                   : copy_zero_init.c.obj (.text:decompress:ZI:__TI_zero_init_nomemset:__TI_zero_init_nomemset)
                  00002ed0    0000001c                                   : memory.c.obj (.text:free_list_remove)
                  00002eec    0000001c                                   : memccpy.c.obj (.text:memccpy)
                  00002f08    0000001a                                   : s_copysign.c.obj (.text:copysign)
                  00002f22    00000018                                   : strcmp.c.obj (.text:strcmp)
                  00002f3a    00000016                                   : strchr.c.obj (.text:strchr)
                  00002f50    00000014                                   : strcpy.c.obj (.text:strcpy)
                  00002f64    00000014                                   : strlen.c.obj (.text:strlen)
                  00002f78    00000012                                   : wcslen.c.obj (.text:wcslen)
                  00002f8a    0000000e                                   : copy_decompress_none.c.obj (.text:decompress:none:__TI_decompress_none)
                  00002f98    0000000e     startup_msp432p401r_ccs.obj (.text)
                  00002fa6    00000002     --HOLE-- [fill = 0]
                  00002fa8    00000008     rtsv7M4_T_le_v4SPD16_eabi.lib : errno.c.obj (.text:__aeabi_errno_addr)
                  00002fb0    00000008                                   : memory.c.obj (.text:malloc)
                  00002fb8    00000004                                   : printf.c.obj (.text:_outc)
                  00002fbc    00000004                                   : printf.c.obj (.text:_outs)
                  00002fc0    00000004                                   : pre_init.c.obj (.text:_system_pre_init)
                  00002fc4    00000004                                   : exit.c.obj (.text:abort:abort)

.const     0    00002fc8    00000101     
                  00002fc8    00000101     rtsv7M4_T_le_v4SPD16_eabi.lib : ctype.c.obj (.const:.string:_ctypes_)

.cinit     0    000030d0    00000090     
                  000030d0    0000006a     (.cinit..data.load) [load image, compression = lzss]
                  0000313a    00000002     --HOLE-- [fill = 0]
                  0000313c    0000000c     (__TI_handler_table)
                  00003148    00000008     (.cinit..bss.load) [load image, compression = zero_init]
                  00003150    00000010     (__TI_cinit_table)

.init_array 
*          0    00000000    00000000     UNINITIALIZED

.binit     0    00000000    00000000     

.sysmem    0    20000000    00000400     UNINITIALIZED
                  20000000    00000010     rtsv7M4_T_le_v4SPD16_eabi.lib : memory.c.obj (.sysmem)
                  20000010    000003f0     --HOLE--

.data      0    20000400    000001ec     UNINITIALIZED
                  20000400    000000f0     rtsv7M4_T_le_v4SPD16_eabi.lib : defs.c.obj (.data:_ftable)
                  200004f0    00000078                                   : host_device.c.obj (.data:_device)
                  20000568    00000050                                   : host_device.c.obj (.data:_stream)
                  200005b8    00000010                                   : defs.c.obj (.data)
                  200005c8    0000000c                                   : exit.c.obj (.data:$O1$$)
                  200005d4    00000008                                   : _lock.c.obj (.data:$O1$$)
                  200005dc    00000008                                   : memory.c.obj (.data:$O1$$)
                  200005e4    00000004                                   : errno.c.obj (.data)
                  200005e8    00000004     system_msp432p401r.obj (.data)

.bss       0    200005ec    000001c8     UNINITIALIZED
                  200005ec    00000120     rtsv7M4_T_le_v4SPD16_eabi.lib : trgmsg.c.obj (.bss:_CIOBUF_)
                  2000070c    000000a0     (.common:__TI_tmpnams)
                  200007ac    00000008     (.common:parmbuf)

.stack     0    2000fe00    00000200     UNINITIALIZED
                  2000fe00    00000004     rtsv7M4_T_le_v4SPD16_eabi.lib : boot_cortex_m.c.obj (.stack)
                  2000fe04    000001fc     --HOLE--

MODULE SUMMARY

       Module                        code    ro data   rw data
       ------                        ----    -------   -------
    .\
       system_msp432p401r.obj        820     0         8      
       main.obj                      408     0         0      
       startup_msp432p401r_ccs.obj   14      228       0      
    +--+-----------------------------+-------+---------+---------+
       Total:                        1242    228       8      
                                                              
    C:\Users\Patri\OneDrive\Desktop\ccs\tools\compiler\ti-cgt-arm_18.12.4.LTS\lib\rtsv7M4_T_le_v4SPD16_eabi.lib
       _printfi.c.obj                4851    0         0      
       defs.c.obj                    0       0         832    
       memory.c.obj                  696     0         16     
       trgmsg.c.obj                  108     0         576    
       fd_add_t2.asm.obj             438     0         0      
       host_device.c.obj             0       0         400    
       fd_div_t2.asm.obj             310     0         0      
       fputs.c.obj                   276     0         0      
       s_scalbn.c.obj                272     0         0      
       fd_cmp_t2.asm.obj             268     0         0      
       ctype.c.obj                   0       257       0      
       fd_mul_t2.asm.obj             252     0         0      
       setvbuf.c.obj                 220     0         0      
       memcpy_t2.asm.obj             156     0         0      
       ull_div_t2.asm.obj            150     0         0      
       fputc.c.obj                   140     0         0      
       memset_t2.asm.obj             122     0         0      
       fclose.c.obj                  116     0         0      
       getdevice.c.obj               116     0         0      
       hostopen.c.obj                96      0         16     
       printf.c.obj                  112     0         0      
       hostrename.c.obj              108     0         0      
       copy_decompress_lzss.c.obj    104     0         0      
       hostlseek.c.obj               104     0         0      
       exit.c.obj                    76      0         24     
       fseek.c.obj                   100     0         0      
       s_frexp.c.obj                 100     0         0      
       _io_perm.c.obj                98      0         0      
       close.c.obj                   92      0         0      
       hostread.c.obj                88      0         0      
       hostwrite.c.obj               88      0         0      
       ltoa.c.obj                    84      0         0      
       atoi.c.obj                    76      0         0      
       fflush.c.obj                  76      0         0      
       fd_toi_t2.asm.obj             72      0         0      
       autoinit.c.obj                68      0         0      
       hostclose.c.obj               68      0         0      
       hostunlink.c.obj              68      0         0      
       strncpy.c.obj                 54      0         0      
       boot_cortex_m.c.obj           52      0         0      
       fopen.c.obj                   52      0         0      
       i_tofd_t2.asm.obj             46      0         0      
       unlink.c.obj                  44      0         0      
       lseek.c.obj                   40      0         0      
       write.c.obj                   40      0         0      
       memchr.c.obj                  32      0         0      
       copy_zero_init.c.obj          28      0         0      
       memccpy.c.obj                 28      0         0      
       s_copysign.c.obj              26      0         0      
       strcmp.c.obj                  24      0         0      
       strchr.c.obj                  22      0         0      
       strcpy.c.obj                  20      0         0      
       strlen.c.obj                  20      0         0      
       _lock.c.obj                   2       0         16     
       wcslen.c.obj                  18      0         0      
       errno.c.obj                   8       0         8      
       copy_decompress_none.c.obj    14      0         0      
       pre_init.c.obj                4       0         0      
       div0.asm.obj                  2       0         0      
    +--+-----------------------------+-------+---------+---------+
       Total:                        10745   257       1888   
                                                              
       Heap:                         0       0         2048   
       Stack:                        0       0         1024   
       Linker Generated:             0       142       0      
    +--+-----------------------------+-------+---------+---------+
       Grand Total:                  11987   627       4968   


LINKER GENERATED COPY TABLES

__TI_cinit_table @ 00003150 records: 2, size/record: 8, table size: 16
	.data: load addr=000030d0, load size=0000006a bytes, run addr=20000400, run size=000001ec bytes, compression=lzss
	.bss: load addr=00003148, load size=00000008 bytes, run addr=200005ec, run size=000001c8 bytes, compression=zero_init


LINKER GENERATED HANDLER TABLE

__TI_handler_table @ 0000313c records: 3, size/record: 4, table size: 12
	index: 0, handler: __TI_decompress_lzss
	index: 1, handler: __TI_decompress_none
	index: 2, handler: __TI_zero_init


GLOBAL SYMBOLS: SORTED ALPHABETICALLY BY Name 

address   name                           
-------   ----                           
00002fa5  ADC14_IRQHandler               
00002fa5  AES256_IRQHandler              
00002fa5  BusFault_Handler               
00002fc5  C$$EXIT                        
00002cb3  C$$IO$$                        
00002fa5  COMP_E0_IRQHandler             
00002fa5  COMP_E1_IRQHandler             
00002fa5  CS_IRQHandler                  
00002fa5  DMA_ERR_IRQHandler             
00002fa5  DMA_INT0_IRQHandler            
00002fa5  DMA_INT1_IRQHandler            
00002fa5  DMA_INT2_IRQHandler            
00002fa5  DMA_INT3_IRQHandler            
00002fa5  DebugMon_Handler               
00002fa5  Default_Handler                
00002fa5  EUSCIA0_IRQHandler             
00002fa5  EUSCIA1_IRQHandler             
00002fa5  EUSCIA2_IRQHandler             
00002fa5  EUSCIA3_IRQHandler             
00002fa5  EUSCIB0_IRQHandler             
00002fa5  EUSCIB1_IRQHandler             
00002fa5  EUSCIB2_IRQHandler             
00002fa5  EUSCIB3_IRQHandler             
00002fa5  FLCTL_IRQHandler               
00002fa5  FPU_IRQHandler                 
00002b35  HOSTclose                      
00002541  HOSTlseek                      
000027a5  HOSTopen                       
00002861  HOSTread                       
000024d5  HOSTrename                     
00002b79  HOSTunlink                     
000028b9  HOSTwrite                      
00002fa5  HardFault_Handler              
00002fa5  MemManage_Handler              
00002fa5  NMI_Handler                    
00002fa5  PCM_IRQHandler                 
00002fa5  PORT1_IRQHandler               
00002fa5  PORT2_IRQHandler               
00002fa5  PORT3_IRQHandler               
00002fa5  PORT4_IRQHandler               
00002fa5  PORT5_IRQHandler               
00002fa5  PORT6_IRQHandler               
00002fa5  PSS_IRQHandler                 
00002fa5  PendSV_Handler                 
00002fa5  RTC_C_IRQHandler               
00002f99  Reset_Handler                  
00002fa5  SVC_Handler                    
00002fa5  SysTick_Handler                
200005e8  SystemCoreClock                
00000b35  SystemCoreClockUpdate          
00000dad  SystemInit                     
00002fa5  T32_INT1_IRQHandler            
00002fa5  T32_INT2_IRQHandler            
00002fa5  T32_INTC_IRQHandler            
00002fa5  TA0_0_IRQHandler               
00002fa5  TA0_N_IRQHandler               
00002fa5  TA1_0_IRQHandler               
00002fa5  TA1_N_IRQHandler               
00002fa5  TA2_0_IRQHandler               
00002fa5  TA2_N_IRQHandler               
00002fa5  TA3_0_IRQHandler               
00002fa5  TA3_N_IRQHandler               
00002fa5  UsageFault_Handler             
4000480c  WDTCTL_SYM                     
00002fa5  WDT_A_IRQHandler               
200005ec  __CIOBUF_                      
20010000  __STACK_END                    
00000200  __STACK_SIZE                   
00000400  __SYSMEM_SIZE                  
00003150  __TI_CINIT_Base                
00003160  __TI_CINIT_Limit               
0000313c  __TI_Handler_Table_Base        
00003148  __TI_Handler_Table_Limit       
00002bbd  __TI_auto_init_nobinit_nopinit 
00002cf5  __TI_cleanup                   
200005c8  __TI_cleanup_ptr               
00002381  __TI_closefile                 
000025a9  __TI_decompress_lzss           
00002f8b  __TI_decompress_none           
00002a0d  __TI_doflush                   
200005cc  __TI_dtors_ptr                 
200005d0  __TI_enable_exit_profile_output
200005b8  __TI_ft_end                    
ffffffff  __TI_pprof_out_hndl            
000000e5  __TI_printfi                   
ffffffff  __TI_prof_data_size            
ffffffff  __TI_prof_data_start           
00002d29  __TI_readmsg                   
00000000  __TI_static_base__             
2000070c  __TI_tmpnams                   
00002c85  __TI_writemsg                  
00002741  __TI_wrt_ok                    
00002eb5  __TI_zero_init_nomemset        
000021f9  __aeabi_cdcmpeq                
000021f9  __aeabi_cdcmple                
0000227f  __aeabi_cdrcmple               
00002aed  __aeabi_d2iz                   
000012b3  __aeabi_dadd                   
00001735  __aeabi_ddiv                   
00001ccd  __aeabi_dmul                   
000012a9  __aeabi_dsub                   
00002fa9  __aeabi_errno_addr             
00002dc1  __aeabi_i2d                    
0000145f  __aeabi_idiv0                  
0000145f  __aeabi_ldiv0                  
00002305  __aeabi_memclr                 
00002305  __aeabi_memclr4                
00002305  __aeabi_memclr8                
0000203b  __aeabi_memcpy                 
0000203b  __aeabi_memcpy4                
0000203b  __aeabi_memcpy8                
00002307  __aeabi_memset                 
00002307  __aeabi_memset4                
00002307  __aeabi_memset8                
200005c4  __aeabi_stderr                 
200005bc  __aeabi_stdin                  
200005c0  __aeabi_stdout                 
000020d7  __aeabi_uldivmod               
ffffffff  __binit__                      
ffffffff  __c_args__                     
UNDEFED   __mpu_init                     
2000fe00  __stack                        
00002d5d  _c_int00_noargs                
00002fc8  _ctypes_                       
200004f0  _device                        
20000400  _ftable                        
200005d4  _lock                          
00000b33  _nop                           
20000568  _stream                        
20000000  _sys_memory                    
UNDEFED   _system_post_cinit             
00002fc1  _system_pre_init               
200005d8  _unlock                        
00002fc5  abort                          
00001991  aligned_alloc                  
00002a59  atoi                           
ffffffff  binit                          
00002805  close                          
00002f09  copysign                       
00002f09  copysignl                      
00001461  debounce                       
200005e4  errno                          
00002aa5  exit                           
00002d91  finddevice                     
0000216d  fputc                          
00001aa9  fputs                          
00001dc9  free                           
00002679  frexp                          
00002679  frexpl                         
000026dd  fseek                          
00002c01  getdevice                      
00000000  interruptVectors               
00001bbd  ldexp                          
00001bbd  ldexpl                         
00002e45  lseek                          
00002967  ltoa                           
00001489  main                           
00002fb1  malloc                         
00001991  memalign                       
00002eed  memccpy                        
00002e95  memchr                         
0000203b  memcpy                         
0000230d  memset                         
200007ac  parmbuf                        
00002611  printf                         
0000216d  putc                           
00002df1  remove                         
00001bbd  scalbn                         
00001bbd  scalbnl                        
00001ead  setvbuf                        
00002f3b  strchr                         
00002f23  strcmp                         
00002f51  strcpy                         
00002f65  strlen                         
00002cbd  strncpy                        
00002df1  unlink                         
00002f79  wcslen                         
00002e6d  write                          


GLOBAL SYMBOLS: SORTED BY Symbol Address 

address   name                           
-------   ----                           
00000000  __TI_static_base__             
00000000  interruptVectors               
000000e5  __TI_printfi                   
00000200  __STACK_SIZE                   
00000400  __SYSMEM_SIZE                  
00000b33  _nop                           
00000b35  SystemCoreClockUpdate          
00000dad  SystemInit                     
000012a9  __aeabi_dsub                   
000012b3  __aeabi_dadd                   
0000145f  __aeabi_idiv0                  
0000145f  __aeabi_ldiv0                  
00001461  debounce                       
00001489  main                           
00001735  __aeabi_ddiv                   
00001991  aligned_alloc                  
00001991  memalign                       
00001aa9  fputs                          
00001bbd  ldexp                          
00001bbd  ldexpl                         
00001bbd  scalbn                         
00001bbd  scalbnl                        
00001ccd  __aeabi_dmul                   
00001dc9  free                           
00001ead  setvbuf                        
0000203b  __aeabi_memcpy                 
0000203b  __aeabi_memcpy4                
0000203b  __aeabi_memcpy8                
0000203b  memcpy                         
000020d7  __aeabi_uldivmod               
0000216d  fputc                          
0000216d  putc                           
000021f9  __aeabi_cdcmpeq                
000021f9  __aeabi_cdcmple                
0000227f  __aeabi_cdrcmple               
00002305  __aeabi_memclr                 
00002305  __aeabi_memclr4                
00002305  __aeabi_memclr8                
00002307  __aeabi_memset                 
00002307  __aeabi_memset4                
00002307  __aeabi_memset8                
0000230d  memset                         
00002381  __TI_closefile                 
000024d5  HOSTrename                     
00002541  HOSTlseek                      
000025a9  __TI_decompress_lzss           
00002611  printf                         
00002679  frexp                          
00002679  frexpl                         
000026dd  fseek                          
00002741  __TI_wrt_ok                    
000027a5  HOSTopen                       
00002805  close                          
00002861  HOSTread                       
000028b9  HOSTwrite                      
00002967  ltoa                           
00002a0d  __TI_doflush                   
00002a59  atoi                           
00002aa5  exit                           
00002aed  __aeabi_d2iz                   
00002b35  HOSTclose                      
00002b79  HOSTunlink                     
00002bbd  __TI_auto_init_nobinit_nopinit 
00002c01  getdevice                      
00002c85  __TI_writemsg                  
00002cb3  C$$IO$$                        
00002cbd  strncpy                        
00002cf5  __TI_cleanup                   
00002d29  __TI_readmsg                   
00002d5d  _c_int00_noargs                
00002d91  finddevice                     
00002dc1  __aeabi_i2d                    
00002df1  remove                         
00002df1  unlink                         
00002e45  lseek                          
00002e6d  write                          
00002e95  memchr                         
00002eb5  __TI_zero_init_nomemset        
00002eed  memccpy                        
00002f09  copysign                       
00002f09  copysignl                      
00002f23  strcmp                         
00002f3b  strchr                         
00002f51  strcpy                         
00002f65  strlen                         
00002f79  wcslen                         
00002f8b  __TI_decompress_none           
00002f99  Reset_Handler                  
00002fa5  ADC14_IRQHandler               
00002fa5  AES256_IRQHandler              
00002fa5  BusFault_Handler               
00002fa5  COMP_E0_IRQHandler             
00002fa5  COMP_E1_IRQHandler             
00002fa5  CS_IRQHandler                  
00002fa5  DMA_ERR_IRQHandler             
00002fa5  DMA_INT0_IRQHandler            
00002fa5  DMA_INT1_IRQHandler            
00002fa5  DMA_INT2_IRQHandler            
00002fa5  DMA_INT3_IRQHandler            
00002fa5  DebugMon_Handler               
00002fa5  Default_Handler                
00002fa5  EUSCIA0_IRQHandler             
00002fa5  EUSCIA1_IRQHandler             
00002fa5  EUSCIA2_IRQHandler             
00002fa5  EUSCIA3_IRQHandler             
00002fa5  EUSCIB0_IRQHandler             
00002fa5  EUSCIB1_IRQHandler             
00002fa5  EUSCIB2_IRQHandler             
00002fa5  EUSCIB3_IRQHandler             
00002fa5  FLCTL_IRQHandler               
00002fa5  FPU_IRQHandler                 
00002fa5  HardFault_Handler              
00002fa5  MemManage_Handler              
00002fa5  NMI_Handler                    
00002fa5  PCM_IRQHandler                 
00002fa5  PORT1_IRQHandler               
00002fa5  PORT2_IRQHandler               
00002fa5  PORT3_IRQHandler               
00002fa5  PORT4_IRQHandler               
00002fa5  PORT5_IRQHandler               
00002fa5  PORT6_IRQHandler               
00002fa5  PSS_IRQHandler                 
00002fa5  PendSV_Handler                 
00002fa5  RTC_C_IRQHandler               
00002fa5  SVC_Handler                    
00002fa5  SysTick_Handler                
00002fa5  T32_INT1_IRQHandler            
00002fa5  T32_INT2_IRQHandler            
00002fa5  T32_INTC_IRQHandler            
00002fa5  TA0_0_IRQHandler               
00002fa5  TA0_N_IRQHandler               
00002fa5  TA1_0_IRQHandler               
00002fa5  TA1_N_IRQHandler               
00002fa5  TA2_0_IRQHandler               
00002fa5  TA2_N_IRQHandler               
00002fa5  TA3_0_IRQHandler               
00002fa5  TA3_N_IRQHandler               
00002fa5  UsageFault_Handler             
00002fa5  WDT_A_IRQHandler               
00002fa9  __aeabi_errno_addr             
00002fb1  malloc                         
00002fc1  _system_pre_init               
00002fc5  C$$EXIT                        
00002fc5  abort                          
00002fc8  _ctypes_                       
0000313c  __TI_Handler_Table_Base        
00003148  __TI_Handler_Table_Limit       
00003150  __TI_CINIT_Base                
00003160  __TI_CINIT_Limit               
20000000  _sys_memory                    
20000400  _ftable                        
200004f0  _device                        
20000568  _stream                        
200005b8  __TI_ft_end                    
200005bc  __aeabi_stdin                  
200005c0  __aeabi_stdout                 
200005c4  __aeabi_stderr                 
200005c8  __TI_cleanup_ptr               
200005cc  __TI_dtors_ptr                 
200005d0  __TI_enable_exit_profile_output
200005d4  _lock                          
200005d8  _unlock                        
200005e4  errno                          
200005e8  SystemCoreClock                
200005ec  __CIOBUF_                      
2000070c  __TI_tmpnams                   
200007ac  parmbuf                        
2000fe00  __stack                        
20010000  __STACK_END                    
4000480c  WDTCTL_SYM                     
ffffffff  __TI_pprof_out_hndl            
ffffffff  __TI_prof_data_size            
ffffffff  __TI_prof_data_start           
ffffffff  __binit__                      
ffffffff  __c_args__                     
ffffffff  binit                          
UNDEFED   __mpu_init                     
UNDEFED   _system_post_cinit             

[178 symbols]
