******************************************************************************
                  TI ARM Linker PC v18.12.4                    
******************************************************************************
>> Linked Thu Oct 22 21:45:06 2020

OUTPUT FILE NAME:   <Lab7Part3.out>
ENTRY POINT SYMBOL: "_c_int00_noargs"  address: 000009fd


MEMORY CONFIGURATION

         name            origin    length      used     unused   attr    fill
----------------------  --------  ---------  --------  --------  ----  --------
  MAIN                  00000000   00040000  00000a91  0003f56f  R  X
  INFO                  00200000   00004000  00000000  00004000  R  X
  SRAM_CODE             01000000   00010000  00000204  0000fdfc  RW X
  SRAM_DATA             20000000   00010000  00000204  0000fdfc  RW  


SEGMENT ALLOCATION MAP

run origin  load origin   length   init length attrs members
----------  ----------- ---------- ----------- ----- -------
00000000    00000000    00000a98   00000a98    r-x
  00000000    00000000    000000e4   000000e4    r-- .intvecs
  000000e4    000000e4    00000984   00000984    r-x .text
  00000a68    00000a68    00000011   00000011    r-- .const
  00000a80    00000a80    00000018   00000018    r-- .cinit
20000000    20000000    00000004   00000000    rw-
  20000000    20000000    00000004   00000000    rw- .data
2000fe00    2000fe00    00000200   00000000    rw-
  2000fe00    2000fe00    00000200   00000000    rw- .stack


SECTION ALLOCATION MAP

 output                                  attributes/
section   page    origin      length       input sections
--------  ----  ----------  ----------   ----------------
.intvecs   0    00000000    000000e4     
                  00000000    000000e4     startup_msp432p401r_ccs.obj (.intvecs:retain)

.text      0    000000e4    00000984     
                  000000e4    0000049c     main.obj (.text)
                  00000580    00000334     system_msp432p401r.obj (.text)
                  000008b4    0000009c     rtsv7M4_T_le_v4SPD16_eabi.lib : memcpy_t2.asm.obj (.text)
                  00000950    00000068                                   : copy_decompress_lzss.c.obj (.text:decompress:lzss:__TI_decompress_lzss)
                  000009b8    00000044                                   : autoinit.c.obj (.text:__TI_auto_init_nobinit_nopinit:__TI_auto_init_nobinit_nopinit)
                  000009fc    00000034                                   : boot_cortex_m.c.obj (.text:_c_int00_noargs:_c_int00_noargs)
                  00000a30    00000014                                   : strlen.c.obj (.text:strlen)
                  00000a44    0000000e                                   : copy_decompress_none.c.obj (.text:decompress:none:__TI_decompress_none)
                  00000a52    0000000e     startup_msp432p401r_ccs.obj (.text)
                  00000a60    00000004     rtsv7M4_T_le_v4SPD16_eabi.lib : pre_init.c.obj (.text:_system_pre_init)
                  00000a64    00000004                                   : exit.c.obj (.text:abort:abort)

.const     0    00000a68    00000011     
                  00000a68    00000011     main.obj (.const:.string:$P$T0$1)

.cinit     0    00000a80    00000018     
                  00000a80    00000008     (.cinit..data.load) [load image, compression = lzss]
                  00000a88    00000008     (__TI_handler_table)
                  00000a90    00000008     (__TI_cinit_table)

.init_array 
*          0    00000000    00000000     UNINITIALIZED

.binit     0    00000000    00000000     

.data      0    20000000    00000004     UNINITIALIZED
                  20000000    00000004     system_msp432p401r.obj (.data)

.stack     0    2000fe00    00000200     UNINITIALIZED
                  2000fe00    00000004     rtsv7M4_T_le_v4SPD16_eabi.lib : boot_cortex_m.c.obj (.stack)
                  2000fe04    000001fc     --HOLE--

MODULE SUMMARY

       Module                        code   ro data   rw data
       ------                        ----   -------   -------
    .\
       main.obj                      1180   17        0      
       system_msp432p401r.obj        820    0         8      
       startup_msp432p401r_ccs.obj   14     228       0      
    +--+-----------------------------+------+---------+---------+
       Total:                        2014   245       8      
                                                             
    C:\Users\Patri\OneDrive\Desktop\ccs\tools\compiler\ti-cgt-arm_18.12.4.LTS\lib\rtsv7M4_T_le_v4SPD16_eabi.lib
       memcpy_t2.asm.obj             156    0         0      
       copy_decompress_lzss.c.obj    104    0         0      
       autoinit.c.obj                68     0         0      
       boot_cortex_m.c.obj           52     0         0      
       strlen.c.obj                  20     0         0      
       copy_decompress_none.c.obj    14     0         0      
       exit.c.obj                    4      0         0      
       pre_init.c.obj                4      0         0      
    +--+-----------------------------+------+---------+---------+
       Total:                        422    0         0      
                                                             
       Stack:                        0      0         1024   
       Linker Generated:             0      24        0      
    +--+-----------------------------+------+---------+---------+
       Grand Total:                  2436   269       1032   


LINKER GENERATED COPY TABLES

__TI_cinit_table @ 00000a90 records: 1, size/record: 8, table size: 8
	.data: load addr=00000a80, load size=00000008 bytes, run addr=20000000, run size=00000004 bytes, compression=lzss


LINKER GENERATED HANDLER TABLE

__TI_handler_table @ 00000a88 records: 2, size/record: 4, table size: 8
	index: 0, handler: __TI_decompress_lzss
	index: 1, handler: __TI_decompress_none


GLOBAL SYMBOLS: SORTED ALPHABETICALLY BY Name 

address   name                          
-------   ----                          
00000a5f  ADC14_IRQHandler              
00000a5f  AES256_IRQHandler             
00000a5f  BusFault_Handler              
00000a65  C$$EXIT                       
00000a5f  COMP_E0_IRQHandler            
00000a5f  COMP_E1_IRQHandler            
00000a5f  CS_IRQHandler                 
00000a5f  DMA_ERR_IRQHandler            
00000a5f  DMA_INT0_IRQHandler           
00000a5f  DMA_INT1_IRQHandler           
00000a5f  DMA_INT2_IRQHandler           
00000a5f  DMA_INT3_IRQHandler           
00000a5f  DebugMon_Handler              
00000a5f  Default_Handler               
00000a5f  EUSCIA0_IRQHandler            
00000a5f  EUSCIA1_IRQHandler            
00000a5f  EUSCIA2_IRQHandler            
00000a5f  EUSCIA3_IRQHandler            
00000a5f  EUSCIB0_IRQHandler            
00000a5f  EUSCIB1_IRQHandler            
00000a5f  EUSCIB2_IRQHandler            
00000a5f  EUSCIB3_IRQHandler            
00000a5f  FLCTL_IRQHandler              
00000a5f  FPU_IRQHandler                
00000a5f  HardFault_Handler             
000003c3  LCD_init                      
00000a5f  MemManage_Handler             
00000a5f  NMI_Handler                   
00000a5f  PCM_IRQHandler                
00000a5f  PORT1_IRQHandler              
00000a5f  PORT2_IRQHandler              
00000a5f  PORT3_IRQHandler              
00000a5f  PORT4_IRQHandler              
00000a5f  PORT5_IRQHandler              
00000a5f  PORT6_IRQHandler              
00000a5f  PSS_IRQHandler                
00000a5f  PendSV_Handler                
00000175  PulseEnablePin                
00000a5f  RTC_C_IRQHandler              
00000a53  Reset_Handler                 
00000a5f  SVC_Handler                   
00000a5f  SysTick_Handler               
20000000  SystemCoreClock               
00000581  SystemCoreClockUpdate         
000007f9  SystemInit                    
00000a5f  T32_INT1_IRQHandler           
00000a5f  T32_INT2_IRQHandler           
00000a5f  T32_INTC_IRQHandler           
00000a5f  TA0_0_IRQHandler              
00000a5f  TA0_N_IRQHandler              
00000a5f  TA1_0_IRQHandler              
00000a5f  TA1_N_IRQHandler              
00000a5f  TA2_0_IRQHandler              
00000a5f  TA2_N_IRQHandler              
00000a5f  TA3_0_IRQHandler              
00000a5f  TA3_N_IRQHandler              
00000a5f  UsageFault_Handler            
4000480c  WDTCTL_SYM                    
00000a5f  WDT_A_IRQHandler              
20010000  __STACK_END                   
00000200  __STACK_SIZE                  
00000a90  __TI_CINIT_Base               
00000a98  __TI_CINIT_Limit              
00000a88  __TI_Handler_Table_Base       
00000a90  __TI_Handler_Table_Limit      
000009b9  __TI_auto_init_nobinit_nopinit
00000951  __TI_decompress_lzss          
00000a45  __TI_decompress_none          
ffffffff  __TI_pprof_out_hndl           
ffffffff  __TI_prof_data_size           
ffffffff  __TI_prof_data_start          
00000000  __TI_static_base__            
000008b5  __aeabi_memcpy                
000008b5  __aeabi_memcpy4               
000008b5  __aeabi_memcpy8               
ffffffff  __binit__                     
ffffffff  __c_args__                    
UNDEFED   __mpu_init                    
2000fe00  __stack                       
000009fd  _c_int00_noargs               
UNDEFED   _system_post_cinit            
00000a61  _system_pre_init              
00000a65  abort                         
ffffffff  binit                         
0000012b  delay_micro                   
0000014f  delay_ms                      
00000000  interruptVectors              
0000042d  main                          
000008b5  memcpy                        
0000028d  phase1                        
00000329  phase2                        
000000e5  port4_init                    
00000237  print_string                  
000001cb  pushByte                      
000001a3  pushNibble                    
0000025f  ret                           
00000a31  strlen                        
0000010f  systick_init                  
00000203  write_command                 
0000021d  write_data                    


GLOBAL SYMBOLS: SORTED BY Symbol Address 

address   name                          
-------   ----                          
00000000  __TI_static_base__            
00000000  interruptVectors              
000000e5  port4_init                    
0000010f  systick_init                  
0000012b  delay_micro                   
0000014f  delay_ms                      
00000175  PulseEnablePin                
000001a3  pushNibble                    
000001cb  pushByte                      
00000200  __STACK_SIZE                  
00000203  write_command                 
0000021d  write_data                    
00000237  print_string                  
0000025f  ret                           
0000028d  phase1                        
00000329  phase2                        
000003c3  LCD_init                      
0000042d  main                          
00000581  SystemCoreClockUpdate         
000007f9  SystemInit                    
000008b5  __aeabi_memcpy                
000008b5  __aeabi_memcpy4               
000008b5  __aeabi_memcpy8               
000008b5  memcpy                        
00000951  __TI_decompress_lzss          
000009b9  __TI_auto_init_nobinit_nopinit
000009fd  _c_int00_noargs               
00000a31  strlen                        
00000a45  __TI_decompress_none          
00000a53  Reset_Handler                 
00000a5f  ADC14_IRQHandler              
00000a5f  AES256_IRQHandler             
00000a5f  BusFault_Handler              
00000a5f  COMP_E0_IRQHandler            
00000a5f  COMP_E1_IRQHandler            
00000a5f  CS_IRQHandler                 
00000a5f  DMA_ERR_IRQHandler            
00000a5f  DMA_INT0_IRQHandler           
00000a5f  DMA_INT1_IRQHandler           
00000a5f  DMA_INT2_IRQHandler           
00000a5f  DMA_INT3_IRQHandler           
00000a5f  DebugMon_Handler              
00000a5f  Default_Handler               
00000a5f  EUSCIA0_IRQHandler            
00000a5f  EUSCIA1_IRQHandler            
00000a5f  EUSCIA2_IRQHandler            
00000a5f  EUSCIA3_IRQHandler            
00000a5f  EUSCIB0_IRQHandler            
00000a5f  EUSCIB1_IRQHandler            
00000a5f  EUSCIB2_IRQHandler            
00000a5f  EUSCIB3_IRQHandler            
00000a5f  FLCTL_IRQHandler              
00000a5f  FPU_IRQHandler                
00000a5f  HardFault_Handler             
00000a5f  MemManage_Handler             
00000a5f  NMI_Handler                   
00000a5f  PCM_IRQHandler                
00000a5f  PORT1_IRQHandler              
00000a5f  PORT2_IRQHandler              
00000a5f  PORT3_IRQHandler              
00000a5f  PORT4_IRQHandler              
00000a5f  PORT5_IRQHandler              
00000a5f  PORT6_IRQHandler              
00000a5f  PSS_IRQHandler                
00000a5f  PendSV_Handler                
00000a5f  RTC_C_IRQHandler              
00000a5f  SVC_Handler                   
00000a5f  SysTick_Handler               
00000a5f  T32_INT1_IRQHandler           
00000a5f  T32_INT2_IRQHandler           
00000a5f  T32_INTC_IRQHandler           
00000a5f  TA0_0_IRQHandler              
00000a5f  TA0_N_IRQHandler              
00000a5f  TA1_0_IRQHandler              
00000a5f  TA1_N_IRQHandler              
00000a5f  TA2_0_IRQHandler              
00000a5f  TA2_N_IRQHandler              
00000a5f  TA3_0_IRQHandler              
00000a5f  TA3_N_IRQHandler              
00000a5f  UsageFault_Handler            
00000a5f  WDT_A_IRQHandler              
00000a61  _system_pre_init              
00000a65  C$$EXIT                       
00000a65  abort                         
00000a88  __TI_Handler_Table_Base       
00000a90  __TI_CINIT_Base               
00000a90  __TI_Handler_Table_Limit      
00000a98  __TI_CINIT_Limit              
20000000  SystemCoreClock               
2000fe00  __stack                       
20010000  __STACK_END                   
4000480c  WDTCTL_SYM                    
ffffffff  __TI_pprof_out_hndl           
ffffffff  __TI_prof_data_size           
ffffffff  __TI_prof_data_start          
ffffffff  __binit__                     
ffffffff  __c_args__                    
ffffffff  binit                         
UNDEFED   __mpu_init                    
UNDEFED   _system_post_cinit            

[100 symbols]
